{
  "gate": "wf4-canonical-master-set-registry-alpha26",
  "schemaVersion": "0.26.24",
  "persistedVehicleTruthIndex": true,
  "canonicalViews": 3,
  "sharedReferencePackManifest": true,
  "f34CandidateVisible": true,
  "sideSourceGapRetained": true,
  "crossViewReviewerApprovalProductionVisibility": true,
  "systemManagedWriteProtected": true,
  "referenceDriftStalesRegistry": true,
  "resyncSurfacesProvenanceDrift": true,
  "readinessExposesRegistry": true,
  "sharedBrowserServerBackbone": true,
  "visualPromotion": false,
  "policy": "REFERENCE_BACKED_APPROVED_VISUALS_ONLY",
  "status": "pass"
}
(node:1065) ExperimentalWarning: SQLite is an experimental feature and might change at any time
(Use `node --trace-warnings ...` to show where the warning was created)
