
> pro4x4-rig-builder-merged-alpha26@0.26.15 test
> node tests/smoke-alpha12.js && node tests/server-contract-alpha12.js && node tests/client-journey-alpha12.js && node tests/security-alpha12.js && node tests/hosted-alpha13.js && node tests/asset-registry-alpha14.js && node tests/asset-ingestion-alpha15.js && node tests/asset-vault-alpha16.js && node tests/asset-vault-lifecycle-alpha17.js && node tests/asset-version-lineage-alpha18.js && node tests/asset-delivery-storage-alpha19.js && node tests/render-resolver-alpha20.js && node tests/render-contract-alpha21.js && node tests/render-state-telemetry-alpha22.js && node tests/render-readiness-alpha23.js && node tests/merged-alpha23.js && node tests/merged-project-handoff-alpha24.js && node tests/multi-vehicle-pipeline-alpha24.js && node tests/parallel-workstreams-alpha25.js && node tests/alpha26-parallel-visual-governance.js && node tests/alpha26-parallel-push02.js && node tests/alpha26-wf4-persisted-visual-governance.js && node tests/wf1-save-share-integrity-alpha26.js && node tests/wf3-y62-f34-candidate-alpha26.js && node tests/alpha26-parallel-push03.js && node tests/alpha26-parallel-push04.js && node tests/alpha26-parallel-push05.js && node tests/alpha26-wf4-review-evidence-visibility.js && node tests/wf4-production-review-gate-alpha26.js && node tests/wf4-canonical-view-registry-alpha26.js && node tests/wf4-reference-intake-alpha26.js && node tests/wf4-catalogue-governance-alpha26.js && node tests/wf2-ranger-catalogue-alpha26.js && node tests/wf2-ranger-support-components-alpha26.js && node tests/wf3-y62-f34-transparent-candidate-alpha26.js && node tests/wf4-project-quote-lineage-alpha26.js && node tests/wf4-project-quote-lineage-endpoint-alpha26.js && node tests/wf4-audit-production-controls-alpha26.js && node tests/wf4-canonical-review-evidence-alpha26.js && node tests/wf4-render-readiness-assessment-alpha26.js && node tests/wf4-reference-pack-registry-alpha26.js && node tests/wf4-canonical-candidate-handoff-alpha26.js && node tests/wf4-canonical-governance-dossier-alpha26.js

{
  "quotes": 1,
  "catalogueAccessories": 11,
  "auditEvents": 3,
  "seedReport": {
    "catalogues": 1,
    "quotes": 0,
    "projects": 0,
    "errors": []
  },
  "projectId": "P4X4-PROJ-20260913-MLMBAFAV",
  "shareStoredAsHash": true
}
(node:3109) ExperimentalWarning: SQLite is an experimental feature and might change at any time
(Use `node --trace-warnings ...` to show where the warning was created)
{"ts":"2026-09-13T21:41:56.094Z","level":"info","service":"pro4x4-rig-builder","env":"development","event":"request.complete","requestId":"REQ-MU0CAARE-9QKFQV","method":"GET","path":"/api/v1/health","status":200,"durationMs":4,"fingerprint":"1049becf6f27b9b2"}
{"ts":"2026-09-13T21:41:56.112Z","level":"info","service":"pro4x4-rig-builder","env":"development","event":"request.complete","requestId":"REQ-MU0CAARZ-FUC7ZF","method":"GET","path":"/api/v1/catalogue/nissan-y62-warrior-2025","status":200,"durationMs":1,"fingerprint":"1049becf6f27b9b2"}
{"ts":"2026-09-13T21:41:56.127Z","level":"info","service":"pro4x4-rig-builder","env":"development","event":"request.complete","requestId":"REQ-MU0CAASA-1PBH9Y","method":"POST","path":"/api/v1/builds","status":201,"durationMs":5,"fingerprint":"1049becf6f27b9b2"}
{"ts":"2026-09-13T21:41:56.129Z","level":"info","service":"pro4x4-rig-builder","env":"development","event":"request.complete","requestId":"REQ-MU0CAASH-SDJ6CF","method":"GET","path":"/api/v1/staff/quotes","status":200,"durationMs":0,"fingerprint":"1049becf6f27b9b2"}
{"ts":"2026-09-13T21:41:56.132Z","level":"info","service":"pro4x4-rig-builder","env":"development","event":"request.complete","requestId":"REQ-MU0CAASK-CROUO0","method":"GET","path":"/api/v1/staff/quotes/P4X4-ALPHA11-CONTRACT","status":200,"durationMs":0,"fingerprint":"1049becf6f27b9b2"}
{"ts":"2026-09-13T21:41:56.143Z","level":"info","service":"pro4x4-rig-builder","env":"development","event":"request.complete","requestId":"REQ-MU0CAASU-0B1ZO8","method":"PATCH","path":"/api/v1/staff/settings/quote","status":200,"durationMs":1,"fingerprint":"1049becf6f27b9b2"}
{"ts":"2026-09-13T21:41:56.145Z","level":"info","service":"pro4x4-rig-builder","env":"development","event":"request.complete","requestId":"REQ-MU0CAASW-E3MLGL","method":"POST","path":"/api/v1/staff/quotes/P4X4-ALPHA11-CONTRACT/finalise","status":200,"durationMs":1,"fingerprint":"1049becf6f27b9b2"}
{"ts":"2026-09-13T21:41:56.152Z","level":"info","service":"pro4x4-rig-builder","env":"development","event":"request.complete","requestId":"REQ-MU0CAAT2-ESQ1PI","method":"PUT","path":"/api/v1/staff/catalogue/nissan-y62-warrior-2025/draft","status":200,"durationMs":2,"fingerprint":"1049becf6f27b9b2"}
{"ts":"2026-09-13T21:41:56.158Z","level":"info","service":"pro4x4-rig-builder","env":"development","event":"request.complete","requestId":"REQ-MU0CAAT9-GP1R9L","method":"GET","path":"/api/v1/staff/catalogue/nissan-y62-warrior-2025/draft","status":200,"durationMs":1,"fingerprint":"1049becf6f27b9b2"}
{"ts":"2026-09-13T21:41:56.164Z","level":"info","service":"pro4x4-rig-builder","env":"development","event":"request.complete","requestId":"REQ-MU0CAATF-E153H6","method":"DELETE","path":"/api/v1/staff/catalogue/nissan-y62-warrior-2025/draft","status":204,"durationMs":0,"fingerprint":"1049becf6f27b9b2"}
{"ts":"2026-09-13T21:41:56.172Z","level":"info","service":"pro4x4-rig-builder","env":"development","event":"request.complete","requestId":"REQ-MU0CAATJ-K7WH46","method":"POST","path":"/api/v1/projects/P4X4-PROJ-CONTRACT/revisions","status":201,"durationMs":5,"fingerprint":"1049becf6f27b9b2"}
{"ts":"2026-09-13T21:41:56.181Z","level":"info","service":"pro4x4-rig-builder","env":"development","event":"request.complete","requestId":"REQ-MU0CAATW-QTKZON","method":"GET","path":"/api/v1/projects","status":200,"durationMs":1,"fingerprint":"1049becf6f27b9b2"}
{"ts":"2026-09-13T21:41:56.188Z","level":"info","service":"pro4x4-rig-builder","env":"development","event":"request.complete","requestId":"REQ-MU0CAAU0-8ENYF8","method":"POST","path":"/api/v1/projects/P4X4-PROJ-CONTRACT/revisions","status":201,"durationMs":4,"fingerprint":"1049becf6f27b9b2"}
{"ts":"2026-09-13T21:41:56.190Z","level":"error","service":"pro4x4-rig-builder","env":"development","event":"request.error","requestId":"REQ-MU0CAAU6-UUI1Q3","method":"POST","path":"/api/v1/projects/P4X4-PROJ-CONTRACT/revisions","status":409,"code":"version_conflict","fingerprint":"1049becf6f27b9b2"}
{"ts":"2026-09-13T21:41:56.190Z","level":"info","service":"pro4x4-rig-builder","env":"development","event":"request.complete","requestId":"REQ-MU0CAAU6-UUI1Q3","method":"POST","path":"/api/v1/projects/P4X4-PROJ-CONTRACT/revisions","status":409,"durationMs":1,"fingerprint":"1049becf6f27b9b2"}
{"ts":"2026-09-13T21:41:56.194Z","level":"info","service":"pro4x4-rig-builder","env":"development","event":"request.complete","requestId":"REQ-MU0CAAU9-0LW2RZ","method":"PUT","path":"/api/v1/projects/P4X4-PROJ-CONTRACT/current-revision","status":200,"durationMs":1,"fingerprint":"1049becf6f27b9b2"}
{"ts":"2026-09-13T21:41:56.202Z","level":"info","service":"pro4x4-rig-builder","env":"development","event":"request.complete","requestId":"REQ-MU0CAAUH-RJFTMY","method":"POST","path":"/api/v1/projects/P4X4-PROJ-CONTRACT/shares","status":201,"durationMs":1,"fingerprint":"1049becf6f27b9b2"}
{"ts":"2026-09-13T21:41:56.203Z","level":"info","service":"pro4x4-rig-builder","env":"development","event":"request.complete","requestId":"REQ-MU0CAAUI-6K13E7","method":"GET","path":"/api/v1/shares/EGPdenH9-grGeD2NDERNke9RHLUVtJWXui1bggEt_Qc","status":200,"durationMs":1,"fingerprint":"1049becf6f27b9b2"}
{"ts":"2026-09-13T21:41:56.210Z","level":"info","service":"pro4x4-rig-builder","env":"development","event":"request.complete","requestId":"REQ-MU0CAAUP-PDZCNV","method":"DELETE","path":"/api/v1/projects/P4X4-PROJ-CONTRACT/shares/82a366f6141332f74d774c8f15998c1c0c8f20331fcbab7a117cb750718b8504","status":204,"durationMs":1,"fingerprint":"1049becf6f27b9b2"}
{"ts":"2026-09-13T21:41:56.213Z","level":"info","service":"pro4x4-rig-builder","env":"development","event":"request.complete","requestId":"REQ-MU0CAAUT-1XT1CU","method":"GET","path":"/api/v1/shares/EGPdenH9-grGeD2NDERNke9RHLUVtJWXui1bggEt_Qc","status":404,"durationMs":0,"fingerprint":"1049becf6f27b9b2"}
{"ts":"2026-09-13T21:41:56.214Z","level":"error","service":"pro4x4-rig-builder","env":"development","event":"request.error","requestId":"REQ-MU0CAAUU-5XNUFJ","method":"GET","path":"/api/v1/projects/P4X4-PROJ-CONTRACT","status":403,"code":"forbidden","fingerprint":"1049becf6f27b9b2"}
{"ts":"2026-09-13T21:41:56.214Z","level":"info","service":"pro4x4-rig-builder","env":"development","event":"request.complete","requestId":"REQ-MU0CAAUU-5XNUFJ","method":"GET","path":"/api/v1/projects/P4X4-PROJ-CONTRACT","status":403,"durationMs":0,"fingerprint":"1049becf6f27b9b2"}
{"ts":"2026-09-13T21:41:56.223Z","level":"info","service":"pro4x4-rig-builder","env":"development","event":"request.complete","requestId":"REQ-MU0CAAV3-KG0QSZ","method":"GET","path":"/api/v1/projects","status":200,"durationMs":0,"fingerprint":"1049becf6f27b9b2"}
{"ts":"2026-09-13T21:41:56.224Z","level":"info","service":"pro4x4-rig-builder","env":"development","event":"request.complete","requestId":"REQ-MU0CAAV4-S5GXIA","method":"GET","path":"/api/v1/staff/audit?limit=500","status":200,"durationMs":1,"fingerprint":"1049becf6f27b9b2"}
{"ts":"2026-09-13T21:41:56.227Z","level":"error","service":"pro4x4-rig-builder","env":"development","event":"request.error","requestId":"REQ-MU0CAAV5-3NO2X0","method":"GET","path":"/api/v1/admin/backup","status":403,"code":"forbidden","fingerprint":"1049becf6f27b9b2"}
{"ts":"2026-09-13T21:41:56.227Z","level":"info","service":"pro4x4-rig-builder","env":"development","event":"request.complete","requestId":"REQ-MU0CAAV5-3NO2X0","method":"GET","path":"/api/v1/admin/backup","status":403,"durationMs":2,"fingerprint":"1049becf6f27b9b2"}
{"ts":"2026-09-13T21:41:56.239Z","level":"info","service":"pro4x4-rig-builder","env":"development","event":"request.complete","requestId":"REQ-MU0CAAVC-C4M9X5","method":"GET","path":"/api/v1/admin/backup","status":200,"durationMs":7,"fingerprint":"1049becf6f27b9b2"}
{"ts":"2026-09-13T21:41:56.248Z","level":"info","service":"pro4x4-rig-builder","env":"development","event":"request.complete","requestId":"REQ-MU0CAAVO-J30CKW","method":"PATCH","path":"/api/v1/staff/settings/quote","status":200,"durationMs":4,"fingerprint":"1049becf6f27b9b2"}
{"ts":"2026-09-13T21:41:56.259Z","level":"info","service":"pro4x4-rig-builder","env":"development","event":"request.complete","requestId":"REQ-MU0CAAVU-LM80T1","method":"POST","path":"/api/v1/admin/backup/restore","status":200,"durationMs":9,"fingerprint":"1049becf6f27b9b2"}
{"ts":"2026-09-13T21:41:56.264Z","level":"info","service":"pro4x4-rig-builder","env":"development","event":"request.complete","requestId":"REQ-MU0CAAW8-01TZI3","method":"GET","path":"/api/v1/staff/settings/quote","status":200,"durationMs":0,"fingerprint":"1049becf6f27b9b2"}
{"ts":"2026-09-13T21:41:56.265Z","level":"info","service":"pro4x4-rig-builder","env":"development","event":"request.complete","requestId":"REQ-MU0CAAW9-1BMCPZ","method":"GET","path":"/sales.html","status":200,"durationMs":0,"fingerprint":"1049becf6f27b9b2"}
{"ts":"2026-09-13T21:41:56.268Z","level":"info","service":"pro4x4-rig-builder","env":"development","event":"request.complete","requestId":"REQ-MU0CAAWB-QNQRMI","method":"GET","path":"/api/v1/staff/audit?limit=500","status":200,"durationMs":1,"fingerprint":"1049becf6f27b9b2"}
{
  "schemaVersion": "0.12.0",
  "catalogueAccessories": 11,
  "quotes": 1,
  "projectRevision": "R0001",
  "projectList": true,
  "restoreRevision": true,
  "ownerIsolation": true,
  "auditEvents": 35,
  "backupTables": [
    "quotes",
    "catalogueRevisions",
    "projects",
    "shares",
    "auditEvents"
  ],
  "httpStatic": true
}
(node:3116) ExperimentalWarning: SQLite is an experimental feature and might change at any time
(Use `node --trace-warnings ...` to show where the warning was created)
{"ts":"2026-09-13T21:41:56.409Z","level":"info","service":"pro4x4-rig-builder","env":"development","event":"request.complete","requestId":"REQ-MU0CAB05-C7IA4X","method":"GET","path":"/api/v1/catalogue/nissan-y62-warrior-2025","status":200,"durationMs":4,"fingerprint":"1049becf6f27b9b2"}
{"ts":"2026-09-13T21:41:56.425Z","level":"info","service":"pro4x4-rig-builder","env":"development","event":"request.complete","requestId":"REQ-MU0CAB0N-W5TBUP","method":"POST","path":"/api/v1/projects/P4X4-PROJ-CLIENT-1789335716416/revisions","status":201,"durationMs":2,"fingerprint":"1049becf6f27b9b2"}
{"ts":"2026-09-13T21:41:56.427Z","level":"info","service":"pro4x4-rig-builder","env":"development","event":"request.complete","requestId":"REQ-MU0CAB0R-BSCNNV","method":"GET","path":"/api/v1/projects","status":200,"durationMs":1,"fingerprint":"1049becf6f27b9b2"}
{"ts":"2026-09-13T21:41:56.437Z","level":"info","service":"pro4x4-rig-builder","env":"development","event":"request.complete","requestId":"REQ-MU0CAB0Y-JZM5BR","method":"POST","path":"/api/v1/projects/P4X4-PROJ-CLIENT-1789335716416/shares","status":201,"durationMs":3,"fingerprint":"1049becf6f27b9b2"}
{"ts":"2026-09-13T21:41:56.443Z","level":"info","service":"pro4x4-rig-builder","env":"development","event":"request.complete","requestId":"REQ-MU0CAB16-ONT00Q","method":"GET","path":"/api/v1/shares/3Ko0OvEkA-ENA7eCFR3Jf-0CvKKe9LTslokkDPqYPa0","status":200,"durationMs":1,"fingerprint":"1049becf6f27b9b2"}
{"ts":"2026-09-13T21:41:56.447Z","level":"info","service":"pro4x4-rig-builder","env":"development","event":"request.complete","requestId":"REQ-MU0CAB1A-IMQ0CC","method":"POST","path":"/api/v1/builds","status":201,"durationMs":2,"fingerprint":"1049becf6f27b9b2"}
{"ts":"2026-09-13T21:41:56.452Z","level":"info","service":"pro4x4-rig-builder","env":"development","event":"request.complete","requestId":"REQ-MU0CAB1E-SWO2CR","method":"PATCH","path":"/api/v1/staff/quotes/P4X4-CLIENT-1789335716416","status":200,"durationMs":2,"fingerprint":"1049becf6f27b9b2"}
{"ts":"2026-09-13T21:41:56.456Z","level":"info","service":"pro4x4-rig-builder","env":"development","event":"request.complete","requestId":"REQ-MU0CAB1J-SX40Q4","method":"POST","path":"/api/v1/staff/quotes/P4X4-CLIENT-1789335716416/finalise","status":200,"durationMs":1,"fingerprint":"1049becf6f27b9b2"}
{"ts":"2026-09-13T21:41:56.462Z","level":"info","service":"pro4x4-rig-builder","env":"development","event":"request.complete","requestId":"REQ-MU0CAB1O-TNY8TH","method":"DELETE","path":"/api/v1/projects/P4X4-PROJ-CLIENT-1789335716416/shares/a771df673c68790c3e7c9f4ded2625c189e8e6901aa80e0db76a17584987cc3f","status":204,"durationMs":2,"fingerprint":"1049becf6f27b9b2"}
{
  "schemaVersion": "0.12.0",
  "client": "browser-adapter-vm",
  "backend": "http-server",
  "catalogueAccessories": 11,
  "projectRevision": "R0001",
  "workflow": [
    "save",
    "list",
    "share",
    "queue",
    "staff-review",
    "formal-quote"
  ],
  "quoteTotal": 500,
  "status": "pass"
}
(node:3123) ExperimentalWarning: SQLite is an experimental feature and might change at any time
(Use `node --trace-warnings ...` to show where the warning was created)
{"ts":"2026-09-13T21:41:56.677Z","level":"info","service":"pro4x4-rig-builder","env":"development","event":"request.complete","requestId":"REQ-MU0CAB7M-V7KPWU","method":"GET","path":"/api/v1/health","status":200,"durationMs":2,"fingerprint":"1049becf6f27b9b2"}
{"ts":"2026-09-13T21:41:56.691Z","level":"info","service":"pro4x4-rig-builder","env":"development","event":"request.complete","requestId":"REQ-MU0CAB82-MNGYAW","method":"GET","path":"/api/v1/auth/session","status":200,"durationMs":1,"fingerprint":"1049becf6f27b9b2"}
{"ts":"2026-09-13T21:41:56.695Z","level":"error","service":"pro4x4-rig-builder","env":"development","event":"request.error","requestId":"REQ-MU0CAB86-8C6CFK","method":"GET","path":"/api/v1/staff/quotes","status":403,"code":"forbidden","fingerprint":"1049becf6f27b9b2"}
{"ts":"2026-09-13T21:41:56.696Z","level":"info","service":"pro4x4-rig-builder","env":"development","event":"request.complete","requestId":"REQ-MU0CAB86-8C6CFK","method":"GET","path":"/api/v1/staff/quotes","status":403,"durationMs":2,"fingerprint":"1049becf6f27b9b2"}
{"ts":"2026-09-13T21:41:56.698Z","level":"error","service":"pro4x4-rig-builder","env":"development","event":"request.error","requestId":"REQ-MU0CAB89-Q6MYWM","method":"GET","path":"/api/v1/staff/quotes","status":403,"code":"forbidden","fingerprint":"1049becf6f27b9b2"}
{"ts":"2026-09-13T21:41:56.698Z","level":"info","service":"pro4x4-rig-builder","env":"development","event":"request.complete","requestId":"REQ-MU0CAB89-Q6MYWM","method":"GET","path":"/api/v1/staff/quotes","status":403,"durationMs":1,"fingerprint":"1049becf6f27b9b2"}
{"ts":"2026-09-13T21:41:56.704Z","level":"info","service":"pro4x4-rig-builder","env":"development","event":"request.complete","requestId":"REQ-MU0CAB8F-YBZ7K0","method":"POST","path":"/api/v1/auth/dev-login","status":201,"durationMs":1,"fingerprint":"1049becf6f27b9b2"}
{"ts":"2026-09-13T21:41:56.707Z","level":"info","service":"pro4x4-rig-builder","env":"development","event":"request.complete","requestId":"REQ-MU0CAB8I-7D7V68","method":"GET","path":"/api/v1/staff/quotes","status":200,"durationMs":1,"fingerprint":"1049becf6f27b9b2"}
{"ts":"2026-09-13T21:41:56.711Z","level":"error","service":"pro4x4-rig-builder","env":"development","event":"request.error","requestId":"REQ-MU0CAB8N-IAIH7W","method":"POST","path":"/api/v1/builds","status":403,"code":"origin_forbidden","fingerprint":"1049becf6f27b9b2"}
{"ts":"2026-09-13T21:41:56.712Z","level":"info","service":"pro4x4-rig-builder","env":"development","event":"request.complete","requestId":"REQ-MU0CAB8N-IAIH7W","method":"POST","path":"/api/v1/builds","status":403,"durationMs":1,"fingerprint":"1049becf6f27b9b2"}
{"ts":"2026-09-13T21:41:56.717Z","level":"error","service":"pro4x4-rig-builder","env":"development","event":"request.error","requestId":"REQ-MU0CAB8S-UWWXGQ","method":"POST","path":"/api/v1/builds","status":413,"code":"payload_too_large","fingerprint":"1049becf6f27b9b2"}
{"ts":"2026-09-13T21:41:56.717Z","level":"info","service":"pro4x4-rig-builder","env":"development","event":"request.complete","requestId":"REQ-MU0CAB8S-UWWXGQ","method":"POST","path":"/api/v1/builds","status":413,"durationMs":1,"fingerprint":"1049becf6f27b9b2"}
{"ts":"2026-09-13T21:41:56.720Z","level":"info","service":"pro4x4-rig-builder","env":"development","event":"request.complete","requestId":"REQ-MU0CAB8V-YEHKO2","method":"POST","path":"/api/v1/auth/logout","status":200,"durationMs":1,"fingerprint":"1049becf6f27b9b2"}
{"ts":"2026-09-13T21:41:56.724Z","level":"error","service":"pro4x4-rig-builder","env":"development","event":"request.error","requestId":"REQ-MU0CAB90-3TBFRF","method":"GET","path":"/api/v1/staff/quotes","status":403,"code":"forbidden","fingerprint":"1049becf6f27b9b2"}
{"ts":"2026-09-13T21:41:56.724Z","level":"info","service":"pro4x4-rig-builder","env":"development","event":"request.complete","requestId":"REQ-MU0CAB90-3TBFRF","method":"GET","path":"/api/v1/staff/quotes","status":403,"durationMs":1,"fingerprint":"1049becf6f27b9b2"}
{"ts":"2026-09-13T21:41:56.744Z","level":"info","service":"pro4x4-rig-builder","env":"development","event":"request.complete","requestId":"REQ-MU0CAB9J-Z0KTUA","method":"GET","path":"/api/v1/auth/session","status":200,"durationMs":1,"fingerprint":"1049becf6f27b9b2"}
{"ts":"2026-09-13T21:41:56.745Z","level":"info","service":"pro4x4-rig-builder","env":"development","event":"request.complete","requestId":"REQ-MU0CAB9L-ILHPAM","method":"GET","path":"/api/v1/auth/session","status":200,"durationMs":0,"fingerprint":"1049becf6f27b9b2"}
{"ts":"2026-09-13T21:41:56.747Z","level":"info","service":"pro4x4-rig-builder","env":"development","event":"request.complete","requestId":"REQ-MU0CAB9M-N943SV","method":"GET","path":"/api/v1/auth/session","status":200,"durationMs":1,"fingerprint":"1049becf6f27b9b2"}
{"ts":"2026-09-13T21:41:56.747Z","level":"error","service":"pro4x4-rig-builder","env":"development","event":"request.error","requestId":"REQ-MU0CAB9N-ITEUBK","method":"GET","path":"/api/v1/auth/session","status":429,"code":"rate_limited","fingerprint":"1049becf6f27b9b2"}
{"ts":"2026-09-13T21:41:56.747Z","level":"info","service":"pro4x4-rig-builder","env":"development","event":"request.complete","requestId":"REQ-MU0CAB9N-ITEUBK","method":"GET","path":"/api/v1/auth/session","status":429,"durationMs":0,"fingerprint":"1049becf6f27b9b2"}
{
  "schemaVersion": "0.12.0",
  "sessionCookie": true,
  "httpOnlyBoundary": true,
  "prototypeHeadersRejected": true,
  "ownerDefaultRole": "customer",
  "databaseMigration": 3,
  "securityHeaders": true,
  "crossOriginMutationBlocked": true,
  "bodyLimit": true,
  "rateLimit": true,
  "logoutRevocation": true,
  "status": "pass"
}
(node:3130) ExperimentalWarning: SQLite is an experimental feature and might change at any time
(Use `node --trace-warnings ...` to show where the warning was created)
{"ts":"2026-09-13T21:41:56.880Z","level":"info","service":"pro4x4-rig-builder","env":"development","event":"request.complete","requestId":"REQ-MU0CABD9-Q0PL2P","method":"GET","path":"/api/v1/ready","status":200,"durationMs":3,"fingerprint":"1049becf6f27b9b2"}
{"ts":"2026-09-13T21:41:56.892Z","level":"info","service":"pro4x4-rig-builder","env":"development","event":"request.complete","requestId":"REQ-MU0CABDO-G5OUQA","method":"GET","path":"/metrics","status":401,"durationMs":0,"fingerprint":"1049becf6f27b9b2"}
{"ts":"2026-09-13T21:41:56.896Z","level":"info","service":"pro4x4-rig-builder","env":"development","event":"request.complete","requestId":"REQ-MU0CABDR-X95NJS","method":"GET","path":"/metrics","status":200,"durationMs":1,"fingerprint":"1049becf6f27b9b2"}
{"ts":"2026-09-13T21:41:56.902Z","level":"info","service":"pro4x4-rig-builder","env":"development","event":"request.complete","requestId":"REQ-MU0CABDW-Y0X2SA","method":"GET","path":"/api/v1/auth/session","status":200,"durationMs":2,"fingerprint":"1049becf6f27b9b2"}
{"ts":"2026-09-13T21:41:56.905Z","level":"error","service":"pro4x4-rig-builder","env":"development","event":"request.error","requestId":"REQ-MU0CABE1-4221P2","method":"GET","path":"/api/v1/auth/session","status":401,"code":"invalid_gateway_signature","fingerprint":"1049becf6f27b9b2"}
{"ts":"2026-09-13T21:41:56.906Z","level":"info","service":"pro4x4-rig-builder","env":"development","event":"request.complete","requestId":"REQ-MU0CABE1-4221P2","method":"GET","path":"/api/v1/auth/session","status":401,"durationMs":1,"fingerprint":"1049becf6f27b9b2"}
Alpha 13 hosted readiness test passed
(node:3137) ExperimentalWarning: SQLite is an experimental feature and might change at any time
(Use `node --trace-warnings ...` to show where the warning was created)
{"ts":"2026-09-13T21:41:57.135Z","level":"info","service":"pro4x4-rig-builder","env":"development","event":"request.complete","requestId":"REQ-MU0CABKC-78GH4W","method":"GET","path":"/api/v1/ready","status":200,"durationMs":3,"fingerprint":"1049becf6f27b9b2"}
{"ts":"2026-09-13T21:41:57.147Z","level":"info","service":"pro4x4-rig-builder","env":"development","event":"request.complete","requestId":"REQ-MU0CABKP-EO6E9Z","method":"GET","path":"/api/v1/staff/render-assets?vehicleId=nissan-y62-warrior-2025","status":200,"durationMs":1,"fingerprint":"1049becf6f27b9b2"}
{"ts":"2026-09-13T21:41:57.161Z","level":"error","service":"pro4x4-rig-builder","env":"development","event":"request.error","requestId":"REQ-MU0CABL1-G71HH9","method":"PUT","path":"/api/v1/staff/render-assets/Y62-FRONT34-05-ELECTRICAL-FRONT","status":422,"code":"asset_gate_blocked","fingerprint":"1049becf6f27b9b2"}
{"ts":"2026-09-13T21:41:57.161Z","level":"info","service":"pro4x4-rig-builder","env":"development","event":"request.complete","requestId":"REQ-MU0CABL1-G71HH9","method":"PUT","path":"/api/v1/staff/render-assets/Y62-FRONT34-05-ELECTRICAL-FRONT","status":422,"durationMs":4,"fingerprint":"1049becf6f27b9b2"}
{"ts":"2026-09-13T21:41:57.167Z","level":"info","service":"pro4x4-rig-builder","env":"development","event":"request.complete","requestId":"REQ-MU0CABLA-OA5JPW","method":"PUT","path":"/api/v1/staff/render-assets/Y62-FRONT34-05-ELECTRICAL-FRONT","status":200,"durationMs":2,"fingerprint":"1049becf6f27b9b2"}
{"ts":"2026-09-13T21:41:57.172Z","level":"error","service":"pro4x4-rig-builder","env":"development","event":"request.error","requestId":"REQ-MU0CABLF-TJRPYB","method":"PUT","path":"/api/v1/staff/render-assets/Y62-FRONT34-05-ELECTRICAL-FRONT","status":422,"code":"asset_gate_blocked","fingerprint":"1049becf6f27b9b2"}
{"ts":"2026-09-13T21:41:57.173Z","level":"info","service":"pro4x4-rig-builder","env":"development","event":"request.complete","requestId":"REQ-MU0CABLF-TJRPYB","method":"PUT","path":"/api/v1/staff/render-assets/Y62-FRONT34-05-ELECTRICAL-FRONT","status":422,"durationMs":2,"fingerprint":"1049becf6f27b9b2"}
{"ts":"2026-09-13T21:41:57.179Z","level":"info","service":"pro4x4-rig-builder","env":"development","event":"request.complete","requestId":"REQ-MU0CABLJ-FOXL6W","method":"GET","path":"/api/v1/admin/backup","status":200,"durationMs":4,"fingerprint":"1049becf6f27b9b2"}
{"ts":"2026-09-13T21:41:57.188Z","level":"info","service":"pro4x4-rig-builder","env":"development","event":"request.complete","requestId":"REQ-MU0CABLV-8VJL6S","method":"GET","path":"/api/v1/staff/audit?entityType=render-asset&limit=100","status":200,"durationMs":1,"fingerprint":"1049becf6f27b9b2"}
{
  "alpha": 14,
  "assets": 22,
  "baseline": {
    "reference-only": 7,
    "asset-needed": 13,
    "blocked-fitment": 2
  },
  "productionGateReject": true,
  "candidatePromotion": true,
  "productionApprovalRequiresVault": true,
  "backupIncludesAssets": true,
  "migrationVersion": 5,
  "status": "pass"
}
(node:3144) ExperimentalWarning: SQLite is an experimental feature and might change at any time
(Use `node --trace-warnings ...` to show where the warning was created)
{"ts":"2026-09-13T21:41:57.358Z","level":"info","service":"pro4x4-rig-builder","env":"development","event":"request.complete","requestId":"REQ-MU0CABQJ-SFGUN0","method":"GET","path":"/api/v1/staff/render-assets?vehicleId=nissan-y62-warrior-2025","status":200,"durationMs":3,"fingerprint":"1049becf6f27b9b2"}
{"ts":"2026-09-13T21:41:57.375Z","level":"error","service":"pro4x4-rig-builder","env":"development","event":"request.error","requestId":"REQ-MU0CABR0-IL0CY4","method":"PUT","path":"/api/v1/staff/render-assets/Y62-FRONT34-05-ELECTRICAL-FRONT","status":422,"code":"asset_gate_blocked","fingerprint":"1049becf6f27b9b2"}
{"ts":"2026-09-13T21:41:57.375Z","level":"info","service":"pro4x4-rig-builder","env":"development","event":"request.complete","requestId":"REQ-MU0CABR0-IL0CY4","method":"PUT","path":"/api/v1/staff/render-assets/Y62-FRONT34-05-ELECTRICAL-FRONT","status":422,"durationMs":4,"fingerprint":"1049becf6f27b9b2"}
{"ts":"2026-09-13T21:41:57.382Z","level":"error","service":"pro4x4-rig-builder","env":"development","event":"request.error","requestId":"REQ-MU0CABR9-PQFA6B","method":"PUT","path":"/api/v1/staff/render-assets/Y62-FRONT34-05-ELECTRICAL-FRONT","status":422,"code":"asset_gate_blocked","fingerprint":"1049becf6f27b9b2"}
{"ts":"2026-09-13T21:41:57.382Z","level":"info","service":"pro4x4-rig-builder","env":"development","event":"request.complete","requestId":"REQ-MU0CABR9-PQFA6B","method":"PUT","path":"/api/v1/staff/render-assets/Y62-FRONT34-05-ELECTRICAL-FRONT","status":422,"durationMs":1,"fingerprint":"1049becf6f27b9b2"}
{
  "alpha": 15,
  "inspector": {
    "format": "PNG",
    "width": 1672,
    "height": 941,
    "referenceHasAlpha": false,
    "sha256": true
  },
  "cameraProfile": "Y62-F34-V1",
  "lockedCanvas": {
    "width": 1672,
    "height": 615
  },
  "serverDimensionGate": true,
  "productionApprovalRequiresVault": true,
  "status": "pass"
}
(node:3155) ExperimentalWarning: SQLite is an experimental feature and might change at any time
(Use `node --trace-warnings ...` to show where the warning was created)
{"ts":"2026-09-13T21:41:57.582Z","level":"info","service":"pro4x4-rig-builder","env":"development","event":"request.complete","requestId":"REQ-MU0CABWQ-ESUN82","method":"GET","path":"/api/v1/staff/render-assets?vehicleId=nissan-y62-warrior-2025","status":200,"durationMs":4,"fingerprint":"1049becf6f27b9b2"}
{"ts":"2026-09-13T21:41:57.619Z","level":"info","service":"pro4x4-rig-builder","env":"development","event":"request.complete","requestId":"REQ-MU0CABXG-0SFM1T","method":"PUT","path":"/api/v1/staff/render-assets/Y62-FRONT34-01-BASE/binary","status":201,"durationMs":15,"fingerprint":"1049becf6f27b9b2"}
{"ts":"2026-09-13T21:41:57.628Z","level":"info","service":"pro4x4-rig-builder","env":"development","event":"request.complete","requestId":"REQ-MU0CABY0-EZIBTJ","method":"PUT","path":"/api/v1/staff/render-assets/Y62-FRONT34-01-BASE","status":200,"durationMs":4,"fingerprint":"1049becf6f27b9b2"}
{"ts":"2026-09-13T21:41:57.633Z","level":"info","service":"pro4x4-rig-builder","env":"development","event":"request.complete","requestId":"REQ-MU0CABY7-VDKI9F","method":"GET","path":"/api/v1/render-assets/Y62-FRONT34-01-BASE/binary","status":200,"durationMs":2,"fingerprint":"1049becf6f27b9b2"}
{
  "alpha": 16,
  "vault": "content-addressed",
  "dimensions": "1672x615",
  "serverTransparencyVerified": true,
  "productionApproval": true,
  "publicImmutableBinary": true,
  "dbMigration": 5,
  "status": "pass"
}
(node:3162) ExperimentalWarning: SQLite is an experimental feature and might change at any time
(Use `node --trace-warnings ...` to show where the warning was created)
{"ts":"2026-09-13T21:41:57.829Z","level":"info","service":"pro4x4-rig-builder","env":"development","event":"request.complete","requestId":"REQ-MU0CAC36-G5R76N","method":"PUT","path":"/api/v1/staff/render-assets/Y62-FRONT34-01-BASE/binary","status":201,"durationMs":19,"fingerprint":"b07a760ab58004d3"}
{"ts":"2026-09-13T21:41:57.835Z","level":"info","service":"pro4x4-rig-builder","env":"development","event":"request.complete","requestId":"REQ-MU0CAC3T-C4GVNJ","method":"GET","path":"/api/v1/admin/asset-vault/status","status":200,"durationMs":2,"fingerprint":"b07a760ab58004d3"}
{"ts":"2026-09-13T21:41:57.849Z","level":"info","service":"pro4x4-rig-builder","env":"development","event":"request.complete","requestId":"REQ-MU0CAC3W-K664SQ","method":"GET","path":"/api/v1/admin/asset-vault/status","status":200,"durationMs":12,"fingerprint":"b07a760ab58004d3"}
{"ts":"2026-09-13T21:41:57.851Z","level":"info","service":"pro4x4-rig-builder","env":"development","event":"request.complete","requestId":"REQ-MU0CAC4A-XQ8FX9","method":"POST","path":"/api/v1/admin/asset-vault/gc","status":200,"durationMs":1,"fingerprint":"b07a760ab58004d3"}
{"ts":"2026-09-13T21:41:57.854Z","level":"info","service":"pro4x4-rig-builder","env":"development","event":"request.complete","requestId":"REQ-MU0CAC4C-LNGY63","method":"POST","path":"/api/v1/admin/asset-vault/gc","status":200,"durationMs":2,"fingerprint":"b07a760ab58004d3"}
{"ts":"2026-09-13T21:41:57.859Z","level":"info","service":"pro4x4-rig-builder","env":"development","event":"request.complete","requestId":"REQ-MU0CAC4F-ZLVDUU","method":"GET","path":"/api/v1/admin/backup","status":200,"durationMs":4,"fingerprint":"b07a760ab58004d3"}
{"ts":"2026-09-13T21:41:57.863Z","level":"info","service":"pro4x4-rig-builder","env":"development","event":"request.complete","requestId":"REQ-MU0CAC4M-0XFHJJ","method":"GET","path":"/api/v1/admin/asset-vault/status","status":200,"durationMs":1,"fingerprint":"b07a760ab58004d3"}
Alpha 17 vault lifecycle: PASS · integrity, orphan dry-run/GC, backup manifest, corruption detection
(node:3169) ExperimentalWarning: SQLite is an experimental feature and might change at any time
(Use `node --trace-warnings ...` to show where the warning was created)
{"ts":"2026-09-13T21:41:58.036Z","level":"info","service":"pro4x4-rig-builder","env":"development","event":"request.complete","requestId":"REQ-MU0CAC8V-UDNV65","method":"PUT","path":"/api/v1/staff/render-assets/Y62-FRONT34-01-BASE/binary","status":201,"durationMs":20,"fingerprint":"b07a760ab58004d3"}
{"ts":"2026-09-13T21:41:58.044Z","level":"info","service":"pro4x4-rig-builder","env":"development","event":"request.complete","requestId":"REQ-MU0CAC9K-N7VYAH","method":"PUT","path":"/api/v1/staff/render-assets/Y62-FRONT34-01-BASE","status":200,"durationMs":3,"fingerprint":"b07a760ab58004d3"}
{"ts":"2026-09-13T21:41:58.046Z","level":"info","service":"pro4x4-rig-builder","env":"development","event":"request.complete","requestId":"REQ-MU0CAC9P-E4YJ6H","method":"GET","path":"/api/v1/render-assets/Y62-FRONT34-01-BASE/binary","status":200,"durationMs":1,"fingerprint":"b07a760ab58004d3"}
{"ts":"2026-09-13T21:41:58.054Z","level":"info","service":"pro4x4-rig-builder","env":"development","event":"request.complete","requestId":"REQ-MU0CAC9S-4NBCCE","method":"POST","path":"/api/v1/staff/render-assets/Y62-FRONT34-01-BASE/versions","status":201,"durationMs":6,"fingerprint":"b07a760ab58004d3"}
{"ts":"2026-09-13T21:41:58.056Z","level":"info","service":"pro4x4-rig-builder","env":"development","event":"request.complete","requestId":"REQ-MU0CAC9Z-W0OGU1","method":"GET","path":"/api/v1/render-assets/Y62-FRONT34-01-BASE/binary","status":200,"durationMs":1,"fingerprint":"b07a760ab58004d3"}
{"ts":"2026-09-13T21:41:58.058Z","level":"info","service":"pro4x4-rig-builder","env":"development","event":"request.complete","requestId":"REQ-MU0CACA1-UYBD1T","method":"GET","path":"/api/v1/staff/render-assets/Y62-FRONT34-01-BASE/versions","status":200,"durationMs":1,"fingerprint":"b07a760ab58004d3"}
{"ts":"2026-09-13T21:41:58.061Z","level":"info","service":"pro4x4-rig-builder","env":"development","event":"request.complete","requestId":"REQ-MU0CACA3-095YN9","method":"PUT","path":"/api/v1/staff/render-assets/Y62-FRONT34-01-BASE/versions/Y62-FRONT34-01-BASE-V0002","status":200,"durationMs":2,"fingerprint":"b07a760ab58004d3"}
{"ts":"2026-09-13T21:41:58.064Z","level":"info","service":"pro4x4-rig-builder","env":"development","event":"request.complete","requestId":"REQ-MU0CACA6-TYC61L","method":"POST","path":"/api/v1/staff/render-assets/Y62-FRONT34-01-BASE/versions/Y62-FRONT34-01-BASE-V0002/promote","status":200,"durationMs":2,"fingerprint":"b07a760ab58004d3"}
{"ts":"2026-09-13T21:41:58.067Z","level":"info","service":"pro4x4-rig-builder","env":"development","event":"request.complete","requestId":"REQ-MU0CACAA-MOJVVA","method":"GET","path":"/api/v1/render-assets/Y62-FRONT34-01-BASE/binary","status":200,"durationMs":1,"fingerprint":"b07a760ab58004d3"}
{"ts":"2026-09-13T21:41:58.069Z","level":"info","service":"pro4x4-rig-builder","env":"development","event":"request.complete","requestId":"REQ-MU0CACAD-NWOSO0","method":"GET","path":"/api/v1/staff/render-assets/Y62-FRONT34-01-BASE/versions","status":200,"durationMs":0,"fingerprint":"b07a760ab58004d3"}
{"ts":"2026-09-13T21:41:58.075Z","level":"info","service":"pro4x4-rig-builder","env":"development","event":"request.complete","requestId":"REQ-MU0CACAE-33WULW","method":"POST","path":"/api/v1/staff/render-assets/Y62-FRONT34-01-BASE/versions","status":201,"durationMs":4,"fingerprint":"b07a760ab58004d3"}
{"ts":"2026-09-13T21:41:58.076Z","level":"info","service":"pro4x4-rig-builder","env":"development","event":"request.complete","requestId":"REQ-MU0CACAJ-QU3JRX","method":"POST","path":"/api/v1/staff/render-assets/Y62-FRONT34-01-BASE/versions/Y62-FRONT34-01-BASE-V0003/reject","status":200,"durationMs":1,"fingerprint":"b07a760ab58004d3"}
{"ts":"2026-09-13T21:41:58.078Z","level":"info","service":"pro4x4-rig-builder","env":"development","event":"request.complete","requestId":"REQ-MU0CACAL-LEW2VD","method":"GET","path":"/api/v1/render-assets/Y62-FRONT34-01-BASE/binary","status":200,"durationMs":1,"fingerprint":"b07a760ab58004d3"}
{"ts":"2026-09-13T21:41:58.088Z","level":"info","service":"pro4x4-rig-builder","env":"development","event":"request.complete","requestId":"REQ-MU0CACAN-ITGKE1","method":"GET","path":"/api/v1/admin/asset-vault/status","status":200,"durationMs":10,"fingerprint":"b07a760ab58004d3"}
{"ts":"2026-09-13T21:41:58.090Z","level":"info","service":"pro4x4-rig-builder","env":"development","event":"request.complete","requestId":"REQ-MU0CACAX-MKI80F","method":"POST","path":"/api/v1/admin/asset-vault/gc","status":200,"durationMs":1,"fingerprint":"b07a760ab58004d3"}
{"ts":"2026-09-13T21:41:58.094Z","level":"info","service":"pro4x4-rig-builder","env":"development","event":"request.complete","requestId":"REQ-MU0CACAZ-U6HT5E","method":"GET","path":"/api/v1/admin/backup","status":200,"durationMs":3,"fingerprint":"b07a760ab58004d3"}
{"ts":"2026-09-13T21:41:58.101Z","level":"info","service":"pro4x4-rig-builder","env":"development","event":"request.complete","requestId":"REQ-MU0CACB6-HD7Q3R","method":"POST","path":"/api/v1/admin/backup/restore","status":200,"durationMs":4,"fingerprint":"b07a760ab58004d3"}
{"ts":"2026-09-13T21:41:58.102Z","level":"info","service":"pro4x4-rig-builder","env":"development","event":"request.complete","requestId":"REQ-MU0CACBA-N0IIVH","method":"GET","path":"/api/v1/staff/render-assets/Y62-FRONT34-01-BASE/versions","status":200,"durationMs":0,"fingerprint":"b07a760ab58004d3"}
{"ts":"2026-09-13T21:41:58.103Z","level":"info","service":"pro4x4-rig-builder","env":"development","event":"request.complete","requestId":"REQ-MU0CACBB-X97X1U","method":"GET","path":"/api/v1/render-assets/Y62-FRONT34-01-BASE/binary","status":200,"durationMs":0,"fingerprint":"b07a760ab58004d3"}
{
  "alpha": 18,
  "dbMigration": 5,
  "versionLineage": 3,
  "zeroDowntimeStaging": true,
  "atomicPromotion": true,
  "supersededBinaryRetained": true,
  "rejectedBinaryRetained": true,
  "vaultManifestHealthy": true,
  "backupRestoreLineage": true,
  "status": "pass"
}
(node:3176) ExperimentalWarning: SQLite is an experimental feature and might change at any time
(Use `node --trace-warnings ...` to show where the warning was created)
{"ts":"2026-09-13T21:41:58.261Z","level":"info","service":"pro4x4-rig-builder","env":"development","event":"request.complete","requestId":"REQ-MU0CACFC-ZOIMMW","method":"PUT","path":"/api/v1/staff/render-assets/Y62-FRONT34-01-BASE/binary","status":201,"durationMs":13,"fingerprint":"b07a760ab58004d3"}
{"ts":"2026-09-13T21:41:58.269Z","level":"info","service":"pro4x4-rig-builder","env":"development","event":"request.complete","requestId":"REQ-MU0CACFS-Z4DR1N","method":"PUT","path":"/api/v1/staff/render-assets/Y62-FRONT34-01-BASE","status":200,"durationMs":4,"fingerprint":"b07a760ab58004d3"}
{"ts":"2026-09-13T21:41:58.277Z","level":"info","service":"pro4x4-rig-builder","env":"development","event":"request.complete","requestId":"REQ-MU0CACFZ-YENLYS","method":"POST","path":"/api/v1/staff/render-assets/Y62-FRONT34-01-BASE/versions","status":201,"durationMs":6,"fingerprint":"b07a760ab58004d3"}
{"ts":"2026-09-13T21:41:58.279Z","level":"info","service":"pro4x4-rig-builder","env":"development","event":"request.complete","requestId":"REQ-MU0CACG6-ZGM8GF","method":"PUT","path":"/api/v1/staff/render-assets/Y62-FRONT34-01-BASE/versions/Y62-FRONT34-01-BASE-V0002","status":200,"durationMs":1,"fingerprint":"b07a760ab58004d3"}
{"ts":"2026-09-13T21:41:58.283Z","level":"info","service":"pro4x4-rig-builder","env":"development","event":"request.complete","requestId":"REQ-MU0CACG8-M46XC0","method":"POST","path":"/api/v1/staff/render-assets/Y62-FRONT34-01-BASE/versions/Y62-FRONT34-01-BASE-V0002/promote","status":200,"durationMs":2,"fingerprint":"b07a760ab58004d3"}
{"ts":"2026-09-13T21:41:58.286Z","level":"info","service":"pro4x4-rig-builder","env":"development","event":"request.complete","requestId":"REQ-MU0CACGD-NOIDAM","method":"GET","path":"/api/v1/staff/render-assets/Y62-FRONT34-01-BASE/versions/Y62-FRONT34-01-BASE-V0001/delivery","status":200,"durationMs":2,"fingerprint":"b07a760ab58004d3"}
{"ts":"2026-09-13T21:41:58.290Z","level":"info","service":"pro4x4-rig-builder","env":"development","event":"request.complete","requestId":"REQ-MU0CACGF-GF1FL9","method":"GET","path":"/api/v1/render-assets/version-delivery/eyJhc3NldElkIjoiWTYyLUZST05UMzQtMDEtQkFTRSIsInZlcnNpb25JZCI6Ilk2Mi1GUk9OVDM0LTAxLUJBU0UtVjAwMDEiLCJvYmplY3RLZXkiOiJzaGEyNTYvOTUvOTUxZTE1NDFkMzgzNDBkN2Q0MmFiMjg1NTI3ODAzMTMwNGVlZmMyNWFjYzI5OWUzY2QzODhmMzQyNWY1MmYzOC5wbmciLCJjaGVja3N1bVNoYTI1NiI6Ijk1MWUxNTQxZDM4MzQwZDdkNDJhYjI4NTUyNzgwMzEzMDRlZWZjMjVhY2MyOTllM2NkMzg4ZjM0MjVmNTJmMzgiLCJleHAiOjE3ODkzMzU4Mzh9.J6ZazChJf6hAts-ML1x3gSq61IBs94uMJ2EIa0gXaFI","status":200,"durationMs":3,"fingerprint":"b07a760ab58004d3"}
{"ts":"2026-09-13T21:41:58.293Z","level":"error","service":"pro4x4-rig-builder","env":"development","event":"request.error","requestId":"REQ-MU0CACGL-NKR1JG","method":"GET","path":"/api/v1/render-assets/version-delivery/eyJhc3NldElkIjoiWTYyLUZST05UMzQtMDEtQkFTRSIsInZlcnNpb25JZCI6Ilk2Mi1GUk9OVDM0LTAxLUJBU0UtVjAwMDEiLCJvYmplY3RLZXkiOiJzaGEyNTYvOTUvOTUxZTE1NDFkMzgzNDBkN2Q0MmFiMjg1NTI3ODAzMTMwNGVlZmMyNWFjYzI5OWUzY2QzODhmMzQyNWY1MmYzOC5wbmciLCJjaGVja3N1bVNoYTI1NiI6Ijk1MWUxNTQxZDM4MzQwZDdkNDJhYjI4NTUyNzgwMzEzMDRlZWZjMjVhY2MyOTllM2NkMzg4ZjM0MjVmNTJmMzgiLCJleHAiOjE3ODkzMzU4Mzh9.J6ZazChJf6hAts-ML1x3gSq61IBs94uMJ2EIa0gXaFA","status":403,"code":"asset_delivery_invalid","fingerprint":"b07a760ab58004d3"}
{"ts":"2026-09-13T21:41:58.294Z","level":"info","service":"pro4x4-rig-builder","env":"development","event":"request.complete","requestId":"REQ-MU0CACGL-NKR1JG","method":"GET","path":"/api/v1/render-assets/version-delivery/eyJhc3NldElkIjoiWTYyLUZST05UMzQtMDEtQkFTRSIsInZlcnNpb25JZCI6Ilk2Mi1GUk9OVDM0LTAxLUJBU0UtVjAwMDEiLCJvYmplY3RLZXkiOiJzaGEyNTYvOTUvOTUxZTE1NDFkMzgzNDBkN2Q0MmFiMjg1NTI3ODAzMTMwNGVlZmMyNWFjYzI5OWUzY2QzODhmMzQyNWY1MmYzOC5wbmciLCJjaGVja3N1bVNoYTI1NiI6Ijk1MWUxNTQxZDM4MzQwZDdkNDJhYjI4NTUyNzgwMzEzMDRlZWZjMjVhY2MyOTllM2NkMzg4ZjM0MjVmNTJmMzgiLCJleHAiOjE3ODkzMzU4Mzh9.J6ZazChJf6hAts-ML1x3gSq61IBs94uMJ2EIa0gXaFA","status":403,"durationMs":1,"fingerprint":"b07a760ab58004d3"}
{"ts":"2026-09-13T21:41:58.296Z","level":"info","service":"pro4x4-rig-builder","env":"development","event":"request.complete","requestId":"REQ-MU0CACGM-QYPCL9","method":"GET","path":"/api/v1/render-assets/Y62-FRONT34-01-BASE/binary","status":200,"durationMs":2,"fingerprint":"b07a760ab58004d3"}
{"ts":"2026-09-13T21:41:58.373Z","level":"info","service":"pro4x4-rig-builder","env":"development","event":"request.complete","requestId":"REQ-MU0CACHL-ADZHXH","method":"PUT","path":"/api/v1/staff/render-assets/Y62-FRONT34-01-BASE/binary","status":201,"durationMs":45,"fingerprint":"b07a760ab58004d3"}
{"ts":"2026-09-13T21:41:58.377Z","level":"info","service":"pro4x4-rig-builder","env":"development","event":"request.complete","requestId":"REQ-MU0CACIV-K1P1M8","method":"PUT","path":"/api/v1/staff/render-assets/Y62-FRONT34-01-BASE","status":200,"durationMs":2,"fingerprint":"b07a760ab58004d3"}
{"ts":"2026-09-13T21:41:58.390Z","level":"info","service":"pro4x4-rig-builder","env":"development","event":"request.complete","requestId":"REQ-MU0CACJ0-OJXJY8","method":"GET","path":"/api/v1/staff/render-assets/Y62-FRONT34-01-BASE/versions/Y62-FRONT34-01-BASE-V0001/delivery","status":200,"durationMs":10,"fingerprint":"b07a760ab58004d3"}
{"ts":"2026-09-13T21:41:58.394Z","level":"info","service":"pro4x4-rig-builder","env":"development","event":"request.complete","requestId":"REQ-MU0CACJE-DW6SSJ","method":"GET","path":"/api/v1/render-assets/Y62-FRONT34-01-BASE/binary","status":302,"durationMs":1,"fingerprint":"b07a760ab58004d3"}
{"ts":"2026-09-13T21:41:58.403Z","level":"info","service":"pro4x4-rig-builder","env":"development","event":"request.complete","requestId":"REQ-MU0CACJG-KZ4IGH","method":"GET","path":"/api/v1/admin/asset-vault/status","status":200,"durationMs":8,"fingerprint":"b07a760ab58004d3"}
{"ts":"2026-09-13T21:41:58.404Z","level":"info","service":"pro4x4-rig-builder","env":"development","event":"request.complete","requestId":"REQ-MU0CACJO-JHOGK9","method":"GET","path":"/asset-registry.html","status":200,"durationMs":0,"fingerprint":"b07a760ab58004d3"}
{
  "alpha": 19,
  "dbMigration": 5,
  "signedHistoricalDelivery": true,
  "tamperRejected": true,
  "productionPointerStable": true,
  "s3SigV4": true,
  "presignedHistoricalDelivery": true,
  "cdnProductionRedirect": true,
  "cdnCspAllowed": true,
  "remoteIntegrityScan": true,
  "noFakeProductionSeed": true,
  "status": "pass"
}
(node:3183) ExperimentalWarning: SQLite is an experimental feature and might change at any time
(Use `node --trace-warnings ...` to show where the warning was created)
{"ts":"2026-09-13T21:41:58.669Z","level":"info","service":"pro4x4-rig-builder","env":"development","event":"request.complete","requestId":"REQ-MU0CACQT-PEM807","method":"POST","path":"/api/v1/render/resolve","status":200,"durationMs":7,"fingerprint":"b07a760ab58004d3"}
{"ts":"2026-09-13T21:41:58.675Z","level":"info","service":"pro4x4-rig-builder","env":"development","event":"request.complete","requestId":"REQ-MU0CACR6-GDUMKA","method":"POST","path":"/api/v1/render/resolve","status":200,"durationMs":1,"fingerprint":"b07a760ab58004d3"}
{"ts":"2026-09-13T21:41:58.690Z","level":"info","service":"pro4x4-rig-builder","env":"development","event":"request.complete","requestId":"REQ-MU0CACR9-SMJM6O","method":"PUT","path":"/api/v1/staff/render-assets/Y62-FRONT34-01-BASE/binary","status":201,"durationMs":13,"fingerprint":"b07a760ab58004d3"}
{"ts":"2026-09-13T21:41:58.695Z","level":"info","service":"pro4x4-rig-builder","env":"development","event":"request.complete","requestId":"REQ-MU0CACRO-2Y2RZN","method":"PUT","path":"/api/v1/staff/render-assets/Y62-FRONT34-01-BASE","status":200,"durationMs":3,"fingerprint":"b07a760ab58004d3"}
{"ts":"2026-09-13T21:41:58.699Z","level":"info","service":"pro4x4-rig-builder","env":"development","event":"request.complete","requestId":"REQ-MU0CACRU-UIU3LS","method":"POST","path":"/api/v1/render/resolve","status":200,"durationMs":1,"fingerprint":"b07a760ab58004d3"}
{"ts":"2026-09-13T21:41:58.702Z","level":"info","service":"pro4x4-rig-builder","env":"development","event":"request.complete","requestId":"REQ-MU0CACRW-LVZIHM","method":"GET","path":"/api/v1/render-assets/Y62-FRONT34-01-BASE/binary?sha=ffadaa37ecaa9f6a91bc7c7df4bd78f18ab05b1be135b7de05d7784c09c65941","status":200,"durationMs":2,"fingerprint":"b07a760ab58004d3"}
{"ts":"2026-09-13T21:41:58.704Z","level":"info","service":"pro4x4-rig-builder","env":"development","event":"request.complete","requestId":"REQ-MU0CACRZ-00HQZ0","method":"GET","path":"/api/v1/render-assets/Y62-FRONT34-01-BASE/binary?sha=0000000000000000000000000000000000000000000000000000000000000000","status":409,"durationMs":1,"fingerprint":"b07a760ab58004d3"}
{
  "alpha": 20,
  "dbMigration": 5,
  "publicResolver": true,
  "states": [
    "available",
    "missing",
    "blocked"
  ],
  "exactSkuNoSubstitution": true,
  "checksumPinnedBinary": true,
  "customerReferenceFallback": "none",
  "partialStackSupported": true,
  "noFakeProductionSeed": true,
  "status": "pass"
}
Alpha 21 render contract: PASS
(node:3197) ExperimentalWarning: SQLite is an experimental feature and might change at any time
(Use `node --trace-warnings ...` to show where the warning was created)
{"ts":"2026-09-13T21:41:58.881Z","level":"info","service":"pro4x4-rig-builder","env":"development","event":"request.complete","requestId":"REQ-MU0CACWS-UGAYIY","method":"POST","path":"/api/v1/render/resolve","status":200,"durationMs":5,"fingerprint":"b07a760ab58004d3"}
{"ts":"2026-09-13T21:41:58.897Z","level":"info","service":"pro4x4-rig-builder","env":"development","event":"request.complete","requestId":"REQ-MU0CACX0-0YI7H2","method":"PUT","path":"/api/v1/staff/render-assets/Y62-FRONT34-01-BASE/binary","status":201,"durationMs":13,"fingerprint":"b07a760ab58004d3"}
{"ts":"2026-09-13T21:41:58.903Z","level":"info","service":"pro4x4-rig-builder","env":"development","event":"request.complete","requestId":"REQ-MU0CACXF-HNVFSV","method":"PUT","path":"/api/v1/staff/render-assets/Y62-FRONT34-01-BASE","status":200,"durationMs":4,"fingerprint":"b07a760ab58004d3"}
{"ts":"2026-09-13T21:41:58.911Z","level":"info","service":"pro4x4-rig-builder","env":"development","event":"request.complete","requestId":"REQ-MU0CACXP-QQZ7RL","method":"POST","path":"/api/v1/render/resolve","status":200,"durationMs":1,"fingerprint":"b07a760ab58004d3"}
{"ts":"2026-09-13T21:41:58.913Z","level":"info","service":"pro4x4-rig-builder","env":"development","event":"request.complete","requestId":"REQ-MU0CACXS-W3I92G","method":"POST","path":"/api/v1/render/telemetry","status":202,"durationMs":1,"fingerprint":"b07a760ab58004d3"}
{"ts":"2026-09-13T21:41:58.914Z","level":"info","service":"pro4x4-rig-builder","env":"development","event":"request.complete","requestId":"REQ-MU0CACXU-3B0W8Q","method":"GET","path":"/api/v1/staff/render-telemetry?vehicleId=nissan-y62-warrior-2025&viewId=front34&limit=10","status":200,"durationMs":1,"fingerprint":"b07a760ab58004d3"}
{
  "alpha": 22,
  "dbMigration": 6,
  "paintStateExactMatch": true,
  "wheelStateExactMatch": true,
  "validatedPaintsSelectable": 4,
  "loadRetryAttempts": 3,
  "telemetryPersisted": true,
  "staffTelemetry": true,
  "backupTelemetry": true,
  "noFallback": true,
  "noFakeProductionSeed": true,
  "status": "pass"
}
(node:3204) ExperimentalWarning: SQLite is an experimental feature and might change at any time
(Use `node --trace-warnings ...` to show where the warning was created)
{"ts":"2026-09-13T21:41:59.066Z","level":"info","service":"pro4x4-rig-builder","env":"development","event":"request.complete","requestId":"REQ-MU0CAD1W-X55QC5","method":"GET","path":"/api/v1/staff/render-readiness?vehicleId=nissan-y62-warrior-2025","status":200,"durationMs":5,"fingerprint":"b07a760ab58004d3"}
{"ts":"2026-09-13T21:41:59.084Z","level":"info","service":"pro4x4-rig-builder","env":"development","event":"request.complete","requestId":"REQ-MU0CAD2B-IC3TPJ","method":"POST","path":"/api/v1/staff/render-readiness/slots/sync","status":200,"durationMs":9,"fingerprint":"b07a760ab58004d3"}
{"ts":"2026-09-13T21:41:59.092Z","level":"info","service":"pro4x4-rig-builder","env":"development","event":"request.complete","requestId":"REQ-MU0CAD2O-46TBJG","method":"POST","path":"/api/v1/staff/render-readiness/slots/sync","status":200,"durationMs":5,"fingerprint":"b07a760ab58004d3"}
{
  "alpha": 23,
  "plannedCoreSlots": 15,
  "existingCoreSlots": 6,
  "createdAssetNeededSlots": 9,
  "idempotentSync": true,
  "productionReadySeed": 0,
  "readinessMatrix": true,
  "telemetryHealth": true,
  "noFakeLayerRule": true,
  "status": "pass"
}
merged-alpha23: PASS — 2 vehicles, original 20-product Ranger baseline preserved (39 current), Y62 Alpha 22 preserved
merged-project-handoff-alpha24: PASS — Ranger + Y62 use one immutable project/quote/share contract with no render fallback
multi-vehicle-pipeline-alpha24: PASS — both proof vehicles persist as immutable projects; Ranger queue handoff retains project lineage and fitment gate
(node:3225) ExperimentalWarning: SQLite is an experimental feature and might change at any time
(Use `node --trace-warnings ...` to show where the warning was created)
Alpha 25 parallel workstream governance verified.
Alpha 26 parallel visual governance: PASS
Alpha 26 parallel push 02: PASS
(node:3253) ExperimentalWarning: SQLite is an experimental feature and might change at any time
(Use `node --trace-warnings ...` to show where the warning was created)
{"ts":"2026-09-13T21:41:59.708Z","level":"info","service":"pro4x4-rig-builder","env":"development","event":"request.complete","requestId":"REQ-MU0CADJT-L11SUD","method":"GET","path":"/api/v1/staff/render-assets?vehicleId=nissan-y62-warrior-2025","status":200,"durationMs":3,"fingerprint":"1049becf6f27b9b2"}
{"ts":"2026-09-13T21:41:59.740Z","level":"info","service":"pro4x4-rig-builder","env":"development","event":"request.complete","requestId":"REQ-MU0CADKB-NCDZU1","method":"POST","path":"/api/v1/staff/visual-governance/sync","status":200,"durationMs":17,"fingerprint":"1049becf6f27b9b2"}
{"ts":"2026-09-13T21:41:59.745Z","level":"info","service":"pro4x4-rig-builder","env":"development","event":"request.complete","requestId":"REQ-MU0CADKV-LP7110","method":"GET","path":"/api/v1/staff/render-assets?vehicleId=nissan-y62-warrior-2025","status":200,"durationMs":1,"fingerprint":"1049becf6f27b9b2"}
{"ts":"2026-09-13T21:41:59.750Z","level":"info","service":"pro4x4-rig-builder","env":"development","event":"request.complete","requestId":"REQ-MU0CADL0-HB2C7G","method":"GET","path":"/api/v1/staff/render-assets/OWNER-Y62-F34-01/reference-source","status":200,"durationMs":2,"fingerprint":"1049becf6f27b9b2"}
{"ts":"2026-09-13T21:41:59.756Z","level":"info","service":"pro4x4-rig-builder","env":"development","event":"request.complete","requestId":"REQ-MU0CADL7-0W771Q","method":"GET","path":"/references/y62-owner/IMG_4030.jpeg","status":404,"durationMs":1,"fingerprint":"1049becf6f27b9b2"}
{"ts":"2026-09-13T21:41:59.764Z","level":"info","service":"pro4x4-rig-builder","env":"development","event":"request.complete","requestId":"REQ-MU0CADLB-JQHUC8","method":"POST","path":"/api/v1/staff/visual-governance/sync","status":200,"durationMs":5,"fingerprint":"1049becf6f27b9b2"}
{
  "alpha": "26-wf4",
  "package": "persisted-visual-governance",
  "initialAssets": 22,
  "persistedAssets": 34,
  "ownerReferences": 9,
  "canonicalMasterSlots": 3,
  "idempotentSync": true,
  "productionEligible": 0,
  "staffReferenceVisibility": true,
  "protectedReferenceDelivery": true,
  "status": "pass"
}
WF1 Alpha 26 save/share integrity: PASS
WF3 Y62 F34 candidate Alpha 26: PASS
Alpha 26 parallel push 03: PASS
(node:3274) ExperimentalWarning: SQLite is an experimental feature and might change at any time
(Use `node --trace-warnings ...` to show where the warning was created)
Alpha 26 parallel push 04: PASS
(node:3281) ExperimentalWarning: SQLite is an experimental feature and might change at any time
(Use `node --trace-warnings ...` to show where the warning was created)
Alpha 26 parallel push 05: PASS
{
  "alpha": "26-wf4",
  "package": "review-evidence-visibility",
  "immutablePromotionEvidence": true,
  "versionLifecycleVisible": true,
  "canonicalReferencePackVisible": true,
  "recordHistoryVisible": true,
  "auditEvidenceVisible": true,
  "status": "pass"
}
(node:3295) ExperimentalWarning: SQLite is an experimental feature and might change at any time
(Use `node --trace-warnings ...` to show where the warning was created)
{
  "gate": "wf4-production-review-gate-alpha26",
  "directUnreviewedRejected": true,
  "reviewEvidencePersisted": true,
  "auditEvidencePersisted": true,
  "reviewEvidenceImmutable": true,
  "status": "pass"
}
(node:3302) ExperimentalWarning: SQLite is an experimental feature and might change at any time
(Use `node --trace-warnings ...` to show where the warning was created)
{
  "alpha": "26-wf4",
  "package": "canonical-view-registry",
  "canonicalMasters": 3,
  "ownerReferences": 9,
  "front34ReviewContract": "Y62-F34-V1-OVERLAY-01",
  "sideSourceGapVisible": true,
  "metadataBackfillPreservesReviewWork": true,
  "idempotent": true,
  "customerVisualPromotion": false,
  "status": "pass"
}
(node:3309) ExperimentalWarning: SQLite is an experimental feature and might change at any time
(Use `node --trace-warnings ...` to show where the warning was created)
{
  "alpha": "26-wf4",
  "package": "reference-provenance-intake",
  "ownerReferences": 9,
  "externalReferencePersisted": true,
  "canonicalBindingPersisted": true,
  "serverReferenceGate": true,
  "approvedReferenceStillNonProduction": true,
  "staffIntakeVisible": true,
  "status": "pass"
}
(node:3316) ExperimentalWarning: SQLite is an experimental feature and might change at any time
(Use `node --trace-warnings ...` to show where the warning was created)
{
  "alpha": "26-wf4",
  "package": "catalogue-fitment-governance",
  "baselineErrors": 0,
  "baselineWarnings": 12,
  "draftBlockersPersisted": true,
  "serverPublishGate": true,
  "anyOfDependenciesGoverned": true,
  "engineeringUncertaintyPreserved": true,
  "immutableCatalogueRevisions": [
    "Y62-CAT-001",
    "Y62-CAT-002"
  ],
  "auditGovernancePersisted": true,
  "staffGovernanceVisibility": true,
  "status": "pass"
}
(node:3323) ExperimentalWarning: SQLite is an experimental feature and might change at any time
(Use `node --trace-warnings ...` to show where the warning was created)
{
  "schemaVersion": "0.26.6",
  "accessories": 39,
  "previousManufacturerBackedSlice": 6,
  "evidenceRows": 20,
  "duplicateIds": 0,
  "duplicateSkus": 0,
  "unknownInstallPreserved": [
    "oa-toro-indicator-harness-ranger"
  ],
  "staffReviewPreserved": [
    "oa-egr-flare-endcaps-ranger",
    "oa-rear-protection-ranger"
  ],
  "status": "pass"
}
{
  "schemaVersion": "0.26.6",
  "accessories": 39,
  "newConfirmedRecords": 5,
  "evidenceRows": 20,
  "deferredForMissingExactFitment": [
    "TB-COM-RAL-STE-2XEVO-ASM0"
  ],
  "unknownInstallPreserved": [
    "oa-rally-hoop-stedi-pro-ranger",
    "oa-rally-hoop-9in-ranger",
    "oa-rally-hoop-7in-ranger",
    "oa-22in-slim-lightbar-ranger",
    "oa-deep-dish-floor-mats-ranger"
  ],
  "status": "pass"
}
WF3 Y62 F34 transparent candidate Alpha 26: PASS
{
  "gate": "wf4-project-quote-lineage-alpha26",
  "immutableProjectRevision": true,
  "persistedLineageSeal": true,
  "historicalShareBinding": true,
  "frozenMissingStateNoFallback": true,
  "approvedVersionEvidence": true,
  "referenceOutputRejected": true,
  "status": "pass"
}
(node:3351) ExperimentalWarning: SQLite is an experimental feature and might change at any time
(Use `node --trace-warnings ...` to show where the warning was created)
(node:3358) ExperimentalWarning: SQLite is an experimental feature and might change at any time
(Use `node --trace-warnings ...` to show where the warning was created)
{"ts":"2026-09-13T21:42:01.396Z","level":"info","service":"pro4x4-rig-builder","env":"development","event":"request.complete","requestId":"REQ-MU0CAEUP-IYN02Q","method":"GET","path":"/api/v1/staff/quotes/P4X4-WF4-LINEAGE-HTTP/lineage","status":200,"durationMs":3,"fingerprint":"1049becf6f27b9b2"}
{"ts":"2026-09-13T21:42:01.415Z","level":"error","service":"pro4x4-rig-builder","env":"development","event":"request.error","requestId":"REQ-MU0CAEVA-E2GGV3","method":"GET","path":"/api/v1/staff/quotes/P4X4-WF4-LINEAGE-HTTP/lineage","status":403,"code":"forbidden","fingerprint":"1049becf6f27b9b2"}
{"ts":"2026-09-13T21:42:01.415Z","level":"info","service":"pro4x4-rig-builder","env":"development","event":"request.complete","requestId":"REQ-MU0CAEVA-E2GGV3","method":"GET","path":"/api/v1/staff/quotes/P4X4-WF4-LINEAGE-HTTP/lineage","status":403,"durationMs":1,"fingerprint":"1049becf6f27b9b2"}
{
  "gate": "wf4-project-quote-lineage-endpoint-alpha26",
  "staffEndpoint": true,
  "roleGuard": true,
  "persistedSeal": true,
  "frozenRenderState": true,
  "status": "pass"
}
(node:3365) ExperimentalWarning: SQLite is an experimental feature and might change at any time
(Use `node --trace-warnings ...` to show where the warning was created)
{"ts":"2026-09-13T21:42:01.723Z","level":"info","service":"pro4x4-rig-builder","env":"development","event":"request.complete","requestId":"REQ-MU0CAF3Q-1FLOXT","method":"GET","path":"/api/v1/staff/audit/integrity","status":200,"durationMs":4,"fingerprint":"1049becf6f27b9b2"}
{"ts":"2026-09-13T21:42:01.736Z","level":"error","service":"pro4x4-rig-builder","env":"development","event":"request.error","requestId":"REQ-MU0CAF47-DHWUL1","method":"GET","path":"/api/v1/staff/audit/integrity","status":403,"code":"forbidden","fingerprint":"1049becf6f27b9b2"}
{"ts":"2026-09-13T21:42:01.736Z","level":"info","service":"pro4x4-rig-builder","env":"development","event":"request.complete","requestId":"REQ-MU0CAF47-DHWUL1","method":"GET","path":"/api/v1/staff/audit/integrity","status":403,"durationMs":1,"fingerprint":"1049becf6f27b9b2"}
{"ts":"2026-09-13T21:42:01.746Z","level":"info","service":"pro4x4-rig-builder","env":"development","event":"request.complete","requestId":"REQ-MU0CAF4H-W4KEIW","method":"GET","path":"/api/v1/staff/audit/integrity","status":200,"durationMs":1,"fingerprint":"1049becf6f27b9b2"}
{
  "gate": "wf4-audit-production-controls-alpha26",
  "sha256StandardVector": true,
  "fullySealedLedger": true,
  "visualGovernanceEvidenceSealed": true,
  "staffIntegrityEndpoint": true,
  "roleGuard": true,
  "tamperDetected": true,
  "productionBlockedOnBrokenAudit": true,
  "customerProductionPolicy": "REFERENCE_BACKED_APPROVED_VISUALS_ONLY unchanged",
  "status": "pass"
}
{
  "gate": "wf4-canonical-review-evidence-alpha26",
  "canonicalMaster": "Y62-F34-V1-MASTER",
  "reviewContract": "Y62-F34-V1-OVERLAY-01",
  "requiredChecks": 8,
  "referenceSnapshots": 3,
  "directBypassBlocked": true,
  "incompleteReviewBlocked": true,
  "referenceMutationInvalidatesPromotion": true,
  "immutableEvidencePersisted": true,
  "referenceOnlyPreserved": true,
  "customerVisualPromotion": "synthetic test database only",
  "status": "pass"
}
(node:3372) ExperimentalWarning: SQLite is an experimental feature and might change at any time
(Use `node --trace-warnings ...` to show where the warning was created)
(node:3379) ExperimentalWarning: SQLite is an experimental feature and might change at any time
(Use `node --trace-warnings ...` to show where the warning was created)
{"ts":"2026-09-13T21:42:02.090Z","level":"info","service":"pro4x4-rig-builder","env":"development","event":"request.complete","requestId":"REQ-MU0CAFDQ-LI4B1L","method":"POST","path":"/api/v1/staff/render-readiness/assess","status":200,"durationMs":11,"fingerprint":"1049becf6f27b9b2"}
{"ts":"2026-09-13T21:42:02.100Z","level":"error","service":"pro4x4-rig-builder","env":"development","event":"request.error","requestId":"REQ-MU0CAFEC-4QKPKD","method":"POST","path":"/api/v1/staff/render-readiness/assess","status":403,"code":"forbidden","fingerprint":"1049becf6f27b9b2"}
{"ts":"2026-09-13T21:42:02.101Z","level":"info","service":"pro4x4-rig-builder","env":"development","event":"request.complete","requestId":"REQ-MU0CAFEC-4QKPKD","method":"POST","path":"/api/v1/staff/render-readiness/assess","status":403,"durationMs":1,"fingerprint":"1049becf6f27b9b2"}
{
  "gate": "wf4-render-readiness-assessment-alpha26",
  "canonicalMastersAssessed": 3,
  "persistedOnCanonicalMaster": true,
  "sha256Fingerprint": true,
  "ownerReferenceSnapshots": 3,
  "staleOnReferenceMutation": true,
  "reassessmentRestoresCurrent": true,
  "auditChained": true,
  "staffEndpoint": true,
  "writeRoleGuard": true,
  "visualPromotion": false,
  "policy": "REFERENCE_BACKED_APPROVED_VISUALS_ONLY",
  "status": "pass"
}
(node:3386) ExperimentalWarning: SQLite is an experimental feature and might change at any time
(Use `node --trace-warnings ...` to show where the warning was created)
{"ts":"2026-09-13T21:42:02.334Z","level":"info","service":"pro4x4-rig-builder","env":"development","event":"request.complete","requestId":"REQ-MU0CAFKQ-KGIBBS","method":"GET","path":"/api/v1/staff/render-readiness?vehicleId=nissan-y62-warrior-2025","status":200,"durationMs":4,"fingerprint":"1049becf6f27b9b2"}
{
  "gate": "wf4-reference-pack-registry-alpha26",
  "packId": "Y62-OWNER-REFERENCE-PACK-V1",
  "manifestSha256": "260a875ef1a787d477178faaa21e897a225a8113fa6d02cab73840e012fe0342",
  "declaredReferences": 9,
  "canonicalMasters": 3,
  "packComplete": true,
  "checksumTamperDetected": true,
  "staleBindingDetected": true,
  "syncRestoresBinding": true,
  "canonicalReviewPackGate": true,
  "staffVisibility": true,
  "referenceOnlyPreserved": true,
  "visualPromotion": false,
  "policy": "REFERENCE_BACKED_APPROVED_VISUALS_ONLY",
  "status": "pass"
}
(node:3393) ExperimentalWarning: SQLite is an experimental feature and might change at any time
(Use `node --trace-warnings ...` to show where the warning was created)
{"ts":"2026-09-13T21:42:02.512Z","level":"info","service":"pro4x4-rig-builder","env":"development","event":"request.complete","requestId":"REQ-MU0CAFPO-8E4CTD","method":"GET","path":"/api/v1/staff/render-assets?vehicleId=nissan-y62-warrior-2025","status":200,"durationMs":4,"fingerprint":"1049becf6f27b9b2"}
{
  "gate": "wf4-canonical-candidate-handoff-alpha26",
  "canonicalMasters": 3,
  "f34Candidate": "Y62-F34-V1-CANDIDATE-02",
  "candidateChecksum": "a353980a92131b960fed91baa46609bc63c1ec07a485fd4612fa305f0f7cea28",
  "handoffSha256": "65499126b33adddd48591a2d35a4ad33f773c4c3659bfa4c5289567333160cba",
  "f34State": "blocked-upstream",
  "sideState": "awaiting-wf3-candidate",
  "rearState": "awaiting-wf3-candidate",
  "upstreamBlockers": 12,
  "readinessFingerprintsHandoff": true,
  "staleOnHandoffMutation": true,
  "syncRestoresAuthoritativeHandoff": true,
  "implicitVersionStaging": false,
  "visualPromotion": false,
  "policy": "REFERENCE_BACKED_APPROVED_VISUALS_ONLY",
  "status": "pass"
}
(node:3400) ExperimentalWarning: SQLite is an experimental feature and might change at any time
(Use `node --trace-warnings ...` to show where the warning was created)
{"ts":"2026-09-13T21:42:02.678Z","level":"error","service":"pro4x4-rig-builder","env":"development","event":"request.error","requestId":"REQ-MU0CAFUD-JQVX9F","method":"POST","path":"/api/v1/staff/render-assets/Y62-F34-V1-MASTER/governance-dossier","status":403,"code":"forbidden","fingerprint":"1049becf6f27b9b2"}
{"ts":"2026-09-13T21:42:02.680Z","level":"info","service":"pro4x4-rig-builder","env":"development","event":"request.complete","requestId":"REQ-MU0CAFUD-JQVX9F","method":"POST","path":"/api/v1/staff/render-assets/Y62-F34-V1-MASTER/governance-dossier","status":403,"durationMs":3,"fingerprint":"1049becf6f27b9b2"}
{"ts":"2026-09-13T21:42:02.700Z","level":"info","service":"pro4x4-rig-builder","env":"development","event":"request.complete","requestId":"REQ-MU0CAFUW-21ARXZ","method":"POST","path":"/api/v1/staff/render-assets/Y62-F34-V1-MASTER/governance-dossier","status":200,"durationMs":4,"fingerprint":"1049becf6f27b9b2"}
{
  "gate": "wf4-canonical-governance-dossier-alpha26",
  "canonicalMasters": 3,
  "dossiersPrepared": 3,
  "currentAtBootstrap": 3,
  "f34ReviewerIntake": "blocked-upstream",
  "sideReviewerIntake": "awaiting-wf3-candidate",
  "rearReviewerIntake": "awaiting-wf3-candidate",
  "f34RequiredChecks": 8,
  "f34ReferenceSnapshots": 3,
  "staleOnBackingEvidenceMutation": true,
  "syncDoesNotHideStaleness": true,
  "explicitRefreshRequired": true,
  "fitmentRefreshEndpoint": true,
  "salesRefreshDenied": true,
  "implicitApproval": false,
  "implicitVersionStaging": false,
  "visualPromotion": false,
  "policy": "REFERENCE_BACKED_APPROVED_VISUALS_ONLY",
  "status": "pass"
}
