MODIFIED
package.json
qa-evidence/WF5_INTEGRATION_MANIFEST.json
tests/wf5-alpha26-acceptance-gate.js

ADDED
PUSH_49_WF5_QA_GATE_REPORT.md
qa-evidence/wf5-push19/npm-check-before.exit
qa-evidence/wf5-push19/npm-check-before.log
qa-evidence/wf5-push19/npm-check-final.exit
qa-evidence/wf5-push19/npm-check-final.log
qa-evidence/wf5-push19/npm-test-before.exit
qa-evidence/wf5-push19/npm-test-before.log
qa-evidence/wf5-push19/npm-test-final.exit
qa-evidence/wf5-push19/npm-test-final.log
qa-evidence/wf5-push19/render-resolver-before.exit
qa-evidence/wf5-push19/render-resolver-before.log
qa-evidence/wf5-push19/render-resolver-final.exit
qa-evidence/wf5-push19/render-resolver-final.log
qa-evidence/wf5-push19/static-verification.exit
qa-evidence/wf5-push19/static-verification.txt
qa-evidence/wf5-push19/test-gate.exit
qa-evidence/wf5-push19/test-gate.log
qa-evidence/wf5-push19/wf5-acceptance-before.exit
qa-evidence/wf5-push19/wf5-acceptance-before.log
qa-evidence/wf5-push19/wf5-acceptance-final.exit
qa-evidence/wf5-push19/wf5-acceptance-final.log
qa-evidence/wf5-push19/wf5-acceptance-targeted.exit
qa-evidence/wf5-push19/wf5-acceptance-targeted.log
qa-evidence/wf5-push19/wf5-latest-before.exit
qa-evidence/wf5-push19/wf5-latest-before.log
qa-evidence/wf5-push19/wf5-latest-final.exit
qa-evidence/wf5-push19/wf5-latest-final.log
qa-evidence/wf5-push19/wf5-promotion-before.exit
qa-evidence/wf5-push19/wf5-promotion-before.log
qa-evidence/wf5-push19/wf5-promotion-final.exit
qa-evidence/wf5-push19/wf5-promotion-final.log
qa-evidence/wf5-push19/wf5-visual-safety-before.exit
qa-evidence/wf5-push19/wf5-visual-safety-before.log
qa-evidence/wf5-push19/wf5-visual-safety-final.exit
qa-evidence/wf5-push19/wf5-visual-safety-final.log

REMOVED
(none)

SUMMARY modified=3 added=35 removed=0
