
> pro4x4-rig-builder-merged-alpha26@0.26.22 test:render-resolver
> node tests/render-resolver-alpha20.js && node tests/render-contract-alpha21.js && node tests/render-state-telemetry-alpha22.js && node tests/render-readiness-alpha23.js

(node:1634) ExperimentalWarning: SQLite is an experimental feature and might change at any time
(Use `node --trace-warnings ...` to show where the warning was created)
{"ts":"2026-09-14T03:34:17.379Z","level":"info","service":"pro4x4-rig-builder","env":"development","event":"request.complete","requestId":"REQ-MU0OVFHC-FAPTXJ","method":"POST","path":"/api/v1/render/resolve","status":200,"durationMs":4,"fingerprint":"b07a760ab58004d3"}
{"ts":"2026-09-14T03:34:17.382Z","level":"info","service":"pro4x4-rig-builder","env":"development","event":"request.complete","requestId":"REQ-MU0OVFHH-BPBZBM","method":"POST","path":"/api/v1/render/resolve","status":200,"durationMs":1,"fingerprint":"b07a760ab58004d3"}
{"ts":"2026-09-14T03:34:17.390Z","level":"info","service":"pro4x4-rig-builder","env":"development","event":"request.complete","requestId":"REQ-MU0OVFHJ-SAT30H","method":"PUT","path":"/api/v1/staff/render-assets/Y62-FRONT34-01-BASE/binary","status":201,"durationMs":7,"fingerprint":"b07a760ab58004d3"}
{"ts":"2026-09-14T03:34:17.393Z","level":"info","service":"pro4x4-rig-builder","env":"development","event":"request.complete","requestId":"REQ-MU0OVFHS-35A9AU","method":"PUT","path":"/api/v1/staff/render-assets/Y62-FRONT34-01-BASE","status":200,"durationMs":1,"fingerprint":"b07a760ab58004d3"}
{"ts":"2026-09-14T03:34:17.395Z","level":"info","service":"pro4x4-rig-builder","env":"development","event":"request.complete","requestId":"REQ-MU0OVFHT-KSS6KR","method":"POST","path":"/api/v1/render/resolve","status":200,"durationMs":1,"fingerprint":"b07a760ab58004d3"}
{"ts":"2026-09-14T03:34:17.397Z","level":"info","service":"pro4x4-rig-builder","env":"development","event":"request.complete","requestId":"REQ-MU0OVFHV-50ETN5","method":"GET","path":"/api/v1/render-assets/Y62-FRONT34-01-BASE/binary?sha=ffadaa37ecaa9f6a91bc7c7df4bd78f18ab05b1be135b7de05d7784c09c65941","status":200,"durationMs":1,"fingerprint":"b07a760ab58004d3"}
{"ts":"2026-09-14T03:34:17.399Z","level":"info","service":"pro4x4-rig-builder","env":"development","event":"request.complete","requestId":"REQ-MU0OVFHY-0KBA17","method":"GET","path":"/api/v1/render-assets/Y62-FRONT34-01-BASE/binary?sha=0000000000000000000000000000000000000000000000000000000000000000","status":409,"durationMs":1,"fingerprint":"b07a760ab58004d3"}
{
  "alpha": 20,
  "dbMigration": 5,
  "publicResolver": true,
  "states": [
    "available",
    "missing",
    "blocked"
  ],
  "exactSkuNoSubstitution": true,
  "checksumPinnedBinary": true,
  "customerReferenceFallback": "none",
  "partialStackSupported": true,
  "noFakeProductionSeed": true,
  "status": "pass"
}
Alpha 21 render contract: PASS
(node:1648) ExperimentalWarning: SQLite is an experimental feature and might change at any time
(Use `node --trace-warnings ...` to show where the warning was created)
{"ts":"2026-09-14T03:34:17.494Z","level":"info","service":"pro4x4-rig-builder","env":"development","event":"request.complete","requestId":"REQ-MU0OVFKJ-CWBZZW","method":"POST","path":"/api/v1/render/resolve","status":200,"durationMs":3,"fingerprint":"b07a760ab58004d3"}
{"ts":"2026-09-14T03:34:17.504Z","level":"info","service":"pro4x4-rig-builder","env":"development","event":"request.complete","requestId":"REQ-MU0OVFKO-GHRS46","method":"PUT","path":"/api/v1/staff/render-assets/Y62-FRONT34-01-BASE/binary","status":201,"durationMs":7,"fingerprint":"b07a760ab58004d3"}
{"ts":"2026-09-14T03:34:17.507Z","level":"info","service":"pro4x4-rig-builder","env":"development","event":"request.complete","requestId":"REQ-MU0OVFKY-Z1BPOM","method":"PUT","path":"/api/v1/staff/render-assets/Y62-FRONT34-01-BASE","status":200,"durationMs":1,"fingerprint":"b07a760ab58004d3"}
{"ts":"2026-09-14T03:34:17.509Z","level":"info","service":"pro4x4-rig-builder","env":"development","event":"request.complete","requestId":"REQ-MU0OVFL0-AEV6PH","method":"POST","path":"/api/v1/render/resolve","status":200,"durationMs":1,"fingerprint":"b07a760ab58004d3"}
{"ts":"2026-09-14T03:34:17.511Z","level":"info","service":"pro4x4-rig-builder","env":"development","event":"request.complete","requestId":"REQ-MU0OVFL2-X8053U","method":"POST","path":"/api/v1/render/telemetry","status":202,"durationMs":1,"fingerprint":"b07a760ab58004d3"}
{"ts":"2026-09-14T03:34:17.512Z","level":"info","service":"pro4x4-rig-builder","env":"development","event":"request.complete","requestId":"REQ-MU0OVFL4-CW5YHC","method":"GET","path":"/api/v1/staff/render-telemetry?vehicleId=nissan-y62-warrior-2025&viewId=front34&limit=10","status":200,"durationMs":0,"fingerprint":"b07a760ab58004d3"}
{
  "alpha": 22,
  "dbMigration": 6,
  "paintStateExactMatch": true,
  "wheelStateExactMatch": true,
  "validatedPaintsSelectable": 4,
  "loadRetryAttempts": 3,
  "telemetryPersisted": true,
  "staffTelemetry": true,
  "backupTelemetry": true,
  "noFallback": true,
  "noFakeProductionSeed": true,
  "status": "pass"
}
(node:1655) ExperimentalWarning: SQLite is an experimental feature and might change at any time
(Use `node --trace-warnings ...` to show where the warning was created)
{"ts":"2026-09-14T03:34:17.584Z","level":"info","service":"pro4x4-rig-builder","env":"development","event":"request.complete","requestId":"REQ-MU0OVFN1-UBKDT4","method":"GET","path":"/api/v1/staff/render-readiness?vehicleId=nissan-y62-warrior-2025","status":200,"durationMs":2,"fingerprint":"b07a760ab58004d3"}
{"ts":"2026-09-14T03:34:17.596Z","level":"info","service":"pro4x4-rig-builder","env":"development","event":"request.complete","requestId":"REQ-MU0OVFND-U4ONEI","method":"POST","path":"/api/v1/staff/render-readiness/slots/sync","status":200,"durationMs":3,"fingerprint":"b07a760ab58004d3"}
{"ts":"2026-09-14T03:34:17.599Z","level":"info","service":"pro4x4-rig-builder","env":"development","event":"request.complete","requestId":"REQ-MU0OVFNH-8E2K6W","method":"POST","path":"/api/v1/staff/render-readiness/slots/sync","status":200,"durationMs":2,"fingerprint":"b07a760ab58004d3"}
{
  "alpha": 23,
  "plannedCoreSlots": 15,
  "existingCoreSlots": 6,
  "createdAssetNeededSlots": 9,
  "idempotentSync": true,
  "productionReadySeed": 0,
  "readinessMatrix": true,
  "telemetryHealth": true,
  "noFakeLayerRule": true,
  "status": "pass"
}
