ADDED
PUSH_40_WF5_QA_GATE_REPORT.md
qa-evidence/wf5-push10/diff-vs-push09.log
qa-evidence/wf5-push10/html-dependency-sweep.log
qa-evidence/wf5-push10/npm-check.exit
qa-evidence/wf5-push10/npm-check.log
qa-evidence/wf5-push10/npm-test.exit
qa-evidence/wf5-push10/npm-test.log
qa-evidence/wf5-push10/render-resolver.exit
qa-evidence/wf5-push10/render-resolver.log
qa-evidence/wf5-push10/static-verification.json
qa-evidence/wf5-push10/test-gate.exit
qa-evidence/wf5-push10/test-gate.log
qa-evidence/wf5-push10/wf5-acceptance.exit
qa-evidence/wf5-push10/wf5-acceptance.log
qa-evidence/wf5-push10/wf5-latest.exit
qa-evidence/wf5-push10/wf5-latest.log
qa-evidence/wf5-push10/wf5-promotion.exit
qa-evidence/wf5-push10/wf5-promotion.log
qa-evidence/wf5-push10/wf5-visual-safety.exit
qa-evidence/wf5-push10/wf5-visual-safety.log

REMOVED
(none)

CHANGED
package.json
tests/wf5-alpha26-acceptance-gate.js
