Archive:  /mnt/data/PRO4X4_Rig_Builder_Alpha26_WF5_QA_Push_10.precheck.zip
    testing: pro4x4-rig-builder-alpha26-wf5-push10/   OK
    testing: pro4x4-rig-builder-alpha26-wf5-push10/data-y62.js   OK
    testing: pro4x4-rig-builder-alpha26-wf5-push10/PUSH_16_REPORT.md   OK
    testing: pro4x4-rig-builder-alpha26-wf5-push10/staff-login.js   OK
    testing: pro4x4-rig-builder-alpha26-wf5-push10/PUSH_32_WF3_Y62_F34_TRANSPARENT_CANDIDATE_REPORT.md   OK
    testing: pro4x4-rig-builder-alpha26-wf5-push10/PUSH_23_MERGE_REPORT.md   OK
    testing: pro4x4-rig-builder-alpha26-wf5-push10/assets/   OK
    testing: pro4x4-rig-builder-alpha26-wf5-push10/assets/y62-slx-front.png   OK
    testing: pro4x4-rig-builder-alpha26-wf5-push10/assets/y62-profile-board.png   OK
    testing: pro4x4-rig-builder-alpha26-wf5-push10/assets/rejected/   OK
    testing: pro4x4-rig-builder-alpha26-wf5-push10/assets/rejected/Y62-F34-V1-owner-photo-cutout-preflight-rejected.png   OK
    testing: pro4x4-rig-builder-alpha26-wf5-push10/assets/y62-raslarr-rear.png   OK
    testing: pro4x4-rig-builder-alpha26-wf5-push10/assets/y62-canonical-candidates/   OK
    testing: pro4x4-rig-builder-alpha26-wf5-push10/assets/y62-canonical-candidates/Y62-F34-V1-owner-source-v01.jpg   OK
    testing: pro4x4-rig-builder-alpha26-wf5-push10/assets/y62-canonical-candidates/Y62-F34-V1-transparent-isolation-v02.png   OK
    testing: pro4x4-rig-builder-alpha26-wf5-push10/assets/y62-canonical-candidates/Y62-F34-V1-transparent-isolation-v02-preview.jpg   OK
    testing: pro4x4-rig-builder-alpha26-wf5-push10/ALPHA26_IMPLEMENTATION_BOARD.md   OK
    testing: pro4x4-rig-builder-alpha26-wf5-push10/projects.html   OK
    testing: pro4x4-rig-builder-alpha26-wf5-push10/PUSH_17_REPORT.md   OK
    testing: pro4x4-rig-builder-alpha26-wf5-push10/y62-canonical-briefs.js   OK
    testing: pro4x4-rig-builder-alpha26-wf5-push10/PUSH_20_REPORT.md   OK
    testing: pro4x4-rig-builder-alpha26-wf5-push10/merged-app.js.pre_push2   OK
    testing: pro4x4-rig-builder-alpha26-wf5-push10/PUSH_25_PARALLEL_WORKSTREAMS_REPORT.md   OK
    testing: pro4x4-rig-builder-alpha26-wf5-push10/docs/   OK
    testing: pro4x4-rig-builder-alpha26-wf5-push10/docs/HOSTED_ARCHITECTURE.md   OK
    testing: pro4x4-rig-builder-alpha26-wf5-push10/y62-f34-candidate-02-review.js   OK
    testing: pro4x4-rig-builder-alpha26-wf5-push10/PUSH_35_WF5_QA_GATE_REPORT.md   OK
    testing: pro4x4-rig-builder-alpha26-wf5-push10/PUSH_28_WF3_REPORT.md   OK
    testing: pro4x4-rig-builder-alpha26-wf5-push10/audit-store.js   OK
    testing: pro4x4-rig-builder-alpha26-wf5-push10/PUSH_18_REPORT.md   OK
    testing: pro4x4-rig-builder-alpha26-wf5-push10/merged-project-contract.js   OK
    testing: pro4x4-rig-builder-alpha26-wf5-push10/asset-registry.html   OK
    testing: pro4x4-rig-builder-alpha26-wf5-push10/y62-canonical-candidate-review.js   OK
    testing: pro4x4-rig-builder-alpha26-wf5-push10/PARALLEL_WORKSTREAMS.md   OK
    testing: pro4x4-rig-builder-alpha26-wf5-push10/index.html   OK
    testing: pro4x4-rig-builder-alpha26-wf5-push10/render-manifest-y62.js   OK
    testing: pro4x4-rig-builder-alpha26-wf5-push10/CANONICAL_VISUAL_PIPELINE.md   OK
    testing: pro4x4-rig-builder-alpha26-wf5-push10/auth.js   OK
    testing: pro4x4-rig-builder-alpha26-wf5-push10/PUSH_21_REPORT.md   OK
    testing: pro4x4-rig-builder-alpha26-wf5-push10/PUSH_33_WF5_QA_GATE_REPORT.md   OK
    testing: pro4x4-rig-builder-alpha26-wf5-push10/ranger-source-evidence.js   OK
    testing: pro4x4-rig-builder-alpha26-wf5-push10/PUSH_34_WF5_QA_GATE_REPORT.md   OK
    testing: pro4x4-rig-builder-alpha26-wf5-push10/y62-reference-pack.js   OK
    testing: pro4x4-rig-builder-alpha26-wf5-push10/WF1_RUN_02_REPORT.md   OK
    testing: pro4x4-rig-builder-alpha26-wf5-push10/PUSH_37_WF5_QA_GATE_REPORT.md   OK
    testing: pro4x4-rig-builder-alpha26-wf5-push10/README.md   OK
    testing: pro4x4-rig-builder-alpha26-wf5-push10/mock-api.js   OK
    testing: pro4x4-rig-builder-alpha26-wf5-push10/PUSH_24_MERGE_REPORT.md   OK
    testing: pro4x4-rig-builder-alpha26-wf5-push10/y62-f34-overlay-review-contract.js   OK
    testing: pro4x4-rig-builder-alpha26-wf5-push10/render-preview.html   OK
    testing: pro4x4-rig-builder-alpha26-wf5-push10/persistence.js   OK
    testing: pro4x4-rig-builder-alpha26-wf5-push10/PUSH_19_REPORT.md   OK
    testing: pro4x4-rig-builder-alpha26-wf5-push10/catalogue.js   OK
    testing: pro4x4-rig-builder-alpha26-wf5-push10/PUSH_32_WF5_QA_GATE_REPORT.md   OK
    testing: pro4x4-rig-builder-alpha26-wf5-push10/share.html   OK
    testing: pro4x4-rig-builder-alpha26-wf5-push10/sales-store.js   OK
    testing: pro4x4-rig-builder-alpha26-wf5-push10/render-contracts-y62.js   OK
    testing: pro4x4-rig-builder-alpha26-wf5-push10/Dockerfile   OK
    testing: pro4x4-rig-builder-alpha26-wf5-push10/WORKFLOW.md   OK
    testing: pro4x4-rig-builder-alpha26-wf5-push10/catalogue-store.js   OK
    testing: pro4x4-rig-builder-alpha26-wf5-push10/project-store.js   OK
    testing: pro4x4-rig-builder-alpha26-wf5-push10/qa-evidence/   OK
    testing: pro4x4-rig-builder-alpha26-wf5-push10/qa-evidence/WF5_NPM_CHECK.log   OK
    testing: pro4x4-rig-builder-alpha26-wf5-push10/qa-evidence/wf5-latest.log   OK
    testing: pro4x4-rig-builder-alpha26-wf5-push10/qa-evidence/wf5-latest.exit   OK
    testing: pro4x4-rig-builder-alpha26-wf5-push10/qa-evidence/wf5-promotion.log   OK
    testing: pro4x4-rig-builder-alpha26-wf5-push10/qa-evidence/WF5_BASELINE_ALPHA_REGRESSION.log   OK
    testing: pro4x4-rig-builder-alpha26-wf5-push10/qa-evidence/wf5-push05/   OK
    testing: pro4x4-rig-builder-alpha26-wf5-push10/qa-evidence/wf5-push05/wf5-latest.log   OK
    testing: pro4x4-rig-builder-alpha26-wf5-push10/qa-evidence/wf5-push05/wf5-promotion.log   OK
    testing: pro4x4-rig-builder-alpha26-wf5-push10/qa-evidence/wf5-push05/wf5-acceptance.exitcode   OK
    testing: pro4x4-rig-builder-alpha26-wf5-push10/qa-evidence/wf5-push05/wf5-acceptance.log   OK
    testing: pro4x4-rig-builder-alpha26-wf5-push10/qa-evidence/wf5-push05/wf5-visual-safety.log   OK
    testing: pro4x4-rig-builder-alpha26-wf5-push10/qa-evidence/wf5-push05/npm-test.log   OK
    testing: pro4x4-rig-builder-alpha26-wf5-push10/qa-evidence/wf5-push05/static-verification.json   OK
    testing: pro4x4-rig-builder-alpha26-wf5-push10/qa-evidence/wf5-push05/render-resolver.log   OK
    testing: pro4x4-rig-builder-alpha26-wf5-push10/qa-evidence/wf5-push05/diff-manifest.json   OK
    testing: pro4x4-rig-builder-alpha26-wf5-push10/qa-evidence/wf5-push05/npm-check.log   OK
    testing: pro4x4-rig-builder-alpha26-wf5-push10/qa-evidence/wf5-push05/test-gate.log   OK
    testing: pro4x4-rig-builder-alpha26-wf5-push10/qa-evidence/wf5-push05/test-gate.exitcode   OK
    testing: pro4x4-rig-builder-alpha26-wf5-push10/qa-evidence/npm-check.exit   OK
    testing: pro4x4-rig-builder-alpha26-wf5-push10/qa-evidence/WF5_HTML_DEPENDENCIES.json   OK
    testing: pro4x4-rig-builder-alpha26-wf5-push10/qa-evidence/wf5-acceptance.log   OK
    testing: pro4x4-rig-builder-alpha26-wf5-push10/qa-evidence/wf5-push10/   OK
    testing: pro4x4-rig-builder-alpha26-wf5-push10/qa-evidence/wf5-push10/html-dependency-sweep.log   OK
    testing: pro4x4-rig-builder-alpha26-wf5-push10/qa-evidence/wf5-push10/wf5-latest.log   OK
    testing: pro4x4-rig-builder-alpha26-wf5-push10/qa-evidence/wf5-push10/wf5-latest.exit   OK
    testing: pro4x4-rig-builder-alpha26-wf5-push10/qa-evidence/wf5-push10/wf5-promotion.log   OK
    testing: pro4x4-rig-builder-alpha26-wf5-push10/qa-evidence/wf5-push10/npm-check.exit   OK
    testing: pro4x4-rig-builder-alpha26-wf5-push10/qa-evidence/wf5-push10/diff-vs-push09.log   OK
    testing: pro4x4-rig-builder-alpha26-wf5-push10/qa-evidence/wf5-push10/wf5-visual-safety.exit   OK
    testing: pro4x4-rig-builder-alpha26-wf5-push10/qa-evidence/wf5-push10/wf5-acceptance.log   OK
    testing: pro4x4-rig-builder-alpha26-wf5-push10/qa-evidence/wf5-push10/wf5-promotion.exit   OK
    testing: pro4x4-rig-builder-alpha26-wf5-push10/qa-evidence/wf5-push10/wf5-visual-safety.log   OK
    testing: pro4x4-rig-builder-alpha26-wf5-push10/qa-evidence/wf5-push10/npm-test.log   OK
    testing: pro4x4-rig-builder-alpha26-wf5-push10/qa-evidence/wf5-push10/npm-test.exit   OK
    testing: pro4x4-rig-builder-alpha26-wf5-push10/qa-evidence/wf5-push10/static-verification.json   OK
    testing: pro4x4-rig-builder-alpha26-wf5-push10/qa-evidence/wf5-push10/render-resolver.log   OK
    testing: pro4x4-rig-builder-alpha26-wf5-push10/qa-evidence/wf5-push10/render-resolver.exit   OK
    testing: pro4x4-rig-builder-alpha26-wf5-push10/qa-evidence/wf5-push10/test-gate.exit   OK
    testing: pro4x4-rig-builder-alpha26-wf5-push10/qa-evidence/wf5-push10/npm-check.log   OK
    testing: pro4x4-rig-builder-alpha26-wf5-push10/qa-evidence/wf5-push10/test-gate.log   OK
    testing: pro4x4-rig-builder-alpha26-wf5-push10/qa-evidence/wf5-push10/wf5-acceptance.exit   OK
    testing: pro4x4-rig-builder-alpha26-wf5-push10/qa-evidence/wf5-promotion.exit   OK
    testing: pro4x4-rig-builder-alpha26-wf5-push10/qa-evidence/wf5-push07/   OK
    testing: pro4x4-rig-builder-alpha26-wf5-push10/qa-evidence/wf5-push07/wf5-latest.log   OK
    testing: pro4x4-rig-builder-alpha26-wf5-push10/qa-evidence/wf5-push07/wf5-promotion.log   OK
    testing: pro4x4-rig-builder-alpha26-wf5-push10/qa-evidence/wf5-push07/wf5-acceptance.exitcode   OK
    testing: pro4x4-rig-builder-alpha26-wf5-push10/qa-evidence/wf5-push07/wf5-acceptance.log   OK
    testing: pro4x4-rig-builder-alpha26-wf5-push10/qa-evidence/wf5-push07/wf5-visual-safety.log   OK
    testing: pro4x4-rig-builder-alpha26-wf5-push10/qa-evidence/wf5-push07/npm-test.log   OK
    testing: pro4x4-rig-builder-alpha26-wf5-push10/qa-evidence/wf5-push07/static-verification.json   OK
    testing: pro4x4-rig-builder-alpha26-wf5-push10/qa-evidence/wf5-push07/render-resolver.log   OK
    testing: pro4x4-rig-builder-alpha26-wf5-push10/qa-evidence/wf5-push07/diff-manifest.json   OK
    testing: pro4x4-rig-builder-alpha26-wf5-push10/qa-evidence/wf5-push07/npm-check.log   OK
    testing: pro4x4-rig-builder-alpha26-wf5-push10/qa-evidence/wf5-push07/test-gate.log   OK
    testing: pro4x4-rig-builder-alpha26-wf5-push10/qa-evidence/wf5-push07/test-gate.exitcode   OK
    testing: pro4x4-rig-builder-alpha26-wf5-push10/qa-evidence/WF5_ACCEPTANCE_GATE.log   OK
    testing: pro4x4-rig-builder-alpha26-wf5-push10/qa-evidence/npm-test.log   OK
    testing: pro4x4-rig-builder-alpha26-wf5-push10/qa-evidence/wf5-push06/   OK
    testing: pro4x4-rig-builder-alpha26-wf5-push10/qa-evidence/wf5-push06/wf5-latest.log   OK
    testing: pro4x4-rig-builder-alpha26-wf5-push10/qa-evidence/wf5-push06/wf5-promotion.log   OK
    testing: pro4x4-rig-builder-alpha26-wf5-push10/qa-evidence/wf5-push06/wf5-acceptance.exitcode   OK
    testing: pro4x4-rig-builder-alpha26-wf5-push10/qa-evidence/wf5-push06/wf5-acceptance.log   OK
    testing: pro4x4-rig-builder-alpha26-wf5-push10/qa-evidence/wf5-push06/wf5-visual-safety.log   OK
    testing: pro4x4-rig-builder-alpha26-wf5-push10/qa-evidence/wf5-push06/npm-test.log   OK
    testing: pro4x4-rig-builder-alpha26-wf5-push10/qa-evidence/wf5-push06/static-verification.json   OK
    testing: pro4x4-rig-builder-alpha26-wf5-push10/qa-evidence/wf5-push06/render-resolver.log   OK
    testing: pro4x4-rig-builder-alpha26-wf5-push10/qa-evidence/wf5-push06/diff-manifest.json   OK
    testing: pro4x4-rig-builder-alpha26-wf5-push10/qa-evidence/wf5-push06/npm-check.log   OK
    testing: pro4x4-rig-builder-alpha26-wf5-push10/qa-evidence/wf5-push06/test-gate.log   OK
    testing: pro4x4-rig-builder-alpha26-wf5-push10/qa-evidence/wf5-push06/test-gate.exitcode   OK
    testing: pro4x4-rig-builder-alpha26-wf5-push10/qa-evidence/npm-test.exit   OK
    testing: pro4x4-rig-builder-alpha26-wf5-push10/qa-evidence/WF5_PROMOTION_PATH.log   OK
    testing: pro4x4-rig-builder-alpha26-wf5-push10/qa-evidence/WF5_COMBINED_PROMOTION_GATE.log   OK
    testing: pro4x4-rig-builder-alpha26-wf5-push10/qa-evidence/render-resolver.log   OK
    testing: pro4x4-rig-builder-alpha26-wf5-push10/qa-evidence/WF5_HTML_DEPS.json   OK
    testing: pro4x4-rig-builder-alpha26-wf5-push10/qa-evidence/WF5_JS_SYNTAX.json   OK
    testing: pro4x4-rig-builder-alpha26-wf5-push10/qa-evidence/wf5-push08/   OK
    testing: pro4x4-rig-builder-alpha26-wf5-push10/qa-evidence/wf5-push08/html-dependency-sweep.log   OK
    testing: pro4x4-rig-builder-alpha26-wf5-push10/qa-evidence/wf5-push08/wf5-latest.log   OK
    testing: pro4x4-rig-builder-alpha26-wf5-push10/qa-evidence/wf5-push08/wf5-latest.exit   OK
    testing: pro4x4-rig-builder-alpha26-wf5-push10/qa-evidence/wf5-push08/wf5-promotion.log   OK
    testing: pro4x4-rig-builder-alpha26-wf5-push10/qa-evidence/wf5-push08/npm-check.exit   OK
    testing: pro4x4-rig-builder-alpha26-wf5-push10/qa-evidence/wf5-push08/zip-integrity.log   OK
    testing: pro4x4-rig-builder-alpha26-wf5-push10/qa-evidence/wf5-push08/wf5-visual-safety.exit   OK
    testing: pro4x4-rig-builder-alpha26-wf5-push10/qa-evidence/wf5-push08/wf5-acceptance.log   OK
    testing: pro4x4-rig-builder-alpha26-wf5-push10/qa-evidence/wf5-push08/wf5-promotion.exit   OK
    testing: pro4x4-rig-builder-alpha26-wf5-push10/qa-evidence/wf5-push08/wf5-visual-safety.log   OK
    testing: pro4x4-rig-builder-alpha26-wf5-push10/qa-evidence/wf5-push08/npm-test.log   OK
    testing: pro4x4-rig-builder-alpha26-wf5-push10/qa-evidence/wf5-push08/npm-test.exit   OK
    testing: pro4x4-rig-builder-alpha26-wf5-push10/qa-evidence/wf5-push08/render-resolver.log   OK
    testing: pro4x4-rig-builder-alpha26-wf5-push10/qa-evidence/wf5-push08/render-resolver.exit   OK
    testing: pro4x4-rig-builder-alpha26-wf5-push10/qa-evidence/wf5-push08/test-gate.exit   OK
    testing: pro4x4-rig-builder-alpha26-wf5-push10/qa-evidence/wf5-push08/js-syntax-sweep.log   OK
    testing: pro4x4-rig-builder-alpha26-wf5-push10/qa-evidence/wf5-push08/npm-check.log   OK
    testing: pro4x4-rig-builder-alpha26-wf5-push10/qa-evidence/wf5-push08/json-parse-sweep.log   OK
    testing: pro4x4-rig-builder-alpha26-wf5-push10/qa-evidence/wf5-push08/diff-vs-push07.log   OK
    testing: pro4x4-rig-builder-alpha26-wf5-push10/qa-evidence/wf5-push08/test-gate.log   OK
    testing: pro4x4-rig-builder-alpha26-wf5-push10/qa-evidence/wf5-push08/wf5-acceptance.exit   OK
    testing: pro4x4-rig-builder-alpha26-wf5-push10/qa-evidence/WF5_INTEGRATION_MANIFEST.json   OK
    testing: pro4x4-rig-builder-alpha26-wf5-push10/qa-evidence/render-resolver.exit   OK
    testing: pro4x4-rig-builder-alpha26-wf5-push10/qa-evidence/test-gate.exit   OK
    testing: pro4x4-rig-builder-alpha26-wf5-push10/qa-evidence/push04/   OK
    testing: pro4x4-rig-builder-alpha26-wf5-push10/qa-evidence/push04/wf5-latest.log   OK
    testing: pro4x4-rig-builder-alpha26-wf5-push10/qa-evidence/push04/wf5-promotion.log   OK
    testing: pro4x4-rig-builder-alpha26-wf5-push10/qa-evidence/push04/zip-integrity.log   OK
    testing: pro4x4-rig-builder-alpha26-wf5-push10/qa-evidence/push04/wf5-acceptance.log   OK
    testing: pro4x4-rig-builder-alpha26-wf5-push10/qa-evidence/push04/wf5-visual-safety.log   OK
    testing: pro4x4-rig-builder-alpha26-wf5-push10/qa-evidence/push04/npm-test.log   OK
    testing: pro4x4-rig-builder-alpha26-wf5-push10/qa-evidence/push04/render-resolver.log   OK
    testing: pro4x4-rig-builder-alpha26-wf5-push10/qa-evidence/push04/diff-manifest.json   OK
    testing: pro4x4-rig-builder-alpha26-wf5-push10/qa-evidence/push04/html-dependencies.json   OK
    testing: pro4x4-rig-builder-alpha26-wf5-push10/qa-evidence/push04/npm-check.log   OK
    testing: pro4x4-rig-builder-alpha26-wf5-push10/qa-evidence/push04/static-sweep.txt   OK
    testing: pro4x4-rig-builder-alpha26-wf5-push10/qa-evidence/push04/status.txt   OK
    testing: pro4x4-rig-builder-alpha26-wf5-push10/qa-evidence/push04/test-gate.log   OK
    testing: pro4x4-rig-builder-alpha26-wf5-push10/qa-evidence/WF5_JSON_PARSE.json   OK
    testing: pro4x4-rig-builder-alpha26-wf5-push10/qa-evidence/npm-check.log   OK
    testing: pro4x4-rig-builder-alpha26-wf5-push10/qa-evidence/test-gate.log   OK
    testing: pro4x4-rig-builder-alpha26-wf5-push10/qa-evidence/wf5-acceptance.exit   OK
    testing: pro4x4-rig-builder-alpha26-wf5-push10/qa-evidence/wf5-push09/   OK
    testing: pro4x4-rig-builder-alpha26-wf5-push10/qa-evidence/wf5-push09/html-dependency-sweep.log   OK
    testing: pro4x4-rig-builder-alpha26-wf5-push10/qa-evidence/wf5-push09/wf5-latest.log   OK
    testing: pro4x4-rig-builder-alpha26-wf5-push10/qa-evidence/wf5-push09/diff-vs-push08.log   OK
    testing: pro4x4-rig-builder-alpha26-wf5-push10/qa-evidence/wf5-push09/wf5-latest.exit   OK
    testing: pro4x4-rig-builder-alpha26-wf5-push10/qa-evidence/wf5-push09/wf5-promotion.log   OK
    testing: pro4x4-rig-builder-alpha26-wf5-push10/qa-evidence/wf5-push09/npm-check.exit   OK
    testing: pro4x4-rig-builder-alpha26-wf5-push10/qa-evidence/wf5-push09/wf5-visual-safety.exit   OK
    testing: pro4x4-rig-builder-alpha26-wf5-push10/qa-evidence/wf5-push09/wf5-acceptance.log   OK
    testing: pro4x4-rig-builder-alpha26-wf5-push10/qa-evidence/wf5-push09/wf5-promotion.exit   OK
    testing: pro4x4-rig-builder-alpha26-wf5-push10/qa-evidence/wf5-push09/wf5-visual-safety.log   OK
    testing: pro4x4-rig-builder-alpha26-wf5-push10/qa-evidence/wf5-push09/npm-test.log   OK
    testing: pro4x4-rig-builder-alpha26-wf5-push10/qa-evidence/wf5-push09/npm-test.exit   OK
    testing: pro4x4-rig-builder-alpha26-wf5-push10/qa-evidence/wf5-push09/render-resolver.log   OK
    testing: pro4x4-rig-builder-alpha26-wf5-push10/qa-evidence/wf5-push09/render-resolver.exit   OK
    testing: pro4x4-rig-builder-alpha26-wf5-push10/qa-evidence/wf5-push09/test-gate.exit   OK
    testing: pro4x4-rig-builder-alpha26-wf5-push10/qa-evidence/wf5-push09/js-syntax-sweep.log   OK
    testing: pro4x4-rig-builder-alpha26-wf5-push10/qa-evidence/wf5-push09/npm-check.log   OK
    testing: pro4x4-rig-builder-alpha26-wf5-push10/qa-evidence/wf5-push09/json-parse-sweep.log   OK
    testing: pro4x4-rig-builder-alpha26-wf5-push10/qa-evidence/wf5-push09/test-gate.log   OK
    testing: pro4x4-rig-builder-alpha26-wf5-push10/qa-evidence/wf5-push09/wf5-acceptance.exit   OK
    testing: pro4x4-rig-builder-alpha26-wf5-push10/y62-f34-reconstruction-brief.js   OK
    testing: pro4x4-rig-builder-alpha26-wf5-push10/DEPLOYMENT.md   OK
    testing: pro4x4-rig-builder-alpha26-wf5-push10/catalogue.html   OK
    testing: pro4x4-rig-builder-alpha26-wf5-push10/visual-governance.js   OK
    testing: pro4x4-rig-builder-alpha26-wf5-push10/PUSH_38_WF5_QA_GATE_REPORT.md   OK
    testing: pro4x4-rig-builder-alpha26-wf5-push10/PUSH_26_REPORT.md   OK
    testing: pro4x4-rig-builder-alpha26-wf5-push10/product-visual-contract.js   OK
    testing: pro4x4-rig-builder-alpha26-wf5-push10/y62-canonical-review.html   OK
    testing: pro4x4-rig-builder-alpha26-wf5-push10/workflow-board-data.js.bak   OK
    testing: pro4x4-rig-builder-alpha26-wf5-push10/PUSH_12_REPORT.md   OK
    testing: pro4x4-rig-builder-alpha26-wf5-push10/audit.html   OK
    testing: pro4x4-rig-builder-alpha26-wf5-push10/backend-client.js   OK
    testing: pro4x4-rig-builder-alpha26-wf5-push10/server/   OK
    testing: pro4x4-rig-builder-alpha26-wf5-push10/server/server.js   OK
    testing: pro4x4-rig-builder-alpha26-wf5-push10/server/asset-vault.js   OK
    testing: pro4x4-rig-builder-alpha26-wf5-push10/server/database.js   OK
    testing: pro4x4-rig-builder-alpha26-wf5-push10/server/config.js   OK
    testing: pro4x4-rig-builder-alpha26-wf5-push10/server/security.js   OK
    testing: pro4x4-rig-builder-alpha26-wf5-push10/server/auth.js   OK
    testing: pro4x4-rig-builder-alpha26-wf5-push10/server/asset-delivery.js   OK
    testing: pro4x4-rig-builder-alpha26-wf5-push10/server/auth-gateway.js   OK
    testing: pro4x4-rig-builder-alpha26-wf5-push10/server/migrations/   OK
    testing: pro4x4-rig-builder-alpha26-wf5-push10/server/migrations/002_auth_sessions.sql   OK
    testing: pro4x4-rig-builder-alpha26-wf5-push10/server/migrations/003_asset_registry.sql   OK
    testing: pro4x4-rig-builder-alpha26-wf5-push10/server/migrations/006_render_telemetry.sql   OK
    testing: pro4x4-rig-builder-alpha26-wf5-push10/server/migrations/004_asset_vault.sql   OK
    testing: pro4x4-rig-builder-alpha26-wf5-push10/server/migrations/005_asset_versions.sql   OK
    testing: pro4x4-rig-builder-alpha26-wf5-push10/server/schema.sql   OK
    testing: pro4x4-rig-builder-alpha26-wf5-push10/server/asset-storage.js   OK
    testing: pro4x4-rig-builder-alpha26-wf5-push10/server/observability.js   OK
    testing: pro4x4-rig-builder-alpha26-wf5-push10/WF1_RUN_01_REPORT.md   OK
    testing: pro4x4-rig-builder-alpha26-wf5-push10/PUSH_27_PARALLEL_PUSH02_REPORT.md   OK
    testing: pro4x4-rig-builder-alpha26-wf5-push10/quote.js   OK
    testing: pro4x4-rig-builder-alpha26-wf5-push10/PUSH_28_WF4_PERSISTED_VISUAL_GOVERNANCE_REPORT.md   OK
    testing: pro4x4-rig-builder-alpha26-wf5-push10/workstreams.html   OK
    testing: pro4x4-rig-builder-alpha26-wf5-push10/app.js   OK
    testing: pro4x4-rig-builder-alpha26-wf5-push10/PUSH_13_REPORT.md   OK
    testing: pro4x4-rig-builder-alpha26-wf5-push10/sales.html   OK
    testing: pro4x4-rig-builder-alpha26-wf5-push10/tests/   OK
    testing: pro4x4-rig-builder-alpha26-wf5-push10/tests/render-contract-alpha21.js   OK
    testing: pro4x4-rig-builder-alpha26-wf5-push10/tests/wf3-y62-f34-candidate-alpha26.js   OK
    testing: pro4x4-rig-builder-alpha26-wf5-push10/tests/alpha26-parallel-push03.js   OK
    testing: pro4x4-rig-builder-alpha26-wf5-push10/tests/multi-vehicle-pipeline-alpha24.js   OK
    testing: pro4x4-rig-builder-alpha26-wf5-push10/tests/alpha26-wf4-review-evidence-visibility.js   OK
    testing: pro4x4-rig-builder-alpha26-wf5-push10/tests/asset-registry-alpha14.js   OK
    testing: pro4x4-rig-builder-alpha26-wf5-push10/tests/wf3-y62-f34-transparent-candidate-alpha26.js   OK
    testing: pro4x4-rig-builder-alpha26-wf5-push10/tests/wf5-alpha26-latest-candidates.js   OK
    testing: pro4x4-rig-builder-alpha26-wf5-push10/tests/server-contract-alpha12.js   OK
    testing: pro4x4-rig-builder-alpha26-wf5-push10/tests/merged-project-handoff-alpha24.js   OK
    testing: pro4x4-rig-builder-alpha26-wf5-push10/tests/parallel-workstreams-alpha25.js   OK
    testing: pro4x4-rig-builder-alpha26-wf5-push10/tests/render-state-telemetry-alpha22.js   OK
    testing: pro4x4-rig-builder-alpha26-wf5-push10/tests/wf5-alpha26-promotion-path.js   OK
    testing: pro4x4-rig-builder-alpha26-wf5-push10/tests/alpha26-parallel-push04.js   OK
    testing: pro4x4-rig-builder-alpha26-wf5-push10/tests/security-alpha12.js   OK
    testing: pro4x4-rig-builder-alpha26-wf5-push10/tests/asset-vault-alpha16.js   OK
    testing: pro4x4-rig-builder-alpha26-wf5-push10/tests/asset-ingestion-alpha15.js   OK
    testing: pro4x4-rig-builder-alpha26-wf5-push10/tests/hosted-alpha13.js   OK
    testing: pro4x4-rig-builder-alpha26-wf5-push10/tests/wf5-visual-governance-rejection-alpha26.js   OK
    testing: pro4x4-rig-builder-alpha26-wf5-push10/tests/browser-journey.html   OK
    testing: pro4x4-rig-builder-alpha26-wf5-push10/tests/asset-delivery-storage-alpha19.js   OK
    testing: pro4x4-rig-builder-alpha26-wf5-push10/tests/wf2-ranger-catalogue-alpha26.js   OK
    testing: pro4x4-rig-builder-alpha26-wf5-push10/tests/alpha26-wf4-persisted-visual-governance.js   OK
    testing: pro4x4-rig-builder-alpha26-wf5-push10/tests/alpha26-parallel-push02.js   OK
    testing: pro4x4-rig-builder-alpha26-wf5-push10/tests/smoke-alpha12.js   OK
    testing: pro4x4-rig-builder-alpha26-wf5-push10/tests/browser-journey-alpha12.js   OK
    testing: pro4x4-rig-builder-alpha26-wf5-push10/tests/wf5-alpha26-acceptance-gate.js   OK
    testing: pro4x4-rig-builder-alpha26-wf5-push10/tests/alpha26-parallel-push05.js   OK
    testing: pro4x4-rig-builder-alpha26-wf5-push10/tests/fixtures/   OK
    testing: pro4x4-rig-builder-alpha26-wf5-push10/tests/fixtures/transparent-y62-f34.png   OK
    testing: pro4x4-rig-builder-alpha26-wf5-push10/tests/render-readiness-alpha23.js   OK
    testing: pro4x4-rig-builder-alpha26-wf5-push10/tests/wf2-ranger-support-components-alpha26.js   OK
    testing: pro4x4-rig-builder-alpha26-wf5-push10/tests/merged-alpha23.js   OK
    testing: pro4x4-rig-builder-alpha26-wf5-push10/tests/wf1-conditional-fitment-guidance-alpha26.js   OK
    testing: pro4x4-rig-builder-alpha26-wf5-push10/tests/alpha26-parallel-visual-governance.js   OK
    testing: pro4x4-rig-builder-alpha26-wf5-push10/tests/asset-vault-lifecycle-alpha17.js   OK
    testing: pro4x4-rig-builder-alpha26-wf5-push10/tests/wf1-save-share-integrity-alpha26.js   OK
    testing: pro4x4-rig-builder-alpha26-wf5-push10/tests/asset-version-lineage-alpha18.js   OK
    testing: pro4x4-rig-builder-alpha26-wf5-push10/tests/render-resolver-alpha20.js   OK
    testing: pro4x4-rig-builder-alpha26-wf5-push10/tests/client-journey-alpha12.js   OK
    testing: pro4x4-rig-builder-alpha26-wf5-push10/workstreams.js   OK
    testing: pro4x4-rig-builder-alpha26-wf5-push10/audit.js   OK
    testing: pro4x4-rig-builder-alpha26-wf5-push10/product-visual-contract.js.pre_push2   OK
    testing: pro4x4-rig-builder-alpha26-wf5-push10/styles.css   OK
    testing: pro4x4-rig-builder-alpha26-wf5-push10/seed/   OK
    testing: pro4x4-rig-builder-alpha26-wf5-push10/seed/render-assets.y62.seed.json   OK
    testing: pro4x4-rig-builder-alpha26-wf5-push10/seed/README.md   OK
    testing: pro4x4-rig-builder-alpha26-wf5-push10/seed/bootstrap.seed.json   OK
    testing: pro4x4-rig-builder-alpha26-wf5-push10/data-ranger.js   OK
    testing: pro4x4-rig-builder-alpha26-wf5-push10/PUSH_32_WF4_REVIEW_EVIDENCE_VISIBILITY_REPORT.md   OK
    testing: pro4x4-rig-builder-alpha26-wf5-push10/merged-app.js   OK
    testing: pro4x4-rig-builder-alpha26-wf5-push10/staff-login.html   OK
    testing: pro4x4-rig-builder-alpha26-wf5-push10/PUSH_40_WF5_QA_GATE_REPORT.md   OK
    testing: pro4x4-rig-builder-alpha26-wf5-push10/share.js   OK
    testing: pro4x4-rig-builder-alpha26-wf5-push10/workflow-board-data.js   OK
    testing: pro4x4-rig-builder-alpha26-wf5-push10/PUSH_14_REPORT.md   OK
    testing: pro4x4-rig-builder-alpha26-wf5-push10/PUSH_31_PARALLEL_PUSH05_REPORT.md   OK
    testing: pro4x4-rig-builder-alpha26-wf5-push10/PUSH_28_PARALLEL_PUSH03_REPORT.md   OK
    testing: pro4x4-rig-builder-alpha26-wf5-push10/PUSH_30_PARALLEL_PUSH04_REPORT.md   OK
    testing: pro4x4-rig-builder-alpha26-wf5-push10/asset-inspector.js   OK
    testing: pro4x4-rig-builder-alpha26-wf5-push10/render-preview.js   OK
    testing: pro4x4-rig-builder-alpha26-wf5-push10/projects.js   OK
    testing: pro4x4-rig-builder-alpha26-wf5-push10/PUSH_15_REPORT.md   OK
    testing: pro4x4-rig-builder-alpha26-wf5-push10/ALPHA26_PLANNING_CHECKPOINT.md   OK
    testing: pro4x4-rig-builder-alpha26-wf5-push10/asset-registry-store.js.pre_push2   OK
    testing: pro4x4-rig-builder-alpha26-wf5-push10/references/   OK
    testing: pro4x4-rig-builder-alpha26-wf5-push10/references/y62-owner/   OK
    testing: pro4x4-rig-builder-alpha26-wf5-push10/references/y62-owner/IMG_3762.jpeg   OK
    testing: pro4x4-rig-builder-alpha26-wf5-push10/references/y62-owner/IMG_4030.jpeg   OK
    testing: pro4x4-rig-builder-alpha26-wf5-push10/references/y62-owner/IMG_4512.jpeg   OK
    testing: pro4x4-rig-builder-alpha26-wf5-push10/references/y62-owner/IMG_4028.jpeg   OK
    testing: pro4x4-rig-builder-alpha26-wf5-push10/references/y62-owner/IMG_4508.jpeg   OK
    testing: pro4x4-rig-builder-alpha26-wf5-push10/references/y62-owner/5E67BCCD-7780-4D9E-B83F-418F253D64B3.jpeg   OK
    testing: pro4x4-rig-builder-alpha26-wf5-push10/references/y62-owner/IMG_3745.jpeg   OK
    testing: pro4x4-rig-builder-alpha26-wf5-push10/references/y62-owner/IMG_4540.jpeg   OK
    testing: pro4x4-rig-builder-alpha26-wf5-push10/references/y62-owner/IMG_6320.jpeg   OK
    testing: pro4x4-rig-builder-alpha26-wf5-push10/schemas/   OK
    testing: pro4x4-rig-builder-alpha26-wf5-push10/schemas/audit-event.schema.json   OK
    testing: pro4x4-rig-builder-alpha26-wf5-push10/schemas/project.schema.json   OK
    testing: pro4x4-rig-builder-alpha26-wf5-push10/schemas/seed-bundle.schema.json   OK
    testing: pro4x4-rig-builder-alpha26-wf5-push10/schemas/render-asset.schema.json   OK
    testing: pro4x4-rig-builder-alpha26-wf5-push10/schemas/quote-envelope.schema.json   OK
    testing: pro4x4-rig-builder-alpha26-wf5-push10/schemas/catalogue-accessory.schema.json   OK
    testing: pro4x4-rig-builder-alpha26-wf5-push10/MIGRATION.md   OK
    testing: pro4x4-rig-builder-alpha26-wf5-push10/merged.css   OK
    testing: pro4x4-rig-builder-alpha26-wf5-push10/PUSH_39_WF5_QA_GATE_REPORT.md   OK
    testing: pro4x4-rig-builder-alpha26-wf5-push10/admin.js   OK
    testing: pro4x4-rig-builder-alpha26-wf5-push10/y62-canonical-candidates.js   OK
    testing: pro4x4-rig-builder-alpha26-wf5-push10/asset-registry.js   OK
    testing: pro4x4-rig-builder-alpha26-wf5-push10/y62-readiness-plan.js   OK
    testing: pro4x4-rig-builder-alpha26-wf5-push10/PUSH_36_WF5_QA_GATE_REPORT.md   OK
    testing: pro4x4-rig-builder-alpha26-wf5-push10/ROLE_MODEL.md   OK
    testing: pro4x4-rig-builder-alpha26-wf5-push10/PUSH_32_WF2_RANGER_CATALOGUE_REPORT.md   OK
    testing: pro4x4-rig-builder-alpha26-wf5-push10/PUSH_11_REPORT.md   OK
    testing: pro4x4-rig-builder-alpha26-wf5-push10/.env.example   OK
    testing: pro4x4-rig-builder-alpha26-wf5-push10/admin.html   OK
    testing: pro4x4-rig-builder-alpha26-wf5-push10/API_CONTRACT.md   OK
    testing: pro4x4-rig-builder-alpha26-wf5-push10/asset-registry-store.js   OK
    testing: pro4x4-rig-builder-alpha26-wf5-push10/readiness.js   OK
    testing: pro4x4-rig-builder-alpha26-wf5-push10/.dockerignore   OK
    testing: pro4x4-rig-builder-alpha26-wf5-push10/package.json   OK
    testing: pro4x4-rig-builder-alpha26-wf5-push10/runtime/   OK
    testing: pro4x4-rig-builder-alpha26-wf5-push10/runtime/asset-vault/   OK
    testing: pro4x4-rig-builder-alpha26-wf5-push10/PRODUCTION_CHECKLIST.md   OK
    testing: pro4x4-rig-builder-alpha26-wf5-push10/quote.html   OK
    testing: pro4x4-rig-builder-alpha26-wf5-push10/migration.js   OK
    testing: pro4x4-rig-builder-alpha26-wf5-push10/y62-alpha22.html   OK
    testing: pro4x4-rig-builder-alpha26-wf5-push10/DATABASE_SEED.md   OK
    testing: pro4x4-rig-builder-alpha26-wf5-push10/.github/   OK
    testing: pro4x4-rig-builder-alpha26-wf5-push10/.github/workflows/   OK
    testing: pro4x4-rig-builder-alpha26-wf5-push10/.github/workflows/ci.yml   OK
    testing: pro4x4-rig-builder-alpha26-wf5-push10/deploy/   OK
    testing: pro4x4-rig-builder-alpha26-wf5-push10/deploy/docker-compose.yml   OK
    testing: pro4x4-rig-builder-alpha26-wf5-push10/readiness.html   OK
    testing: pro4x4-rig-builder-alpha26-wf5-push10/sales.js   OK
    testing: pro4x4-rig-builder-alpha26-wf5-push10/backups/   OK
    testing: pro4x4-rig-builder-alpha26-wf5-push10/camera-profiles-y62.js   OK
    testing: pro4x4-rig-builder-alpha26-wf5-push10/SCHEMA.md   OK
    testing: pro4x4-rig-builder-alpha26-wf5-push10/quote-contract.js   OK
No errors detected in compressed data of /mnt/data/PRO4X4_Rig_Builder_Alpha26_WF5_QA_Push_10.precheck.zip.
