
> pro4x4-rig-builder-merged-alpha26@0.26.27 test:render-resolver
> node tests/render-resolver-alpha20.js && node tests/render-contract-alpha21.js && node tests/render-state-telemetry-alpha22.js && node tests/render-readiness-alpha23.js

(node:919) ExperimentalWarning: SQLite is an experimental feature and might change at any time
(Use `node --trace-warnings ...` to show where the warning was created)
{"ts":"2026-09-14T08:29:06.613Z","level":"info","service":"pro4x4-rig-builder","env":"development","event":"request.complete","requestId":"REQ-MU0ZEKKX-MCRPNM","method":"POST","path":"/api/v1/render/resolve","status":200,"durationMs":3,"fingerprint":"b07a760ab58004d3"}
{"ts":"2026-09-14T08:29:06.616Z","level":"info","service":"pro4x4-rig-builder","env":"development","event":"request.complete","requestId":"REQ-MU0ZEKL3-B2KVMN","method":"POST","path":"/api/v1/render/resolve","status":200,"durationMs":1,"fingerprint":"b07a760ab58004d3"}
{"ts":"2026-09-14T08:29:06.625Z","level":"info","service":"pro4x4-rig-builder","env":"development","event":"request.complete","requestId":"REQ-MU0ZEKL5-56S70M","method":"PUT","path":"/api/v1/staff/render-assets/Y62-FRONT34-01-BASE/binary","status":201,"durationMs":8,"fingerprint":"b07a760ab58004d3"}
{"ts":"2026-09-14T08:29:06.628Z","level":"info","service":"pro4x4-rig-builder","env":"development","event":"request.complete","requestId":"REQ-MU0ZEKLF-0EMNGR","method":"PUT","path":"/api/v1/staff/render-assets/Y62-FRONT34-01-BASE","status":200,"durationMs":1,"fingerprint":"b07a760ab58004d3"}
{"ts":"2026-09-14T08:29:06.629Z","level":"info","service":"pro4x4-rig-builder","env":"development","event":"request.complete","requestId":"REQ-MU0ZEKLG-ETI1AN","method":"POST","path":"/api/v1/render/resolve","status":200,"durationMs":1,"fingerprint":"b07a760ab58004d3"}
{"ts":"2026-09-14T08:29:06.631Z","level":"info","service":"pro4x4-rig-builder","env":"development","event":"request.complete","requestId":"REQ-MU0ZEKLI-5E2U5G","method":"GET","path":"/api/v1/render-assets/Y62-FRONT34-01-BASE/binary?sha=ffadaa37ecaa9f6a91bc7c7df4bd78f18ab05b1be135b7de05d7784c09c65941","status":200,"durationMs":1,"fingerprint":"b07a760ab58004d3"}
{"ts":"2026-09-14T08:29:06.632Z","level":"info","service":"pro4x4-rig-builder","env":"development","event":"request.complete","requestId":"REQ-MU0ZEKLK-0YNPIO","method":"GET","path":"/api/v1/render-assets/Y62-FRONT34-01-BASE/binary?sha=0000000000000000000000000000000000000000000000000000000000000000","status":409,"durationMs":0,"fingerprint":"b07a760ab58004d3"}
{
  "alpha": 20,
  "dbMigration": 5,
  "publicResolver": true,
  "states": [
    "available",
    "missing",
    "blocked"
  ],
  "exactSkuNoSubstitution": true,
  "checksumPinnedBinary": true,
  "customerReferenceFallback": "none",
  "partialStackSupported": true,
  "noFakeProductionSeed": true,
  "status": "pass"
}
Alpha 21 render contract: PASS
(node:933) ExperimentalWarning: SQLite is an experimental feature and might change at any time
(Use `node --trace-warnings ...` to show where the warning was created)
{"ts":"2026-09-14T08:29:06.723Z","level":"info","service":"pro4x4-rig-builder","env":"development","event":"request.complete","requestId":"REQ-MU0ZEKNZ-67PGNM","method":"POST","path":"/api/v1/render/resolve","status":200,"durationMs":4,"fingerprint":"b07a760ab58004d3"}
{"ts":"2026-09-14T08:29:06.731Z","level":"info","service":"pro4x4-rig-builder","env":"development","event":"request.complete","requestId":"REQ-MU0ZEKO5-C5T5C1","method":"PUT","path":"/api/v1/staff/render-assets/Y62-FRONT34-01-BASE/binary","status":201,"durationMs":6,"fingerprint":"b07a760ab58004d3"}
{"ts":"2026-09-14T08:29:06.733Z","level":"info","service":"pro4x4-rig-builder","env":"development","event":"request.complete","requestId":"REQ-MU0ZEKOC-85SRAY","method":"PUT","path":"/api/v1/staff/render-assets/Y62-FRONT34-01-BASE","status":200,"durationMs":1,"fingerprint":"b07a760ab58004d3"}
{"ts":"2026-09-14T08:29:06.735Z","level":"info","service":"pro4x4-rig-builder","env":"development","event":"request.complete","requestId":"REQ-MU0ZEKOE-D72H9D","method":"POST","path":"/api/v1/render/resolve","status":200,"durationMs":1,"fingerprint":"b07a760ab58004d3"}
{"ts":"2026-09-14T08:29:06.736Z","level":"info","service":"pro4x4-rig-builder","env":"development","event":"request.complete","requestId":"REQ-MU0ZEKOF-QKTY76","method":"POST","path":"/api/v1/render/telemetry","status":202,"durationMs":1,"fingerprint":"b07a760ab58004d3"}
{"ts":"2026-09-14T08:29:06.737Z","level":"info","service":"pro4x4-rig-builder","env":"development","event":"request.complete","requestId":"REQ-MU0ZEKOH-0FPE4U","method":"GET","path":"/api/v1/staff/render-telemetry?vehicleId=nissan-y62-warrior-2025&viewId=front34&limit=10","status":200,"durationMs":0,"fingerprint":"b07a760ab58004d3"}
{
  "alpha": 22,
  "dbMigration": 6,
  "paintStateExactMatch": true,
  "wheelStateExactMatch": true,
  "validatedPaintsSelectable": 4,
  "loadRetryAttempts": 3,
  "telemetryPersisted": true,
  "staffTelemetry": true,
  "backupTelemetry": true,
  "noFallback": true,
  "noFakeProductionSeed": true,
  "status": "pass"
}
(node:940) ExperimentalWarning: SQLite is an experimental feature and might change at any time
(Use `node --trace-warnings ...` to show where the warning was created)
{"ts":"2026-09-14T08:29:06.810Z","level":"info","service":"pro4x4-rig-builder","env":"development","event":"request.complete","requestId":"REQ-MU0ZEKQF-A50OM0","method":"GET","path":"/api/v1/staff/render-readiness?vehicleId=nissan-y62-warrior-2025","status":200,"durationMs":2,"fingerprint":"b07a760ab58004d3"}
{"ts":"2026-09-14T08:29:06.816Z","level":"info","service":"pro4x4-rig-builder","env":"development","event":"request.complete","requestId":"REQ-MU0ZEKQL-XIGFAV","method":"POST","path":"/api/v1/staff/render-readiness/slots/sync","status":200,"durationMs":3,"fingerprint":"b07a760ab58004d3"}
{"ts":"2026-09-14T08:29:06.819Z","level":"info","service":"pro4x4-rig-builder","env":"development","event":"request.complete","requestId":"REQ-MU0ZEKQP-9XMR4X","method":"POST","path":"/api/v1/staff/render-readiness/slots/sync","status":200,"durationMs":1,"fingerprint":"b07a760ab58004d3"}
{
  "alpha": 23,
  "plannedCoreSlots": 15,
  "existingCoreSlots": 6,
  "createdAssetNeededSlots": 9,
  "idempotentSync": true,
  "productionReadySeed": 0,
  "readinessMatrix": true,
  "telemetryHealth": true,
  "noFakeLayerRule": true,
  "status": "pass"
}
