
> pro4x4-rig-builder-merged-alpha26@0.26.23 test
> node tests/smoke-alpha12.js && node tests/server-contract-alpha12.js && node tests/client-journey-alpha12.js && node tests/security-alpha12.js && node tests/hosted-alpha13.js && node tests/asset-registry-alpha14.js && node tests/asset-ingestion-alpha15.js && node tests/asset-vault-alpha16.js && node tests/asset-vault-lifecycle-alpha17.js && node tests/asset-version-lineage-alpha18.js && node tests/asset-delivery-storage-alpha19.js && node tests/render-resolver-alpha20.js && node tests/render-contract-alpha21.js && node tests/render-state-telemetry-alpha22.js && node tests/render-readiness-alpha23.js && node tests/merged-alpha23.js && node tests/merged-project-handoff-alpha24.js && node tests/multi-vehicle-pipeline-alpha24.js && node tests/parallel-workstreams-alpha25.js && node tests/alpha26-parallel-visual-governance.js && node tests/alpha26-parallel-push02.js && node tests/alpha26-wf4-persisted-visual-governance.js && node tests/wf1-save-share-integrity-alpha26.js && node tests/wf3-y62-f34-candidate-alpha26.js && node tests/alpha26-parallel-push03.js && node tests/alpha26-parallel-push04.js && node tests/alpha26-parallel-push05.js && node tests/wf1-conditional-fitment-guidance-alpha26.js && node tests/wf1-anyof-dependency-integrity-alpha26.js && node tests/wf1-catalogue-browse-path-alpha26.js && node tests/wf1-immutable-handoff-review-alpha26.js && node tests/wf1-handoff-receipt-alpha26.js && node tests/wf1-preselection-compatibility-alpha26.js && node tests/wf1-build-summary-trace-alpha26.js && node tests/wf1-visual-state-explainability-alpha26.js && node tests/wf1-immutable-handoff-visual-detail-alpha26.js && node tests/wf1-shared-build-parity-alpha26.js && node tests/wf1-exclusive-replacement-impact-alpha26.js && node tests/wf1-selection-aware-navigation-alpha26.js && node tests/wf1-browse-session-recovery-alpha26.js && node tests/wf1-revision-navigation-alpha26.js && node tests/wf1-preselection-related-navigation-alpha26.js && node tests/wf1-constraint-inspection-return-alpha26.js && node tests/wf1-handoff-requirement-navigation-alpha26.js && node tests/wf1-receipt-requirement-navigation-alpha26.js && node tests/wf1-persisted-receipt-bom-parity-alpha26.js

{
  "quotes": 1,
  "catalogueAccessories": 11,
  "auditEvents": 3,
  "seedReport": {
    "catalogues": 1,
    "quotes": 0,
    "projects": 0,
    "errors": []
  },
  "projectId": "P4X4-PROJ-20260914-L_ZHNF_P",
  "shareStoredAsHash": true
}
(node:679) ExperimentalWarning: SQLite is an experimental feature and might change at any time
(Use `node --trace-warnings ...` to show where the warning was created)
{"ts":"2026-09-14T04:30:47.073Z","level":"info","service":"pro4x4-rig-builder","env":"development","event":"request.complete","requestId":"REQ-MU0QW2ZJ-ITZB2A","method":"GET","path":"/api/v1/health","status":200,"durationMs":2,"fingerprint":"1049becf6f27b9b2"}
{"ts":"2026-09-14T04:30:47.081Z","level":"info","service":"pro4x4-rig-builder","env":"development","event":"request.complete","requestId":"REQ-MU0QW2ZS-D36PZA","method":"GET","path":"/api/v1/catalogue/nissan-y62-warrior-2025","status":200,"durationMs":1,"fingerprint":"1049becf6f27b9b2"}
{"ts":"2026-09-14T04:30:47.089Z","level":"info","service":"pro4x4-rig-builder","env":"development","event":"request.complete","requestId":"REQ-MU0QW2ZZ-GN1DRN","method":"POST","path":"/api/v1/builds","status":201,"durationMs":1,"fingerprint":"1049becf6f27b9b2"}
{"ts":"2026-09-14T04:30:47.092Z","level":"info","service":"pro4x4-rig-builder","env":"development","event":"request.complete","requestId":"REQ-MU0QW303-F2C0SM","method":"GET","path":"/api/v1/staff/quotes","status":200,"durationMs":0,"fingerprint":"1049becf6f27b9b2"}
{"ts":"2026-09-14T04:30:47.094Z","level":"info","service":"pro4x4-rig-builder","env":"development","event":"request.complete","requestId":"REQ-MU0QW306-KR6E2Y","method":"GET","path":"/api/v1/staff/quotes/P4X4-ALPHA11-CONTRACT","status":200,"durationMs":0,"fingerprint":"1049becf6f27b9b2"}
{"ts":"2026-09-14T04:30:47.097Z","level":"info","service":"pro4x4-rig-builder","env":"development","event":"request.complete","requestId":"REQ-MU0QW308-BIY72Q","method":"PATCH","path":"/api/v1/staff/settings/quote","status":200,"durationMs":1,"fingerprint":"1049becf6f27b9b2"}
{"ts":"2026-09-14T04:30:47.099Z","level":"info","service":"pro4x4-rig-builder","env":"development","event":"request.complete","requestId":"REQ-MU0QW30B-61NOXS","method":"POST","path":"/api/v1/staff/quotes/P4X4-ALPHA11-CONTRACT/finalise","status":200,"durationMs":1,"fingerprint":"1049becf6f27b9b2"}
{"ts":"2026-09-14T04:30:47.102Z","level":"info","service":"pro4x4-rig-builder","env":"development","event":"request.complete","requestId":"REQ-MU0QW30D-HHQNIJ","method":"PUT","path":"/api/v1/staff/catalogue/nissan-y62-warrior-2025/draft","status":200,"durationMs":1,"fingerprint":"1049becf6f27b9b2"}
{"ts":"2026-09-14T04:30:47.105Z","level":"info","service":"pro4x4-rig-builder","env":"development","event":"request.complete","requestId":"REQ-MU0QW30G-2OTUE4","method":"GET","path":"/api/v1/staff/catalogue/nissan-y62-warrior-2025/draft","status":200,"durationMs":1,"fingerprint":"1049becf6f27b9b2"}
{"ts":"2026-09-14T04:30:47.108Z","level":"info","service":"pro4x4-rig-builder","env":"development","event":"request.complete","requestId":"REQ-MU0QW30K-35P2OR","method":"DELETE","path":"/api/v1/staff/catalogue/nissan-y62-warrior-2025/draft","status":204,"durationMs":0,"fingerprint":"1049becf6f27b9b2"}
{"ts":"2026-09-14T04:30:47.112Z","level":"info","service":"pro4x4-rig-builder","env":"development","event":"request.complete","requestId":"REQ-MU0QW30N-1I93PR","method":"POST","path":"/api/v1/projects/P4X4-PROJ-CONTRACT/revisions","status":201,"durationMs":1,"fingerprint":"1049becf6f27b9b2"}
{"ts":"2026-09-14T04:30:47.113Z","level":"info","service":"pro4x4-rig-builder","env":"development","event":"request.complete","requestId":"REQ-MU0QW30P-C7GH84","method":"GET","path":"/api/v1/projects","status":200,"durationMs":0,"fingerprint":"1049becf6f27b9b2"}
{"ts":"2026-09-14T04:30:47.115Z","level":"info","service":"pro4x4-rig-builder","env":"development","event":"request.complete","requestId":"REQ-MU0QW30R-G4NXLZ","method":"POST","path":"/api/v1/projects/P4X4-PROJ-CONTRACT/revisions","status":201,"durationMs":1,"fingerprint":"1049becf6f27b9b2"}
{"ts":"2026-09-14T04:30:47.117Z","level":"error","service":"pro4x4-rig-builder","env":"development","event":"request.error","requestId":"REQ-MU0QW30T-BWS8GC","method":"POST","path":"/api/v1/projects/P4X4-PROJ-CONTRACT/revisions","status":409,"code":"version_conflict","fingerprint":"1049becf6f27b9b2"}
{"ts":"2026-09-14T04:30:47.117Z","level":"info","service":"pro4x4-rig-builder","env":"development","event":"request.complete","requestId":"REQ-MU0QW30T-BWS8GC","method":"POST","path":"/api/v1/projects/P4X4-PROJ-CONTRACT/revisions","status":409,"durationMs":1,"fingerprint":"1049becf6f27b9b2"}
{"ts":"2026-09-14T04:30:47.119Z","level":"info","service":"pro4x4-rig-builder","env":"development","event":"request.complete","requestId":"REQ-MU0QW30U-7VJPHQ","method":"PUT","path":"/api/v1/projects/P4X4-PROJ-CONTRACT/current-revision","status":200,"durationMs":1,"fingerprint":"1049becf6f27b9b2"}
{"ts":"2026-09-14T04:30:47.121Z","level":"info","service":"pro4x4-rig-builder","env":"development","event":"request.complete","requestId":"REQ-MU0QW30W-Z019JM","method":"POST","path":"/api/v1/projects/P4X4-PROJ-CONTRACT/shares","status":201,"durationMs":1,"fingerprint":"1049becf6f27b9b2"}
{"ts":"2026-09-14T04:30:47.123Z","level":"info","service":"pro4x4-rig-builder","env":"development","event":"request.complete","requestId":"REQ-MU0QW30Y-0AY4R6","method":"GET","path":"/api/v1/shares/b4VDxVcDGc8oO7JDMtMt5UU2nCSnXABlgaIHg-32TRE","status":200,"durationMs":1,"fingerprint":"1049becf6f27b9b2"}
{"ts":"2026-09-14T04:30:47.124Z","level":"info","service":"pro4x4-rig-builder","env":"development","event":"request.complete","requestId":"REQ-MU0QW310-54NP3E","method":"DELETE","path":"/api/v1/projects/P4X4-PROJ-CONTRACT/shares/1ae169a7d0ad92340d7639a7de4dcf642804c058d8d72ca82591bc8a53924b9a","status":204,"durationMs":1,"fingerprint":"1049becf6f27b9b2"}
{"ts":"2026-09-14T04:30:47.125Z","level":"info","service":"pro4x4-rig-builder","env":"development","event":"request.complete","requestId":"REQ-MU0QW311-QPD0KK","method":"GET","path":"/api/v1/shares/b4VDxVcDGc8oO7JDMtMt5UU2nCSnXABlgaIHg-32TRE","status":404,"durationMs":0,"fingerprint":"1049becf6f27b9b2"}
{"ts":"2026-09-14T04:30:47.126Z","level":"error","service":"pro4x4-rig-builder","env":"development","event":"request.error","requestId":"REQ-MU0QW312-9MOBX3","method":"GET","path":"/api/v1/projects/P4X4-PROJ-CONTRACT","status":403,"code":"forbidden","fingerprint":"1049becf6f27b9b2"}
{"ts":"2026-09-14T04:30:47.126Z","level":"info","service":"pro4x4-rig-builder","env":"development","event":"request.complete","requestId":"REQ-MU0QW312-9MOBX3","method":"GET","path":"/api/v1/projects/P4X4-PROJ-CONTRACT","status":403,"durationMs":0,"fingerprint":"1049becf6f27b9b2"}
{"ts":"2026-09-14T04:30:47.128Z","level":"info","service":"pro4x4-rig-builder","env":"development","event":"request.complete","requestId":"REQ-MU0QW314-XKW5W4","method":"GET","path":"/api/v1/projects","status":200,"durationMs":0,"fingerprint":"1049becf6f27b9b2"}
{"ts":"2026-09-14T04:30:47.130Z","level":"info","service":"pro4x4-rig-builder","env":"development","event":"request.complete","requestId":"REQ-MU0QW315-IF883B","method":"GET","path":"/api/v1/staff/audit?limit=500","status":200,"durationMs":1,"fingerprint":"1049becf6f27b9b2"}
{"ts":"2026-09-14T04:30:47.131Z","level":"error","service":"pro4x4-rig-builder","env":"development","event":"request.error","requestId":"REQ-MU0QW317-A5Q6F8","method":"GET","path":"/api/v1/admin/backup","status":403,"code":"forbidden","fingerprint":"1049becf6f27b9b2"}
{"ts":"2026-09-14T04:30:47.131Z","level":"info","service":"pro4x4-rig-builder","env":"development","event":"request.complete","requestId":"REQ-MU0QW317-A5Q6F8","method":"GET","path":"/api/v1/admin/backup","status":403,"durationMs":0,"fingerprint":"1049becf6f27b9b2"}
{"ts":"2026-09-14T04:30:47.135Z","level":"info","service":"pro4x4-rig-builder","env":"development","event":"request.complete","requestId":"REQ-MU0QW318-CJ3DAG","method":"GET","path":"/api/v1/admin/backup","status":200,"durationMs":3,"fingerprint":"1049becf6f27b9b2"}
{"ts":"2026-09-14T04:30:47.137Z","level":"info","service":"pro4x4-rig-builder","env":"development","event":"request.complete","requestId":"REQ-MU0QW31D-0X6RQA","method":"PATCH","path":"/api/v1/staff/settings/quote","status":200,"durationMs":0,"fingerprint":"1049becf6f27b9b2"}
{"ts":"2026-09-14T04:30:47.142Z","level":"info","service":"pro4x4-rig-builder","env":"development","event":"request.complete","requestId":"REQ-MU0QW31F-LTPWV1","method":"POST","path":"/api/v1/admin/backup/restore","status":200,"durationMs":3,"fingerprint":"1049becf6f27b9b2"}
{"ts":"2026-09-14T04:30:47.143Z","level":"info","service":"pro4x4-rig-builder","env":"development","event":"request.complete","requestId":"REQ-MU0QW31J-YIUPE7","method":"GET","path":"/api/v1/staff/settings/quote","status":200,"durationMs":0,"fingerprint":"1049becf6f27b9b2"}
{"ts":"2026-09-14T04:30:47.145Z","level":"info","service":"pro4x4-rig-builder","env":"development","event":"request.complete","requestId":"REQ-MU0QW31K-P6TJ3J","method":"GET","path":"/sales.html","status":200,"durationMs":0,"fingerprint":"1049becf6f27b9b2"}
{"ts":"2026-09-14T04:30:47.146Z","level":"info","service":"pro4x4-rig-builder","env":"development","event":"request.complete","requestId":"REQ-MU0QW31M-QCFZD5","method":"GET","path":"/api/v1/staff/audit?limit=500","status":200,"durationMs":0,"fingerprint":"1049becf6f27b9b2"}
{
  "schemaVersion": "0.12.0",
  "catalogueAccessories": 11,
  "quotes": 1,
  "projectRevision": "R0001",
  "projectList": true,
  "restoreRevision": true,
  "ownerIsolation": true,
  "auditEvents": 35,
  "backupTables": [
    "quotes",
    "catalogueRevisions",
    "projects",
    "shares",
    "auditEvents"
  ],
  "httpStatic": true
}
(node:686) ExperimentalWarning: SQLite is an experimental feature and might change at any time
(Use `node --trace-warnings ...` to show where the warning was created)
{"ts":"2026-09-14T04:30:47.226Z","level":"info","service":"pro4x4-rig-builder","env":"development","event":"request.complete","requestId":"REQ-MU0QW33S-TQZL0O","method":"GET","path":"/api/v1/catalogue/nissan-y62-warrior-2025","status":200,"durationMs":2,"fingerprint":"1049becf6f27b9b2"}
{"ts":"2026-09-14T04:30:47.237Z","level":"info","service":"pro4x4-rig-builder","env":"development","event":"request.complete","requestId":"REQ-MU0QW344-ZJ4XQ6","method":"POST","path":"/api/v1/projects/P4X4-PROJ-CLIENT-1789360247232/revisions","status":201,"durationMs":1,"fingerprint":"1049becf6f27b9b2"}
{"ts":"2026-09-14T04:30:47.241Z","level":"info","service":"pro4x4-rig-builder","env":"development","event":"request.complete","requestId":"REQ-MU0QW348-FC1NE5","method":"GET","path":"/api/v1/projects","status":200,"durationMs":1,"fingerprint":"1049becf6f27b9b2"}
{"ts":"2026-09-14T04:30:47.244Z","level":"info","service":"pro4x4-rig-builder","env":"development","event":"request.complete","requestId":"REQ-MU0QW34B-EZOHNU","method":"POST","path":"/api/v1/projects/P4X4-PROJ-CLIENT-1789360247232/shares","status":201,"durationMs":1,"fingerprint":"1049becf6f27b9b2"}
{"ts":"2026-09-14T04:30:47.246Z","level":"info","service":"pro4x4-rig-builder","env":"development","event":"request.complete","requestId":"REQ-MU0QW34D-GHYKP5","method":"GET","path":"/api/v1/shares/1X2egLDjCEymQ7CGYoRmut8gPpIxf7JD7UNDLZBJ-Nw","status":200,"durationMs":1,"fingerprint":"1049becf6f27b9b2"}
{"ts":"2026-09-14T04:30:47.248Z","level":"info","service":"pro4x4-rig-builder","env":"development","event":"request.complete","requestId":"REQ-MU0QW34G-HNRT04","method":"POST","path":"/api/v1/builds","status":201,"durationMs":1,"fingerprint":"1049becf6f27b9b2"}
{"ts":"2026-09-14T04:30:47.251Z","level":"info","service":"pro4x4-rig-builder","env":"development","event":"request.complete","requestId":"REQ-MU0QW34I-HBYT5R","method":"PATCH","path":"/api/v1/staff/quotes/P4X4-CLIENT-1789360247232","status":200,"durationMs":1,"fingerprint":"1049becf6f27b9b2"}
{"ts":"2026-09-14T04:30:47.252Z","level":"info","service":"pro4x4-rig-builder","env":"development","event":"request.complete","requestId":"REQ-MU0QW34K-7D7JPC","method":"POST","path":"/api/v1/staff/quotes/P4X4-CLIENT-1789360247232/finalise","status":200,"durationMs":1,"fingerprint":"1049becf6f27b9b2"}
{"ts":"2026-09-14T04:30:47.254Z","level":"info","service":"pro4x4-rig-builder","env":"development","event":"request.complete","requestId":"REQ-MU0QW34M-C1MRO8","method":"DELETE","path":"/api/v1/projects/P4X4-PROJ-CLIENT-1789360247232/shares/4ca7190f4c60083791b8f7ddaace1fbdfee49a0dacebfff86f3bd93a8d1e3e25","status":204,"durationMs":1,"fingerprint":"1049becf6f27b9b2"}
{
  "schemaVersion": "0.12.0",
  "client": "browser-adapter-vm",
  "backend": "http-server",
  "catalogueAccessories": 11,
  "projectRevision": "R0001",
  "workflow": [
    "save",
    "list",
    "share",
    "queue",
    "staff-review",
    "formal-quote"
  ],
  "quoteTotal": 500,
  "status": "pass"
}
(node:693) ExperimentalWarning: SQLite is an experimental feature and might change at any time
(Use `node --trace-warnings ...` to show where the warning was created)
{"ts":"2026-09-14T04:30:47.355Z","level":"info","service":"pro4x4-rig-builder","env":"development","event":"request.complete","requestId":"REQ-MU0QW37D-EQC455","method":"GET","path":"/api/v1/health","status":200,"durationMs":2,"fingerprint":"1049becf6f27b9b2"}
{"ts":"2026-09-14T04:30:47.364Z","level":"info","service":"pro4x4-rig-builder","env":"development","event":"request.complete","requestId":"REQ-MU0QW37N-1KC63Q","method":"GET","path":"/api/v1/auth/session","status":200,"durationMs":1,"fingerprint":"1049becf6f27b9b2"}
{"ts":"2026-09-14T04:30:47.366Z","level":"error","service":"pro4x4-rig-builder","env":"development","event":"request.error","requestId":"REQ-MU0QW37Q-09CNJN","method":"GET","path":"/api/v1/staff/quotes","status":403,"code":"forbidden","fingerprint":"1049becf6f27b9b2"}
{"ts":"2026-09-14T04:30:47.367Z","level":"info","service":"pro4x4-rig-builder","env":"development","event":"request.complete","requestId":"REQ-MU0QW37Q-09CNJN","method":"GET","path":"/api/v1/staff/quotes","status":403,"durationMs":1,"fingerprint":"1049becf6f27b9b2"}
{"ts":"2026-09-14T04:30:47.368Z","level":"error","service":"pro4x4-rig-builder","env":"development","event":"request.error","requestId":"REQ-MU0QW37S-51SOYX","method":"GET","path":"/api/v1/staff/quotes","status":403,"code":"forbidden","fingerprint":"1049becf6f27b9b2"}
{"ts":"2026-09-14T04:30:47.368Z","level":"info","service":"pro4x4-rig-builder","env":"development","event":"request.complete","requestId":"REQ-MU0QW37S-51SOYX","method":"GET","path":"/api/v1/staff/quotes","status":403,"durationMs":0,"fingerprint":"1049becf6f27b9b2"}
{"ts":"2026-09-14T04:30:47.373Z","level":"info","service":"pro4x4-rig-builder","env":"development","event":"request.complete","requestId":"REQ-MU0QW37W-FDC9AN","method":"POST","path":"/api/v1/auth/dev-login","status":201,"durationMs":1,"fingerprint":"1049becf6f27b9b2"}
{"ts":"2026-09-14T04:30:47.375Z","level":"info","service":"pro4x4-rig-builder","env":"development","event":"request.complete","requestId":"REQ-MU0QW37Z-SDM183","method":"GET","path":"/api/v1/staff/quotes","status":200,"durationMs":0,"fingerprint":"1049becf6f27b9b2"}
{"ts":"2026-09-14T04:30:47.376Z","level":"error","service":"pro4x4-rig-builder","env":"development","event":"request.error","requestId":"REQ-MU0QW380-Q90V6W","method":"POST","path":"/api/v1/builds","status":403,"code":"origin_forbidden","fingerprint":"1049becf6f27b9b2"}
{"ts":"2026-09-14T04:30:47.376Z","level":"info","service":"pro4x4-rig-builder","env":"development","event":"request.complete","requestId":"REQ-MU0QW380-Q90V6W","method":"POST","path":"/api/v1/builds","status":403,"durationMs":0,"fingerprint":"1049becf6f27b9b2"}
{"ts":"2026-09-14T04:30:47.378Z","level":"error","service":"pro4x4-rig-builder","env":"development","event":"request.error","requestId":"REQ-MU0QW382-CL6Y2T","method":"POST","path":"/api/v1/builds","status":413,"code":"payload_too_large","fingerprint":"1049becf6f27b9b2"}
{"ts":"2026-09-14T04:30:47.378Z","level":"info","service":"pro4x4-rig-builder","env":"development","event":"request.complete","requestId":"REQ-MU0QW382-CL6Y2T","method":"POST","path":"/api/v1/builds","status":413,"durationMs":0,"fingerprint":"1049becf6f27b9b2"}
{"ts":"2026-09-14T04:30:47.381Z","level":"info","service":"pro4x4-rig-builder","env":"development","event":"request.complete","requestId":"REQ-MU0QW384-U9FZIF","method":"POST","path":"/api/v1/auth/logout","status":200,"durationMs":1,"fingerprint":"1049becf6f27b9b2"}
{"ts":"2026-09-14T04:30:47.382Z","level":"error","service":"pro4x4-rig-builder","env":"development","event":"request.error","requestId":"REQ-MU0QW386-I4PZB9","method":"GET","path":"/api/v1/staff/quotes","status":403,"code":"forbidden","fingerprint":"1049becf6f27b9b2"}
{"ts":"2026-09-14T04:30:47.383Z","level":"info","service":"pro4x4-rig-builder","env":"development","event":"request.complete","requestId":"REQ-MU0QW386-I4PZB9","method":"GET","path":"/api/v1/staff/quotes","status":403,"durationMs":0,"fingerprint":"1049becf6f27b9b2"}
{"ts":"2026-09-14T04:30:47.394Z","level":"info","service":"pro4x4-rig-builder","env":"development","event":"request.complete","requestId":"REQ-MU0QW38H-Z5VVX0","method":"GET","path":"/api/v1/auth/session","status":200,"durationMs":0,"fingerprint":"1049becf6f27b9b2"}
{"ts":"2026-09-14T04:30:47.395Z","level":"info","service":"pro4x4-rig-builder","env":"development","event":"request.complete","requestId":"REQ-MU0QW38J-BQ1TK0","method":"GET","path":"/api/v1/auth/session","status":200,"durationMs":0,"fingerprint":"1049becf6f27b9b2"}
{"ts":"2026-09-14T04:30:47.396Z","level":"info","service":"pro4x4-rig-builder","env":"development","event":"request.complete","requestId":"REQ-MU0QW38J-ZT2QQX","method":"GET","path":"/api/v1/auth/session","status":200,"durationMs":0,"fingerprint":"1049becf6f27b9b2"}
{"ts":"2026-09-14T04:30:47.396Z","level":"error","service":"pro4x4-rig-builder","env":"development","event":"request.error","requestId":"REQ-MU0QW38K-IZHIWL","method":"GET","path":"/api/v1/auth/session","status":429,"code":"rate_limited","fingerprint":"1049becf6f27b9b2"}
{"ts":"2026-09-14T04:30:47.396Z","level":"info","service":"pro4x4-rig-builder","env":"development","event":"request.complete","requestId":"REQ-MU0QW38K-IZHIWL","method":"GET","path":"/api/v1/auth/session","status":429,"durationMs":0,"fingerprint":"1049becf6f27b9b2"}
{
  "schemaVersion": "0.12.0",
  "sessionCookie": true,
  "httpOnlyBoundary": true,
  "prototypeHeadersRejected": true,
  "ownerDefaultRole": "customer",
  "databaseMigration": 3,
  "securityHeaders": true,
  "crossOriginMutationBlocked": true,
  "bodyLimit": true,
  "rateLimit": true,
  "logoutRevocation": true,
  "status": "pass"
}
(node:700) ExperimentalWarning: SQLite is an experimental feature and might change at any time
(Use `node --trace-warnings ...` to show where the warning was created)
{"ts":"2026-09-14T04:30:47.493Z","level":"info","service":"pro4x4-rig-builder","env":"development","event":"request.complete","requestId":"REQ-MU0QW3B7-9HMYXQ","method":"GET","path":"/api/v1/ready","status":200,"durationMs":2,"fingerprint":"1049becf6f27b9b2"}
{"ts":"2026-09-14T04:30:47.501Z","level":"info","service":"pro4x4-rig-builder","env":"development","event":"request.complete","requestId":"REQ-MU0QW3BH-VBNKX0","method":"GET","path":"/metrics","status":401,"durationMs":0,"fingerprint":"1049becf6f27b9b2"}
{"ts":"2026-09-14T04:30:47.503Z","level":"info","service":"pro4x4-rig-builder","env":"development","event":"request.complete","requestId":"REQ-MU0QW3BJ-K22SAN","method":"GET","path":"/metrics","status":200,"durationMs":1,"fingerprint":"1049becf6f27b9b2"}
{"ts":"2026-09-14T04:30:47.507Z","level":"info","service":"pro4x4-rig-builder","env":"development","event":"request.complete","requestId":"REQ-MU0QW3BM-IESAZ7","method":"GET","path":"/api/v1/auth/session","status":200,"durationMs":1,"fingerprint":"1049becf6f27b9b2"}
{"ts":"2026-09-14T04:30:47.509Z","level":"error","service":"pro4x4-rig-builder","env":"development","event":"request.error","requestId":"REQ-MU0QW3BP-60B7TH","method":"GET","path":"/api/v1/auth/session","status":401,"code":"invalid_gateway_signature","fingerprint":"1049becf6f27b9b2"}
{"ts":"2026-09-14T04:30:47.510Z","level":"info","service":"pro4x4-rig-builder","env":"development","event":"request.complete","requestId":"REQ-MU0QW3BP-60B7TH","method":"GET","path":"/api/v1/auth/session","status":401,"durationMs":1,"fingerprint":"1049becf6f27b9b2"}
Alpha 13 hosted readiness test passed
(node:707) ExperimentalWarning: SQLite is an experimental feature and might change at any time
(Use `node --trace-warnings ...` to show where the warning was created)
{"ts":"2026-09-14T04:30:47.625Z","level":"info","service":"pro4x4-rig-builder","env":"development","event":"request.complete","requestId":"REQ-MU0QW3EV-W9D3G4","method":"GET","path":"/api/v1/ready","status":200,"durationMs":1,"fingerprint":"1049becf6f27b9b2"}
{"ts":"2026-09-14T04:30:47.633Z","level":"info","service":"pro4x4-rig-builder","env":"development","event":"request.complete","requestId":"REQ-MU0QW3F4-X4M6CW","method":"GET","path":"/api/v1/staff/render-assets?vehicleId=nissan-y62-warrior-2025","status":200,"durationMs":1,"fingerprint":"1049becf6f27b9b2"}
{"ts":"2026-09-14T04:30:47.639Z","level":"error","service":"pro4x4-rig-builder","env":"development","event":"request.error","requestId":"REQ-MU0QW3FA-JPKF3H","method":"PUT","path":"/api/v1/staff/render-assets/Y62-FRONT34-05-ELECTRICAL-FRONT","status":422,"code":"asset_gate_blocked","fingerprint":"1049becf6f27b9b2"}
{"ts":"2026-09-14T04:30:47.640Z","level":"info","service":"pro4x4-rig-builder","env":"development","event":"request.complete","requestId":"REQ-MU0QW3FA-JPKF3H","method":"PUT","path":"/api/v1/staff/render-assets/Y62-FRONT34-05-ELECTRICAL-FRONT","status":422,"durationMs":1,"fingerprint":"1049becf6f27b9b2"}
{"ts":"2026-09-14T04:30:47.643Z","level":"info","service":"pro4x4-rig-builder","env":"development","event":"request.complete","requestId":"REQ-MU0QW3FE-1WGGCJ","method":"PUT","path":"/api/v1/staff/render-assets/Y62-FRONT34-05-ELECTRICAL-FRONT","status":200,"durationMs":1,"fingerprint":"1049becf6f27b9b2"}
{"ts":"2026-09-14T04:30:47.645Z","level":"error","service":"pro4x4-rig-builder","env":"development","event":"request.error","requestId":"REQ-MU0QW3FH-88GLOW","method":"PUT","path":"/api/v1/staff/render-assets/Y62-FRONT34-05-ELECTRICAL-FRONT","status":422,"code":"asset_gate_blocked","fingerprint":"1049becf6f27b9b2"}
{"ts":"2026-09-14T04:30:47.645Z","level":"info","service":"pro4x4-rig-builder","env":"development","event":"request.complete","requestId":"REQ-MU0QW3FH-88GLOW","method":"PUT","path":"/api/v1/staff/render-assets/Y62-FRONT34-05-ELECTRICAL-FRONT","status":422,"durationMs":1,"fingerprint":"1049becf6f27b9b2"}
{"ts":"2026-09-14T04:30:47.649Z","level":"info","service":"pro4x4-rig-builder","env":"development","event":"request.complete","requestId":"REQ-MU0QW3FJ-WDNP1E","method":"GET","path":"/api/v1/admin/backup","status":200,"durationMs":2,"fingerprint":"1049becf6f27b9b2"}
{"ts":"2026-09-14T04:30:47.652Z","level":"info","service":"pro4x4-rig-builder","env":"development","event":"request.complete","requestId":"REQ-MU0QW3FN-1AVWWH","method":"GET","path":"/api/v1/staff/audit?entityType=render-asset&limit=100","status":200,"durationMs":1,"fingerprint":"1049becf6f27b9b2"}
{
  "alpha": 14,
  "assets": 22,
  "baseline": {
    "reference-only": 7,
    "asset-needed": 13,
    "blocked-fitment": 2
  },
  "productionGateReject": true,
  "candidatePromotion": true,
  "productionApprovalRequiresVault": true,
  "backupIncludesAssets": true,
  "migrationVersion": 5,
  "status": "pass"
}
(node:714) ExperimentalWarning: SQLite is an experimental feature and might change at any time
(Use `node --trace-warnings ...` to show where the warning was created)
{"ts":"2026-09-14T04:30:47.763Z","level":"info","service":"pro4x4-rig-builder","env":"development","event":"request.complete","requestId":"REQ-MU0QW3IO-7HIR57","method":"GET","path":"/api/v1/staff/render-assets?vehicleId=nissan-y62-warrior-2025","status":200,"durationMs":3,"fingerprint":"1049becf6f27b9b2"}
{"ts":"2026-09-14T04:30:47.775Z","level":"error","service":"pro4x4-rig-builder","env":"development","event":"request.error","requestId":"REQ-MU0QW3J2-1VEL7A","method":"PUT","path":"/api/v1/staff/render-assets/Y62-FRONT34-05-ELECTRICAL-FRONT","status":422,"code":"asset_gate_blocked","fingerprint":"1049becf6f27b9b2"}
{"ts":"2026-09-14T04:30:47.775Z","level":"info","service":"pro4x4-rig-builder","env":"development","event":"request.complete","requestId":"REQ-MU0QW3J2-1VEL7A","method":"PUT","path":"/api/v1/staff/render-assets/Y62-FRONT34-05-ELECTRICAL-FRONT","status":422,"durationMs":2,"fingerprint":"1049becf6f27b9b2"}
{"ts":"2026-09-14T04:30:47.778Z","level":"error","service":"pro4x4-rig-builder","env":"development","event":"request.error","requestId":"REQ-MU0QW3J6-DP6IKD","method":"PUT","path":"/api/v1/staff/render-assets/Y62-FRONT34-05-ELECTRICAL-FRONT","status":422,"code":"asset_gate_blocked","fingerprint":"1049becf6f27b9b2"}
{"ts":"2026-09-14T04:30:47.779Z","level":"info","service":"pro4x4-rig-builder","env":"development","event":"request.complete","requestId":"REQ-MU0QW3J6-DP6IKD","method":"PUT","path":"/api/v1/staff/render-assets/Y62-FRONT34-05-ELECTRICAL-FRONT","status":422,"durationMs":1,"fingerprint":"1049becf6f27b9b2"}
{
  "alpha": 15,
  "inspector": {
    "format": "PNG",
    "width": 1672,
    "height": 941,
    "referenceHasAlpha": false,
    "sha256": true
  },
  "cameraProfile": "Y62-F34-V1",
  "lockedCanvas": {
    "width": 1672,
    "height": 615
  },
  "serverDimensionGate": true,
  "productionApprovalRequiresVault": true,
  "status": "pass"
}
(node:725) ExperimentalWarning: SQLite is an experimental feature and might change at any time
(Use `node --trace-warnings ...` to show where the warning was created)
{"ts":"2026-09-14T04:30:47.899Z","level":"info","service":"pro4x4-rig-builder","env":"development","event":"request.complete","requestId":"REQ-MU0QW3MG-M0P3T5","method":"GET","path":"/api/v1/staff/render-assets?vehicleId=nissan-y62-warrior-2025","status":200,"durationMs":2,"fingerprint":"1049becf6f27b9b2"}
{"ts":"2026-09-14T04:30:47.915Z","level":"info","service":"pro4x4-rig-builder","env":"development","event":"request.complete","requestId":"REQ-MU0QW3MT-FDGP26","method":"PUT","path":"/api/v1/staff/render-assets/Y62-FRONT34-01-BASE/binary","status":201,"durationMs":7,"fingerprint":"1049becf6f27b9b2"}
{"ts":"2026-09-14T04:30:47.920Z","level":"info","service":"pro4x4-rig-builder","env":"development","event":"request.complete","requestId":"REQ-MU0QW3N3-0UOKFY","method":"PUT","path":"/api/v1/staff/render-assets/Y62-FRONT34-01-BASE","status":200,"durationMs":1,"fingerprint":"1049becf6f27b9b2"}
{"ts":"2026-09-14T04:30:47.922Z","level":"info","service":"pro4x4-rig-builder","env":"development","event":"request.complete","requestId":"REQ-MU0QW3N5-LDFJAP","method":"GET","path":"/api/v1/render-assets/Y62-FRONT34-01-BASE/binary","status":200,"durationMs":1,"fingerprint":"1049becf6f27b9b2"}
{
  "alpha": 16,
  "vault": "content-addressed",
  "dimensions": "1672x615",
  "serverTransparencyVerified": true,
  "productionApproval": true,
  "publicImmutableBinary": true,
  "dbMigration": 5,
  "status": "pass"
}
(node:732) ExperimentalWarning: SQLite is an experimental feature and might change at any time
(Use `node --trace-warnings ...` to show where the warning was created)
{"ts":"2026-09-14T04:30:48.046Z","level":"info","service":"pro4x4-rig-builder","env":"development","event":"request.complete","requestId":"REQ-MU0QW3QC-QPJFLU","method":"PUT","path":"/api/v1/staff/render-assets/Y62-FRONT34-01-BASE/binary","status":201,"durationMs":9,"fingerprint":"b07a760ab58004d3"}
{"ts":"2026-09-14T04:30:48.050Z","level":"info","service":"pro4x4-rig-builder","env":"development","event":"request.complete","requestId":"REQ-MU0QW3QO-5OAH1Q","method":"GET","path":"/api/v1/admin/asset-vault/status","status":200,"durationMs":2,"fingerprint":"b07a760ab58004d3"}
{"ts":"2026-09-14T04:30:48.058Z","level":"info","service":"pro4x4-rig-builder","env":"development","event":"request.complete","requestId":"REQ-MU0QW3QR-N8K425","method":"GET","path":"/api/v1/admin/asset-vault/status","status":200,"durationMs":7,"fingerprint":"b07a760ab58004d3"}
{"ts":"2026-09-14T04:30:48.059Z","level":"info","service":"pro4x4-rig-builder","env":"development","event":"request.complete","requestId":"REQ-MU0QW3QY-07BZMM","method":"POST","path":"/api/v1/admin/asset-vault/gc","status":200,"durationMs":1,"fingerprint":"b07a760ab58004d3"}
{"ts":"2026-09-14T04:30:48.061Z","level":"info","service":"pro4x4-rig-builder","env":"development","event":"request.complete","requestId":"REQ-MU0QW3R0-8IZAN3","method":"POST","path":"/api/v1/admin/asset-vault/gc","status":200,"durationMs":1,"fingerprint":"b07a760ab58004d3"}
{"ts":"2026-09-14T04:30:48.064Z","level":"info","service":"pro4x4-rig-builder","env":"development","event":"request.complete","requestId":"REQ-MU0QW3R1-SLHY1F","method":"GET","path":"/api/v1/admin/backup","status":200,"durationMs":2,"fingerprint":"b07a760ab58004d3"}
{"ts":"2026-09-14T04:30:48.066Z","level":"info","service":"pro4x4-rig-builder","env":"development","event":"request.complete","requestId":"REQ-MU0QW3R5-OJ353Q","method":"GET","path":"/api/v1/admin/asset-vault/status","status":200,"durationMs":0,"fingerprint":"b07a760ab58004d3"}
Alpha 17 vault lifecycle: PASS · integrity, orphan dry-run/GC, backup manifest, corruption detection
(node:739) ExperimentalWarning: SQLite is an experimental feature and might change at any time
(Use `node --trace-warnings ...` to show where the warning was created)
{"ts":"2026-09-14T04:30:48.178Z","level":"info","service":"pro4x4-rig-builder","env":"development","event":"request.complete","requestId":"REQ-MU0QW3U3-7OQKAW","method":"PUT","path":"/api/v1/staff/render-assets/Y62-FRONT34-01-BASE/binary","status":201,"durationMs":6,"fingerprint":"b07a760ab58004d3"}
{"ts":"2026-09-14T04:30:48.181Z","level":"info","service":"pro4x4-rig-builder","env":"development","event":"request.complete","requestId":"REQ-MU0QW3UC-2YOE5V","method":"PUT","path":"/api/v1/staff/render-assets/Y62-FRONT34-01-BASE","status":200,"durationMs":1,"fingerprint":"b07a760ab58004d3"}
{"ts":"2026-09-14T04:30:48.182Z","level":"info","service":"pro4x4-rig-builder","env":"development","event":"request.complete","requestId":"REQ-MU0QW3UE-88MESU","method":"GET","path":"/api/v1/render-assets/Y62-FRONT34-01-BASE/binary","status":200,"durationMs":1,"fingerprint":"b07a760ab58004d3"}
{"ts":"2026-09-14T04:30:48.189Z","level":"info","service":"pro4x4-rig-builder","env":"development","event":"request.complete","requestId":"REQ-MU0QW3UG-Q96DPI","method":"POST","path":"/api/v1/staff/render-assets/Y62-FRONT34-01-BASE/versions","status":201,"durationMs":5,"fingerprint":"b07a760ab58004d3"}
{"ts":"2026-09-14T04:30:48.190Z","level":"info","service":"pro4x4-rig-builder","env":"development","event":"request.complete","requestId":"REQ-MU0QW3UM-W5BFYO","method":"GET","path":"/api/v1/render-assets/Y62-FRONT34-01-BASE/binary","status":200,"durationMs":1,"fingerprint":"b07a760ab58004d3"}
{"ts":"2026-09-14T04:30:48.192Z","level":"info","service":"pro4x4-rig-builder","env":"development","event":"request.complete","requestId":"REQ-MU0QW3UN-DJUD55","method":"GET","path":"/api/v1/staff/render-assets/Y62-FRONT34-01-BASE/versions","status":200,"durationMs":0,"fingerprint":"b07a760ab58004d3"}
{"ts":"2026-09-14T04:30:48.193Z","level":"info","service":"pro4x4-rig-builder","env":"development","event":"request.complete","requestId":"REQ-MU0QW3UO-48KMXW","method":"PUT","path":"/api/v1/staff/render-assets/Y62-FRONT34-01-BASE/versions/Y62-FRONT34-01-BASE-V0002","status":200,"durationMs":1,"fingerprint":"b07a760ab58004d3"}
{"ts":"2026-09-14T04:30:48.195Z","level":"info","service":"pro4x4-rig-builder","env":"development","event":"request.complete","requestId":"REQ-MU0QW3UQ-4LGRC8","method":"POST","path":"/api/v1/staff/render-assets/Y62-FRONT34-01-BASE/versions/Y62-FRONT34-01-BASE-V0002/promote","status":200,"durationMs":1,"fingerprint":"b07a760ab58004d3"}
{"ts":"2026-09-14T04:30:48.196Z","level":"info","service":"pro4x4-rig-builder","env":"development","event":"request.complete","requestId":"REQ-MU0QW3US-VYJEQY","method":"GET","path":"/api/v1/render-assets/Y62-FRONT34-01-BASE/binary","status":200,"durationMs":1,"fingerprint":"b07a760ab58004d3"}
{"ts":"2026-09-14T04:30:48.199Z","level":"info","service":"pro4x4-rig-builder","env":"development","event":"request.complete","requestId":"REQ-MU0QW3UU-JA2R7K","method":"GET","path":"/api/v1/staff/render-assets/Y62-FRONT34-01-BASE/versions","status":200,"durationMs":0,"fingerprint":"b07a760ab58004d3"}
{"ts":"2026-09-14T04:30:48.203Z","level":"info","service":"pro4x4-rig-builder","env":"development","event":"request.complete","requestId":"REQ-MU0QW3UV-D0LMT5","method":"POST","path":"/api/v1/staff/render-assets/Y62-FRONT34-01-BASE/versions","status":201,"durationMs":4,"fingerprint":"b07a760ab58004d3"}
{"ts":"2026-09-14T04:30:48.204Z","level":"info","service":"pro4x4-rig-builder","env":"development","event":"request.complete","requestId":"REQ-MU0QW3UZ-4C212J","method":"POST","path":"/api/v1/staff/render-assets/Y62-FRONT34-01-BASE/versions/Y62-FRONT34-01-BASE-V0003/reject","status":200,"durationMs":1,"fingerprint":"b07a760ab58004d3"}
{"ts":"2026-09-14T04:30:48.205Z","level":"info","service":"pro4x4-rig-builder","env":"development","event":"request.complete","requestId":"REQ-MU0QW3V1-EOW0Q4","method":"GET","path":"/api/v1/render-assets/Y62-FRONT34-01-BASE/binary","status":200,"durationMs":0,"fingerprint":"b07a760ab58004d3"}
{"ts":"2026-09-14T04:30:48.213Z","level":"info","service":"pro4x4-rig-builder","env":"development","event":"request.complete","requestId":"REQ-MU0QW3V2-AUI6NQ","method":"GET","path":"/api/v1/admin/asset-vault/status","status":200,"durationMs":8,"fingerprint":"b07a760ab58004d3"}
{"ts":"2026-09-14T04:30:48.215Z","level":"info","service":"pro4x4-rig-builder","env":"development","event":"request.complete","requestId":"REQ-MU0QW3VA-JSEHGZ","method":"POST","path":"/api/v1/admin/asset-vault/gc","status":200,"durationMs":1,"fingerprint":"b07a760ab58004d3"}
{"ts":"2026-09-14T04:30:48.217Z","level":"info","service":"pro4x4-rig-builder","env":"development","event":"request.complete","requestId":"REQ-MU0QW3VB-WW5UCS","method":"GET","path":"/api/v1/admin/backup","status":200,"durationMs":2,"fingerprint":"b07a760ab58004d3"}
{"ts":"2026-09-14T04:30:48.221Z","level":"info","service":"pro4x4-rig-builder","env":"development","event":"request.complete","requestId":"REQ-MU0QW3VF-169ROA","method":"POST","path":"/api/v1/admin/backup/restore","status":200,"durationMs":2,"fingerprint":"b07a760ab58004d3"}
{"ts":"2026-09-14T04:30:48.222Z","level":"info","service":"pro4x4-rig-builder","env":"development","event":"request.complete","requestId":"REQ-MU0QW3VI-J01VZ8","method":"GET","path":"/api/v1/staff/render-assets/Y62-FRONT34-01-BASE/versions","status":200,"durationMs":0,"fingerprint":"b07a760ab58004d3"}
{"ts":"2026-09-14T04:30:48.223Z","level":"info","service":"pro4x4-rig-builder","env":"development","event":"request.complete","requestId":"REQ-MU0QW3VJ-MG12QE","method":"GET","path":"/api/v1/render-assets/Y62-FRONT34-01-BASE/binary","status":200,"durationMs":0,"fingerprint":"b07a760ab58004d3"}
{
  "alpha": 18,
  "dbMigration": 5,
  "versionLineage": 3,
  "zeroDowntimeStaging": true,
  "atomicPromotion": true,
  "supersededBinaryRetained": true,
  "rejectedBinaryRetained": true,
  "vaultManifestHealthy": true,
  "backupRestoreLineage": true,
  "status": "pass"
}
(node:746) ExperimentalWarning: SQLite is an experimental feature and might change at any time
(Use `node --trace-warnings ...` to show where the warning was created)
{"ts":"2026-09-14T04:30:48.325Z","level":"info","service":"pro4x4-rig-builder","env":"development","event":"request.complete","requestId":"REQ-MU0QW3Y7-HENOBB","method":"PUT","path":"/api/v1/staff/render-assets/Y62-FRONT34-01-BASE/binary","status":201,"durationMs":6,"fingerprint":"b07a760ab58004d3"}
{"ts":"2026-09-14T04:30:48.328Z","level":"info","service":"pro4x4-rig-builder","env":"development","event":"request.complete","requestId":"REQ-MU0QW3YF-R0U9FJ","method":"PUT","path":"/api/v1/staff/render-assets/Y62-FRONT34-01-BASE","status":200,"durationMs":1,"fingerprint":"b07a760ab58004d3"}
{"ts":"2026-09-14T04:30:48.333Z","level":"info","service":"pro4x4-rig-builder","env":"development","event":"request.complete","requestId":"REQ-MU0QW3YH-IA1M4M","method":"POST","path":"/api/v1/staff/render-assets/Y62-FRONT34-01-BASE/versions","status":201,"durationMs":4,"fingerprint":"b07a760ab58004d3"}
{"ts":"2026-09-14T04:30:48.335Z","level":"info","service":"pro4x4-rig-builder","env":"development","event":"request.complete","requestId":"REQ-MU0QW3YM-W1CWF8","method":"PUT","path":"/api/v1/staff/render-assets/Y62-FRONT34-01-BASE/versions/Y62-FRONT34-01-BASE-V0002","status":200,"durationMs":1,"fingerprint":"b07a760ab58004d3"}
{"ts":"2026-09-14T04:30:48.337Z","level":"info","service":"pro4x4-rig-builder","env":"development","event":"request.complete","requestId":"REQ-MU0QW3YO-UQ38QW","method":"POST","path":"/api/v1/staff/render-assets/Y62-FRONT34-01-BASE/versions/Y62-FRONT34-01-BASE-V0002/promote","status":200,"durationMs":1,"fingerprint":"b07a760ab58004d3"}
{"ts":"2026-09-14T04:30:48.339Z","level":"info","service":"pro4x4-rig-builder","env":"development","event":"request.complete","requestId":"REQ-MU0QW3YQ-T22BGD","method":"GET","path":"/api/v1/staff/render-assets/Y62-FRONT34-01-BASE/versions/Y62-FRONT34-01-BASE-V0001/delivery","status":200,"durationMs":1,"fingerprint":"b07a760ab58004d3"}
{"ts":"2026-09-14T04:30:48.342Z","level":"info","service":"pro4x4-rig-builder","env":"development","event":"request.complete","requestId":"REQ-MU0QW3YS-D3V3LE","method":"GET","path":"/api/v1/render-assets/version-delivery/eyJhc3NldElkIjoiWTYyLUZST05UMzQtMDEtQkFTRSIsInZlcnNpb25JZCI6Ilk2Mi1GUk9OVDM0LTAxLUJBU0UtVjAwMDEiLCJvYmplY3RLZXkiOiJzaGEyNTYvOTUvOTUxZTE1NDFkMzgzNDBkN2Q0MmFiMjg1NTI3ODAzMTMwNGVlZmMyNWFjYzI5OWUzY2QzODhmMzQyNWY1MmYzOC5wbmciLCJjaGVja3N1bVNoYTI1NiI6Ijk1MWUxNTQxZDM4MzQwZDdkNDJhYjI4NTUyNzgwMzEzMDRlZWZjMjVhY2MyOTllM2NkMzg4ZjM0MjVmNTJmMzgiLCJleHAiOjE3ODkzNjAzNjh9.b6bzjntWVTliYPTjPMGx4vRO2x53MIAtj1aL26k_5z8","status":200,"durationMs":2,"fingerprint":"b07a760ab58004d3"}
{"ts":"2026-09-14T04:30:48.344Z","level":"error","service":"pro4x4-rig-builder","env":"development","event":"request.error","requestId":"REQ-MU0QW3YV-SVWIXI","method":"GET","path":"/api/v1/render-assets/version-delivery/eyJhc3NldElkIjoiWTYyLUZST05UMzQtMDEtQkFTRSIsInZlcnNpb25JZCI6Ilk2Mi1GUk9OVDM0LTAxLUJBU0UtVjAwMDEiLCJvYmplY3RLZXkiOiJzaGEyNTYvOTUvOTUxZTE1NDFkMzgzNDBkN2Q0MmFiMjg1NTI3ODAzMTMwNGVlZmMyNWFjYzI5OWUzY2QzODhmMzQyNWY1MmYzOC5wbmciLCJjaGVja3N1bVNoYTI1NiI6Ijk1MWUxNTQxZDM4MzQwZDdkNDJhYjI4NTUyNzgwMzEzMDRlZWZjMjVhY2MyOTllM2NkMzg4ZjM0MjVmNTJmMzgiLCJleHAiOjE3ODkzNjAzNjh9.b6bzjntWVTliYPTjPMGx4vRO2x53MIAtj1aL26k_5zA","status":403,"code":"asset_delivery_invalid","fingerprint":"b07a760ab58004d3"}
{"ts":"2026-09-14T04:30:48.344Z","level":"info","service":"pro4x4-rig-builder","env":"development","event":"request.complete","requestId":"REQ-MU0QW3YV-SVWIXI","method":"GET","path":"/api/v1/render-assets/version-delivery/eyJhc3NldElkIjoiWTYyLUZST05UMzQtMDEtQkFTRSIsInZlcnNpb25JZCI6Ilk2Mi1GUk9OVDM0LTAxLUJBU0UtVjAwMDEiLCJvYmplY3RLZXkiOiJzaGEyNTYvOTUvOTUxZTE1NDFkMzgzNDBkN2Q0MmFiMjg1NTI3ODAzMTMwNGVlZmMyNWFjYzI5OWUzY2QzODhmMzQyNWY1MmYzOC5wbmciLCJjaGVja3N1bVNoYTI1NiI6Ijk1MWUxNTQxZDM4MzQwZDdkNDJhYjI4NTUyNzgwMzEzMDRlZWZjMjVhY2MyOTllM2NkMzg4ZjM0MjVmNTJmMzgiLCJleHAiOjE3ODkzNjAzNjh9.b6bzjntWVTliYPTjPMGx4vRO2x53MIAtj1aL26k_5zA","status":403,"durationMs":1,"fingerprint":"b07a760ab58004d3"}
{"ts":"2026-09-14T04:30:48.345Z","level":"info","service":"pro4x4-rig-builder","env":"development","event":"request.complete","requestId":"REQ-MU0QW3YX-11AB0Q","method":"GET","path":"/api/v1/render-assets/Y62-FRONT34-01-BASE/binary","status":200,"durationMs":1,"fingerprint":"b07a760ab58004d3"}
{"ts":"2026-09-14T04:30:48.403Z","level":"info","service":"pro4x4-rig-builder","env":"development","event":"request.complete","requestId":"REQ-MU0QW3ZN-TQN2T0","method":"PUT","path":"/api/v1/staff/render-assets/Y62-FRONT34-01-BASE/binary","status":201,"durationMs":32,"fingerprint":"b07a760ab58004d3"}
{"ts":"2026-09-14T04:30:48.405Z","level":"info","service":"pro4x4-rig-builder","env":"development","event":"request.complete","requestId":"REQ-MU0QW40K-MOZX4C","method":"PUT","path":"/api/v1/staff/render-assets/Y62-FRONT34-01-BASE","status":200,"durationMs":0,"fingerprint":"b07a760ab58004d3"}
{"ts":"2026-09-14T04:30:48.412Z","level":"info","service":"pro4x4-rig-builder","env":"development","event":"request.complete","requestId":"REQ-MU0QW40L-4RBQWB","method":"GET","path":"/api/v1/staff/render-assets/Y62-FRONT34-01-BASE/versions/Y62-FRONT34-01-BASE-V0001/delivery","status":200,"durationMs":7,"fingerprint":"b07a760ab58004d3"}
{"ts":"2026-09-14T04:30:48.416Z","level":"info","service":"pro4x4-rig-builder","env":"development","event":"request.complete","requestId":"REQ-MU0QW40V-SQJ9O3","method":"GET","path":"/api/v1/render-assets/Y62-FRONT34-01-BASE/binary","status":302,"durationMs":0,"fingerprint":"b07a760ab58004d3"}
{"ts":"2026-09-14T04:30:48.422Z","level":"info","service":"pro4x4-rig-builder","env":"development","event":"request.complete","requestId":"REQ-MU0QW40W-HV6MVI","method":"GET","path":"/api/v1/admin/asset-vault/status","status":200,"durationMs":6,"fingerprint":"b07a760ab58004d3"}
{"ts":"2026-09-14T04:30:48.423Z","level":"info","service":"pro4x4-rig-builder","env":"development","event":"request.complete","requestId":"REQ-MU0QW413-PFD20M","method":"GET","path":"/asset-registry.html","status":200,"durationMs":0,"fingerprint":"b07a760ab58004d3"}
{
  "alpha": 19,
  "dbMigration": 5,
  "signedHistoricalDelivery": true,
  "tamperRejected": true,
  "productionPointerStable": true,
  "s3SigV4": true,
  "presignedHistoricalDelivery": true,
  "cdnProductionRedirect": true,
  "cdnCspAllowed": true,
  "remoteIntegrityScan": true,
  "noFakeProductionSeed": true,
  "status": "pass"
}
(node:753) ExperimentalWarning: SQLite is an experimental feature and might change at any time
(Use `node --trace-warnings ...` to show where the warning was created)
{"ts":"2026-09-14T04:30:48.526Z","level":"info","service":"pro4x4-rig-builder","env":"development","event":"request.complete","requestId":"REQ-MU0QW43U-K4ZP15","method":"POST","path":"/api/v1/render/resolve","status":200,"durationMs":4,"fingerprint":"b07a760ab58004d3"}
{"ts":"2026-09-14T04:30:48.530Z","level":"info","service":"pro4x4-rig-builder","env":"development","event":"request.complete","requestId":"REQ-MU0QW441-REGL4P","method":"POST","path":"/api/v1/render/resolve","status":200,"durationMs":1,"fingerprint":"b07a760ab58004d3"}
{"ts":"2026-09-14T04:30:48.537Z","level":"info","service":"pro4x4-rig-builder","env":"development","event":"request.complete","requestId":"REQ-MU0QW443-OGI9FR","method":"PUT","path":"/api/v1/staff/render-assets/Y62-FRONT34-01-BASE/binary","status":201,"durationMs":6,"fingerprint":"b07a760ab58004d3"}
{"ts":"2026-09-14T04:30:48.540Z","level":"info","service":"pro4x4-rig-builder","env":"development","event":"request.complete","requestId":"REQ-MU0QW44B-MDN9F8","method":"PUT","path":"/api/v1/staff/render-assets/Y62-FRONT34-01-BASE","status":200,"durationMs":1,"fingerprint":"b07a760ab58004d3"}
{"ts":"2026-09-14T04:30:48.542Z","level":"info","service":"pro4x4-rig-builder","env":"development","event":"request.complete","requestId":"REQ-MU0QW44D-YDJXX8","method":"POST","path":"/api/v1/render/resolve","status":200,"durationMs":1,"fingerprint":"b07a760ab58004d3"}
{"ts":"2026-09-14T04:30:48.544Z","level":"info","service":"pro4x4-rig-builder","env":"development","event":"request.complete","requestId":"REQ-MU0QW44E-PWZ4IS","method":"GET","path":"/api/v1/render-assets/Y62-FRONT34-01-BASE/binary?sha=ffadaa37ecaa9f6a91bc7c7df4bd78f18ab05b1be135b7de05d7784c09c65941","status":200,"durationMs":1,"fingerprint":"b07a760ab58004d3"}
{"ts":"2026-09-14T04:30:48.545Z","level":"info","service":"pro4x4-rig-builder","env":"development","event":"request.complete","requestId":"REQ-MU0QW44H-O3I88M","method":"GET","path":"/api/v1/render-assets/Y62-FRONT34-01-BASE/binary?sha=0000000000000000000000000000000000000000000000000000000000000000","status":409,"durationMs":1,"fingerprint":"b07a760ab58004d3"}
{
  "alpha": 20,
  "dbMigration": 5,
  "publicResolver": true,
  "states": [
    "available",
    "missing",
    "blocked"
  ],
  "exactSkuNoSubstitution": true,
  "checksumPinnedBinary": true,
  "customerReferenceFallback": "none",
  "partialStackSupported": true,
  "noFakeProductionSeed": true,
  "status": "pass"
}
Alpha 21 render contract: PASS
(node:767) ExperimentalWarning: SQLite is an experimental feature and might change at any time
(Use `node --trace-warnings ...` to show where the warning was created)
{"ts":"2026-09-14T04:30:48.644Z","level":"info","service":"pro4x4-rig-builder","env":"development","event":"request.complete","requestId":"REQ-MU0QW474-1VF1BT","method":"POST","path":"/api/v1/render/resolve","status":200,"durationMs":3,"fingerprint":"b07a760ab58004d3"}
{"ts":"2026-09-14T04:30:48.651Z","level":"info","service":"pro4x4-rig-builder","env":"development","event":"request.complete","requestId":"REQ-MU0QW47A-5NXKIW","method":"PUT","path":"/api/v1/staff/render-assets/Y62-FRONT34-01-BASE/binary","status":201,"durationMs":6,"fingerprint":"b07a760ab58004d3"}
{"ts":"2026-09-14T04:30:48.654Z","level":"info","service":"pro4x4-rig-builder","env":"development","event":"request.complete","requestId":"REQ-MU0QW47H-MTJ9YT","method":"PUT","path":"/api/v1/staff/render-assets/Y62-FRONT34-01-BASE","status":200,"durationMs":1,"fingerprint":"b07a760ab58004d3"}
{"ts":"2026-09-14T04:30:48.655Z","level":"info","service":"pro4x4-rig-builder","env":"development","event":"request.complete","requestId":"REQ-MU0QW47I-Q36D27","method":"POST","path":"/api/v1/render/resolve","status":200,"durationMs":1,"fingerprint":"b07a760ab58004d3"}
{"ts":"2026-09-14T04:30:48.657Z","level":"info","service":"pro4x4-rig-builder","env":"development","event":"request.complete","requestId":"REQ-MU0QW47K-OHCSUE","method":"POST","path":"/api/v1/render/telemetry","status":202,"durationMs":1,"fingerprint":"b07a760ab58004d3"}
{"ts":"2026-09-14T04:30:48.658Z","level":"info","service":"pro4x4-rig-builder","env":"development","event":"request.complete","requestId":"REQ-MU0QW47L-GCTQKX","method":"GET","path":"/api/v1/staff/render-telemetry?vehicleId=nissan-y62-warrior-2025&viewId=front34&limit=10","status":200,"durationMs":0,"fingerprint":"b07a760ab58004d3"}
{
  "alpha": 22,
  "dbMigration": 6,
  "paintStateExactMatch": true,
  "wheelStateExactMatch": true,
  "validatedPaintsSelectable": 4,
  "loadRetryAttempts": 3,
  "telemetryPersisted": true,
  "staffTelemetry": true,
  "backupTelemetry": true,
  "noFallback": true,
  "noFakeProductionSeed": true,
  "status": "pass"
}
(node:774) ExperimentalWarning: SQLite is an experimental feature and might change at any time
(Use `node --trace-warnings ...` to show where the warning was created)
{"ts":"2026-09-14T04:30:48.729Z","level":"info","service":"pro4x4-rig-builder","env":"development","event":"request.complete","requestId":"REQ-MU0QW49I-5TZQO2","method":"GET","path":"/api/v1/staff/render-readiness?vehicleId=nissan-y62-warrior-2025","status":200,"durationMs":2,"fingerprint":"b07a760ab58004d3"}
{"ts":"2026-09-14T04:30:48.735Z","level":"info","service":"pro4x4-rig-builder","env":"development","event":"request.complete","requestId":"REQ-MU0QW49O-16X1BX","method":"POST","path":"/api/v1/staff/render-readiness/slots/sync","status":200,"durationMs":3,"fingerprint":"b07a760ab58004d3"}
{"ts":"2026-09-14T04:30:48.738Z","level":"info","service":"pro4x4-rig-builder","env":"development","event":"request.complete","requestId":"REQ-MU0QW49S-URQ1ZK","method":"POST","path":"/api/v1/staff/render-readiness/slots/sync","status":200,"durationMs":1,"fingerprint":"b07a760ab58004d3"}
{
  "alpha": 23,
  "plannedCoreSlots": 15,
  "existingCoreSlots": 6,
  "createdAssetNeededSlots": 9,
  "idempotentSync": true,
  "productionReadySeed": 0,
  "readinessMatrix": true,
  "telemetryHealth": true,
  "noFakeLayerRule": true,
  "status": "pass"
}
merged-alpha23: PASS — 2 vehicles, original 20-product Ranger baseline preserved (28 current), Y62 Alpha 22 preserved
merged-project-handoff-alpha24: PASS — Ranger + Y62 use one immutable project/quote/share contract with no render fallback
multi-vehicle-pipeline-alpha24: PASS — both proof vehicles persist as immutable projects; Ranger queue handoff retains project lineage and fitment gate
(node:795) ExperimentalWarning: SQLite is an experimental feature and might change at any time
(Use `node --trace-warnings ...` to show where the warning was created)
Alpha 25 parallel workstream governance verified.
Alpha 26 parallel visual governance: PASS
Alpha 26 parallel push 02: PASS
(node:823) ExperimentalWarning: SQLite is an experimental feature and might change at any time
(Use `node --trace-warnings ...` to show where the warning was created)
{"ts":"2026-09-14T04:30:48.987Z","level":"info","service":"pro4x4-rig-builder","env":"development","event":"request.complete","requestId":"REQ-MU0QW4GO-XUWS1R","method":"GET","path":"/api/v1/staff/render-assets?vehicleId=nissan-y62-warrior-2025","status":200,"durationMs":2,"fingerprint":"1049becf6f27b9b2"}
{"ts":"2026-09-14T04:30:49.002Z","level":"info","service":"pro4x4-rig-builder","env":"development","event":"request.complete","requestId":"REQ-MU0QW4H2-LVZFQW","method":"POST","path":"/api/v1/staff/visual-governance/sync","status":200,"durationMs":4,"fingerprint":"1049becf6f27b9b2"}
{"ts":"2026-09-14T04:30:49.005Z","level":"info","service":"pro4x4-rig-builder","env":"development","event":"request.complete","requestId":"REQ-MU0QW4H8-8VS0HT","method":"GET","path":"/api/v1/staff/render-assets?vehicleId=nissan-y62-warrior-2025","status":200,"durationMs":1,"fingerprint":"1049becf6f27b9b2"}
{"ts":"2026-09-14T04:30:49.008Z","level":"info","service":"pro4x4-rig-builder","env":"development","event":"request.complete","requestId":"REQ-MU0QW4HB-FOQKUP","method":"GET","path":"/api/v1/staff/render-assets/OWNER-Y62-F34-01/reference-source","status":200,"durationMs":1,"fingerprint":"1049becf6f27b9b2"}
{"ts":"2026-09-14T04:30:49.014Z","level":"info","service":"pro4x4-rig-builder","env":"development","event":"request.complete","requestId":"REQ-MU0QW4HH-MR8D30","method":"GET","path":"/references/y62-owner/IMG_4030.jpeg","status":404,"durationMs":0,"fingerprint":"1049becf6f27b9b2"}
{"ts":"2026-09-14T04:30:49.017Z","level":"info","service":"pro4x4-rig-builder","env":"development","event":"request.complete","requestId":"REQ-MU0QW4HK-Z46X5D","method":"POST","path":"/api/v1/staff/visual-governance/sync","status":200,"durationMs":1,"fingerprint":"1049becf6f27b9b2"}
{
  "alpha": "26-wf4",
  "package": "persisted-visual-governance",
  "initialAssets": 22,
  "persistedAssets": 34,
  "ownerReferences": 9,
  "canonicalMasterSlots": 3,
  "idempotentSync": true,
  "productionEligible": 0,
  "staffReferenceVisibility": true,
  "protectedReferenceDelivery": true,
  "status": "pass"
}
WF1 Alpha 26 save/share integrity: PASS
WF3 Y62 F34 candidate Alpha 26: PASS
Alpha 26 parallel push 03: PASS
(node:844) ExperimentalWarning: SQLite is an experimental feature and might change at any time
(Use `node --trace-warnings ...` to show where the warning was created)
Alpha 26 parallel push 04: PASS
(node:851) ExperimentalWarning: SQLite is an experimental feature and might change at any time
(Use `node --trace-warnings ...` to show where the warning was created)
Alpha 26 parallel push 05: PASS
WF1 Alpha 26 conditional fitment guidance: PASS
WF1 any-of dependency integrity Alpha 26: PASS
WF1 Alpha 26 catalogue browse path: PASS
WF1 Alpha 26 immutable handoff review: PASS
WF1 Alpha 26 immutable handoff receipt / return journey: PASS
WF1 Alpha 26 pre-selection compatibility impact preview: PASS
WF1 Alpha 26 build-summary constraint traceability: PASS
{
  "wf": "WF1",
  "package": "exact-visual-state-explainability",
  "resolverStates": [
    "available",
    "missing",
    "blocked"
  ],
  "rawReasonPreserved": true,
  "referenceDraftSubstitution": false,
  "rangerStandIn": false,
  "customerVisualRule": "REFERENCE_BACKED_APPROVED_VISUALS_ONLY",
  "status": "pass"
}
WF1 Alpha 26 immutable handoff visual-state detail: PASS
WF1 Alpha 26 revision-locked shared-build parity: PASS
WF1 Alpha 26 exclusive-option replacement impact preview: PASS
WF1 Alpha 26 selection-aware catalogue navigation: PASS
WF1 Alpha 26 browse-state + selected-state recovery: PASS
WF1 Alpha 26 immutable revision navigation + dirty-state protection: PASS
WF1 Alpha 26 pre-selection related-product navigation: PASS
WF1 Alpha 26 related-fitment inspection return continuity: PASS
WF1 Alpha 26 handoff-review requirement return navigation: PASS
WF1 Alpha 26 persisted receipt requirement detail + correction navigation: PASS
WF1 Alpha 26 persisted receipt BOM parity + non-mutating catalogue inspection: PASS
