
> pro4x4-rig-builder-merged-alpha26@0.26.11 test
> node tests/smoke-alpha12.js && node tests/server-contract-alpha12.js && node tests/client-journey-alpha12.js && node tests/security-alpha12.js && node tests/hosted-alpha13.js && node tests/asset-registry-alpha14.js && node tests/asset-ingestion-alpha15.js && node tests/asset-vault-alpha16.js && node tests/asset-vault-lifecycle-alpha17.js && node tests/asset-version-lineage-alpha18.js && node tests/asset-delivery-storage-alpha19.js && node tests/render-resolver-alpha20.js && node tests/render-contract-alpha21.js && node tests/render-state-telemetry-alpha22.js && node tests/render-readiness-alpha23.js && node tests/merged-alpha23.js && node tests/merged-project-handoff-alpha24.js && node tests/multi-vehicle-pipeline-alpha24.js && node tests/parallel-workstreams-alpha25.js && node tests/alpha26-parallel-visual-governance.js && node tests/alpha26-parallel-push02.js && node tests/alpha26-wf4-persisted-visual-governance.js && node tests/wf1-save-share-integrity-alpha26.js && node tests/wf3-y62-f34-candidate-alpha26.js && node tests/alpha26-parallel-push03.js && node tests/alpha26-parallel-push04.js && node tests/alpha26-parallel-push05.js && node tests/wf1-conditional-fitment-guidance-alpha26.js && node tests/wf1-anyof-dependency-integrity-alpha26.js && node tests/wf1-catalogue-browse-path-alpha26.js && node tests/wf1-immutable-handoff-review-alpha26.js && node tests/wf1-handoff-receipt-alpha26.js && node tests/wf1-preselection-compatibility-alpha26.js && node tests/wf1-build-summary-trace-alpha26.js

{
  "quotes": 1,
  "catalogueAccessories": 11,
  "auditEvents": 3,
  "seedReport": {
    "catalogues": 1,
    "quotes": 0,
    "projects": 0,
    "errors": []
  },
  "projectId": "P4X4-PROJ-20260913-ENRB4YBQ",
  "shareStoredAsHash": true
}
(node:986) ExperimentalWarning: SQLite is an experimental feature and might change at any time
(Use `node --trace-warnings ...` to show where the warning was created)
{"ts":"2026-09-13T16:32:53.290Z","level":"info","service":"pro4x4-rig-builder","env":"development","event":"request.complete","requestId":"REQ-MU018V1K-9WQ1FO","method":"GET","path":"/api/v1/health","status":200,"durationMs":2,"fingerprint":"1049becf6f27b9b2"}
{"ts":"2026-09-13T16:32:53.298Z","level":"info","service":"pro4x4-rig-builder","env":"development","event":"request.complete","requestId":"REQ-MU018V1U-NCSDHC","method":"GET","path":"/api/v1/catalogue/nissan-y62-warrior-2025","status":200,"durationMs":1,"fingerprint":"1049becf6f27b9b2"}
{"ts":"2026-09-13T16:32:53.305Z","level":"info","service":"pro4x4-rig-builder","env":"development","event":"request.complete","requestId":"REQ-MU018V20-RX9UV8","method":"POST","path":"/api/v1/builds","status":201,"durationMs":1,"fingerprint":"1049becf6f27b9b2"}
{"ts":"2026-09-13T16:32:53.307Z","level":"info","service":"pro4x4-rig-builder","env":"development","event":"request.complete","requestId":"REQ-MU018V23-UZ6RND","method":"GET","path":"/api/v1/staff/quotes","status":200,"durationMs":0,"fingerprint":"1049becf6f27b9b2"}
{"ts":"2026-09-13T16:32:53.309Z","level":"info","service":"pro4x4-rig-builder","env":"development","event":"request.complete","requestId":"REQ-MU018V24-4ESWQB","method":"GET","path":"/api/v1/staff/quotes/P4X4-ALPHA11-CONTRACT","status":200,"durationMs":0,"fingerprint":"1049becf6f27b9b2"}
{"ts":"2026-09-13T16:32:53.312Z","level":"info","service":"pro4x4-rig-builder","env":"development","event":"request.complete","requestId":"REQ-MU018V27-XKNA5C","method":"PATCH","path":"/api/v1/staff/settings/quote","status":200,"durationMs":1,"fingerprint":"1049becf6f27b9b2"}
{"ts":"2026-09-13T16:32:53.314Z","level":"info","service":"pro4x4-rig-builder","env":"development","event":"request.complete","requestId":"REQ-MU018V29-1ZY867","method":"POST","path":"/api/v1/staff/quotes/P4X4-ALPHA11-CONTRACT/finalise","status":200,"durationMs":1,"fingerprint":"1049becf6f27b9b2"}
{"ts":"2026-09-13T16:32:53.316Z","level":"info","service":"pro4x4-rig-builder","env":"development","event":"request.complete","requestId":"REQ-MU018V2B-SIEP5V","method":"PUT","path":"/api/v1/staff/catalogue/nissan-y62-warrior-2025/draft","status":200,"durationMs":1,"fingerprint":"1049becf6f27b9b2"}
{"ts":"2026-09-13T16:32:53.318Z","level":"info","service":"pro4x4-rig-builder","env":"development","event":"request.complete","requestId":"REQ-MU018V2D-ZR7X7M","method":"GET","path":"/api/v1/staff/catalogue/nissan-y62-warrior-2025/draft","status":200,"durationMs":0,"fingerprint":"1049becf6f27b9b2"}
{"ts":"2026-09-13T16:32:53.320Z","level":"info","service":"pro4x4-rig-builder","env":"development","event":"request.complete","requestId":"REQ-MU018V2G-7JK5Y4","method":"DELETE","path":"/api/v1/staff/catalogue/nissan-y62-warrior-2025/draft","status":204,"durationMs":0,"fingerprint":"1049becf6f27b9b2"}
{"ts":"2026-09-13T16:32:53.323Z","level":"info","service":"pro4x4-rig-builder","env":"development","event":"request.complete","requestId":"REQ-MU018V2I-0WTO52","method":"POST","path":"/api/v1/projects/P4X4-PROJ-CONTRACT/revisions","status":201,"durationMs":1,"fingerprint":"1049becf6f27b9b2"}
{"ts":"2026-09-13T16:32:53.325Z","level":"info","service":"pro4x4-rig-builder","env":"development","event":"request.complete","requestId":"REQ-MU018V2K-BX7UVP","method":"GET","path":"/api/v1/projects","status":200,"durationMs":0,"fingerprint":"1049becf6f27b9b2"}
{"ts":"2026-09-13T16:32:53.326Z","level":"info","service":"pro4x4-rig-builder","env":"development","event":"request.complete","requestId":"REQ-MU018V2M-L3LEOA","method":"POST","path":"/api/v1/projects/P4X4-PROJ-CONTRACT/revisions","status":201,"durationMs":1,"fingerprint":"1049becf6f27b9b2"}
{"ts":"2026-09-13T16:32:53.328Z","level":"error","service":"pro4x4-rig-builder","env":"development","event":"request.error","requestId":"REQ-MU018V2N-JDL1JC","method":"POST","path":"/api/v1/projects/P4X4-PROJ-CONTRACT/revisions","status":409,"code":"version_conflict","fingerprint":"1049becf6f27b9b2"}
{"ts":"2026-09-13T16:32:53.328Z","level":"info","service":"pro4x4-rig-builder","env":"development","event":"request.complete","requestId":"REQ-MU018V2N-JDL1JC","method":"POST","path":"/api/v1/projects/P4X4-PROJ-CONTRACT/revisions","status":409,"durationMs":0,"fingerprint":"1049becf6f27b9b2"}
{"ts":"2026-09-13T16:32:53.329Z","level":"info","service":"pro4x4-rig-builder","env":"development","event":"request.complete","requestId":"REQ-MU018V2O-HZ6JH8","method":"PUT","path":"/api/v1/projects/P4X4-PROJ-CONTRACT/current-revision","status":200,"durationMs":1,"fingerprint":"1049becf6f27b9b2"}
{"ts":"2026-09-13T16:32:53.331Z","level":"info","service":"pro4x4-rig-builder","env":"development","event":"request.complete","requestId":"REQ-MU018V2Q-423PJO","method":"POST","path":"/api/v1/projects/P4X4-PROJ-CONTRACT/shares","status":201,"durationMs":1,"fingerprint":"1049becf6f27b9b2"}
{"ts":"2026-09-13T16:32:53.332Z","level":"info","service":"pro4x4-rig-builder","env":"development","event":"request.complete","requestId":"REQ-MU018V2R-EXXEWU","method":"GET","path":"/api/v1/shares/HzdsJAqzx3KO1HPB8gnJDnVkxs9UInQj4e9Lc2hMkdU","status":200,"durationMs":1,"fingerprint":"1049becf6f27b9b2"}
{"ts":"2026-09-13T16:32:53.333Z","level":"info","service":"pro4x4-rig-builder","env":"development","event":"request.complete","requestId":"REQ-MU018V2S-830L1R","method":"DELETE","path":"/api/v1/projects/P4X4-PROJ-CONTRACT/shares/efa1a786f44ff2aa393cdaf3d87e61a10680e6f8ec3b565d722dca06ccab2ccb","status":204,"durationMs":1,"fingerprint":"1049becf6f27b9b2"}
{"ts":"2026-09-13T16:32:53.334Z","level":"info","service":"pro4x4-rig-builder","env":"development","event":"request.complete","requestId":"REQ-MU018V2U-F7X9KC","method":"GET","path":"/api/v1/shares/HzdsJAqzx3KO1HPB8gnJDnVkxs9UInQj4e9Lc2hMkdU","status":404,"durationMs":0,"fingerprint":"1049becf6f27b9b2"}
{"ts":"2026-09-13T16:32:53.335Z","level":"error","service":"pro4x4-rig-builder","env":"development","event":"request.error","requestId":"REQ-MU018V2V-12Z1MS","method":"GET","path":"/api/v1/projects/P4X4-PROJ-CONTRACT","status":403,"code":"forbidden","fingerprint":"1049becf6f27b9b2"}
{"ts":"2026-09-13T16:32:53.335Z","level":"info","service":"pro4x4-rig-builder","env":"development","event":"request.complete","requestId":"REQ-MU018V2V-12Z1MS","method":"GET","path":"/api/v1/projects/P4X4-PROJ-CONTRACT","status":403,"durationMs":0,"fingerprint":"1049becf6f27b9b2"}
{"ts":"2026-09-13T16:32:53.336Z","level":"info","service":"pro4x4-rig-builder","env":"development","event":"request.complete","requestId":"REQ-MU018V2W-3NWVB5","method":"GET","path":"/api/v1/projects","status":200,"durationMs":0,"fingerprint":"1049becf6f27b9b2"}
{"ts":"2026-09-13T16:32:53.337Z","level":"info","service":"pro4x4-rig-builder","env":"development","event":"request.complete","requestId":"REQ-MU018V2X-32KB0R","method":"GET","path":"/api/v1/staff/audit?limit=500","status":200,"durationMs":0,"fingerprint":"1049becf6f27b9b2"}
{"ts":"2026-09-13T16:32:53.338Z","level":"error","service":"pro4x4-rig-builder","env":"development","event":"request.error","requestId":"REQ-MU018V2Y-JC28YJ","method":"GET","path":"/api/v1/admin/backup","status":403,"code":"forbidden","fingerprint":"1049becf6f27b9b2"}
{"ts":"2026-09-13T16:32:53.339Z","level":"info","service":"pro4x4-rig-builder","env":"development","event":"request.complete","requestId":"REQ-MU018V2Y-JC28YJ","method":"GET","path":"/api/v1/admin/backup","status":403,"durationMs":0,"fingerprint":"1049becf6f27b9b2"}
{"ts":"2026-09-13T16:32:53.342Z","level":"info","service":"pro4x4-rig-builder","env":"development","event":"request.complete","requestId":"REQ-MU018V2Z-MJXI2I","method":"GET","path":"/api/v1/admin/backup","status":200,"durationMs":2,"fingerprint":"1049becf6f27b9b2"}
{"ts":"2026-09-13T16:32:53.344Z","level":"info","service":"pro4x4-rig-builder","env":"development","event":"request.complete","requestId":"REQ-MU018V34-4M15P9","method":"PATCH","path":"/api/v1/staff/settings/quote","status":200,"durationMs":0,"fingerprint":"1049becf6f27b9b2"}
{"ts":"2026-09-13T16:32:53.348Z","level":"info","service":"pro4x4-rig-builder","env":"development","event":"request.complete","requestId":"REQ-MU018V36-G1VCH9","method":"POST","path":"/api/v1/admin/backup/restore","status":200,"durationMs":2,"fingerprint":"1049becf6f27b9b2"}
{"ts":"2026-09-13T16:32:53.349Z","level":"info","service":"pro4x4-rig-builder","env":"development","event":"request.complete","requestId":"REQ-MU018V39-X21U2R","method":"GET","path":"/api/v1/staff/settings/quote","status":200,"durationMs":0,"fingerprint":"1049becf6f27b9b2"}
{"ts":"2026-09-13T16:32:53.350Z","level":"info","service":"pro4x4-rig-builder","env":"development","event":"request.complete","requestId":"REQ-MU018V39-GNMSOR","method":"GET","path":"/sales.html","status":200,"durationMs":0,"fingerprint":"1049becf6f27b9b2"}
{"ts":"2026-09-13T16:32:53.351Z","level":"info","service":"pro4x4-rig-builder","env":"development","event":"request.complete","requestId":"REQ-MU018V3A-MDRRMC","method":"GET","path":"/api/v1/staff/audit?limit=500","status":200,"durationMs":0,"fingerprint":"1049becf6f27b9b2"}
{
  "schemaVersion": "0.12.0",
  "catalogueAccessories": 11,
  "quotes": 1,
  "projectRevision": "R0001",
  "projectList": true,
  "restoreRevision": true,
  "ownerIsolation": true,
  "auditEvents": 35,
  "backupTables": [
    "quotes",
    "catalogueRevisions",
    "projects",
    "shares",
    "auditEvents"
  ],
  "httpStatic": true
}
(node:993) ExperimentalWarning: SQLite is an experimental feature and might change at any time
(Use `node --trace-warnings ...` to show where the warning was created)
{"ts":"2026-09-13T16:32:53.428Z","level":"info","service":"pro4x4-rig-builder","env":"development","event":"request.complete","requestId":"REQ-MU018V5D-0ACSYN","method":"GET","path":"/api/v1/catalogue/nissan-y62-warrior-2025","status":200,"durationMs":2,"fingerprint":"1049becf6f27b9b2"}
{"ts":"2026-09-13T16:32:53.439Z","level":"info","service":"pro4x4-rig-builder","env":"development","event":"request.complete","requestId":"REQ-MU018V5Q-SP876N","method":"POST","path":"/api/v1/projects/P4X4-PROJ-CLIENT-1789317173434/revisions","status":201,"durationMs":1,"fingerprint":"1049becf6f27b9b2"}
{"ts":"2026-09-13T16:32:53.442Z","level":"info","service":"pro4x4-rig-builder","env":"development","event":"request.complete","requestId":"REQ-MU018V5U-ZYZ0C4","method":"GET","path":"/api/v1/projects","status":200,"durationMs":1,"fingerprint":"1049becf6f27b9b2"}
{"ts":"2026-09-13T16:32:53.445Z","level":"info","service":"pro4x4-rig-builder","env":"development","event":"request.complete","requestId":"REQ-MU018V5W-CS8SU1","method":"POST","path":"/api/v1/projects/P4X4-PROJ-CLIENT-1789317173434/shares","status":201,"durationMs":1,"fingerprint":"1049becf6f27b9b2"}
{"ts":"2026-09-13T16:32:53.447Z","level":"info","service":"pro4x4-rig-builder","env":"development","event":"request.complete","requestId":"REQ-MU018V5Y-QVNC9C","method":"GET","path":"/api/v1/shares/zn_OOYSM2D9C0J46OFyKYYt7yYst60jz5wfYhjrS9So","status":200,"durationMs":1,"fingerprint":"1049becf6f27b9b2"}
{"ts":"2026-09-13T16:32:53.449Z","level":"info","service":"pro4x4-rig-builder","env":"development","event":"request.complete","requestId":"REQ-MU018V60-LUVRI9","method":"POST","path":"/api/v1/builds","status":201,"durationMs":1,"fingerprint":"1049becf6f27b9b2"}
{"ts":"2026-09-13T16:32:53.451Z","level":"info","service":"pro4x4-rig-builder","env":"development","event":"request.complete","requestId":"REQ-MU018V63-RQ5Z0U","method":"PATCH","path":"/api/v1/staff/quotes/P4X4-CLIENT-1789317173434","status":200,"durationMs":1,"fingerprint":"1049becf6f27b9b2"}
{"ts":"2026-09-13T16:32:53.454Z","level":"info","service":"pro4x4-rig-builder","env":"development","event":"request.complete","requestId":"REQ-MU018V65-DGZCIG","method":"POST","path":"/api/v1/staff/quotes/P4X4-CLIENT-1789317173434/finalise","status":200,"durationMs":1,"fingerprint":"1049becf6f27b9b2"}
{"ts":"2026-09-13T16:32:53.456Z","level":"info","service":"pro4x4-rig-builder","env":"development","event":"request.complete","requestId":"REQ-MU018V68-MNLDF8","method":"DELETE","path":"/api/v1/projects/P4X4-PROJ-CLIENT-1789317173434/shares/72165cd1ffe55893c0858dc9129b0738615ee7a532607fe258f06d9ddf312e90","status":204,"durationMs":1,"fingerprint":"1049becf6f27b9b2"}
{
  "schemaVersion": "0.12.0",
  "client": "browser-adapter-vm",
  "backend": "http-server",
  "catalogueAccessories": 11,
  "projectRevision": "R0001",
  "workflow": [
    "save",
    "list",
    "share",
    "queue",
    "staff-review",
    "formal-quote"
  ],
  "quoteTotal": 500,
  "status": "pass"
}
(node:1000) ExperimentalWarning: SQLite is an experimental feature and might change at any time
(Use `node --trace-warnings ...` to show where the warning was created)
{"ts":"2026-09-13T16:32:53.561Z","level":"info","service":"pro4x4-rig-builder","env":"development","event":"request.complete","requestId":"REQ-MU018V93-J150VM","method":"GET","path":"/api/v1/health","status":200,"durationMs":2,"fingerprint":"1049becf6f27b9b2"}
{"ts":"2026-09-13T16:32:53.569Z","level":"info","service":"pro4x4-rig-builder","env":"development","event":"request.complete","requestId":"REQ-MU018V9D-4O2R3U","method":"GET","path":"/api/v1/auth/session","status":200,"durationMs":1,"fingerprint":"1049becf6f27b9b2"}
{"ts":"2026-09-13T16:32:53.572Z","level":"error","service":"pro4x4-rig-builder","env":"development","event":"request.error","requestId":"REQ-MU018V9F-9IOWP9","method":"GET","path":"/api/v1/staff/quotes","status":403,"code":"forbidden","fingerprint":"1049becf6f27b9b2"}
{"ts":"2026-09-13T16:32:53.572Z","level":"info","service":"pro4x4-rig-builder","env":"development","event":"request.complete","requestId":"REQ-MU018V9F-9IOWP9","method":"GET","path":"/api/v1/staff/quotes","status":403,"durationMs":1,"fingerprint":"1049becf6f27b9b2"}
{"ts":"2026-09-13T16:32:53.573Z","level":"error","service":"pro4x4-rig-builder","env":"development","event":"request.error","requestId":"REQ-MU018V9H-V8VY86","method":"GET","path":"/api/v1/staff/quotes","status":403,"code":"forbidden","fingerprint":"1049becf6f27b9b2"}
{"ts":"2026-09-13T16:32:53.574Z","level":"info","service":"pro4x4-rig-builder","env":"development","event":"request.complete","requestId":"REQ-MU018V9H-V8VY86","method":"GET","path":"/api/v1/staff/quotes","status":403,"durationMs":0,"fingerprint":"1049becf6f27b9b2"}
{"ts":"2026-09-13T16:32:53.578Z","level":"info","service":"pro4x4-rig-builder","env":"development","event":"request.complete","requestId":"REQ-MU018V9L-HTD5H9","method":"POST","path":"/api/v1/auth/dev-login","status":201,"durationMs":1,"fingerprint":"1049becf6f27b9b2"}
{"ts":"2026-09-13T16:32:53.580Z","level":"info","service":"pro4x4-rig-builder","env":"development","event":"request.complete","requestId":"REQ-MU018V9O-5HI6SZ","method":"GET","path":"/api/v1/staff/quotes","status":200,"durationMs":0,"fingerprint":"1049becf6f27b9b2"}
{"ts":"2026-09-13T16:32:53.582Z","level":"error","service":"pro4x4-rig-builder","env":"development","event":"request.error","requestId":"REQ-MU018V9Q-KWICBO","method":"POST","path":"/api/v1/builds","status":403,"code":"origin_forbidden","fingerprint":"1049becf6f27b9b2"}
{"ts":"2026-09-13T16:32:53.582Z","level":"info","service":"pro4x4-rig-builder","env":"development","event":"request.complete","requestId":"REQ-MU018V9Q-KWICBO","method":"POST","path":"/api/v1/builds","status":403,"durationMs":0,"fingerprint":"1049becf6f27b9b2"}
{"ts":"2026-09-13T16:32:53.584Z","level":"error","service":"pro4x4-rig-builder","env":"development","event":"request.error","requestId":"REQ-MU018V9S-GAAZKH","method":"POST","path":"/api/v1/builds","status":413,"code":"payload_too_large","fingerprint":"1049becf6f27b9b2"}
{"ts":"2026-09-13T16:32:53.584Z","level":"info","service":"pro4x4-rig-builder","env":"development","event":"request.complete","requestId":"REQ-MU018V9S-GAAZKH","method":"POST","path":"/api/v1/builds","status":413,"durationMs":0,"fingerprint":"1049becf6f27b9b2"}
{"ts":"2026-09-13T16:32:53.587Z","level":"info","service":"pro4x4-rig-builder","env":"development","event":"request.complete","requestId":"REQ-MU018V9U-M9LSTO","method":"POST","path":"/api/v1/auth/logout","status":200,"durationMs":1,"fingerprint":"1049becf6f27b9b2"}
{"ts":"2026-09-13T16:32:53.588Z","level":"error","service":"pro4x4-rig-builder","env":"development","event":"request.error","requestId":"REQ-MU018V9W-0KF4TX","method":"GET","path":"/api/v1/staff/quotes","status":403,"code":"forbidden","fingerprint":"1049becf6f27b9b2"}
{"ts":"2026-09-13T16:32:53.589Z","level":"info","service":"pro4x4-rig-builder","env":"development","event":"request.complete","requestId":"REQ-MU018V9W-0KF4TX","method":"GET","path":"/api/v1/staff/quotes","status":403,"durationMs":0,"fingerprint":"1049becf6f27b9b2"}
{"ts":"2026-09-13T16:32:53.600Z","level":"info","service":"pro4x4-rig-builder","env":"development","event":"request.complete","requestId":"REQ-MU018VA8-8B98RA","method":"GET","path":"/api/v1/auth/session","status":200,"durationMs":0,"fingerprint":"1049becf6f27b9b2"}
{"ts":"2026-09-13T16:32:53.602Z","level":"info","service":"pro4x4-rig-builder","env":"development","event":"request.complete","requestId":"REQ-MU018VAA-1ICF2V","method":"GET","path":"/api/v1/auth/session","status":200,"durationMs":0,"fingerprint":"1049becf6f27b9b2"}
{"ts":"2026-09-13T16:32:53.603Z","level":"info","service":"pro4x4-rig-builder","env":"development","event":"request.complete","requestId":"REQ-MU018VAB-FVXFNL","method":"GET","path":"/api/v1/auth/session","status":200,"durationMs":0,"fingerprint":"1049becf6f27b9b2"}
{"ts":"2026-09-13T16:32:53.604Z","level":"error","service":"pro4x4-rig-builder","env":"development","event":"request.error","requestId":"REQ-MU018VAB-OTESHC","method":"GET","path":"/api/v1/auth/session","status":429,"code":"rate_limited","fingerprint":"1049becf6f27b9b2"}
{"ts":"2026-09-13T16:32:53.604Z","level":"info","service":"pro4x4-rig-builder","env":"development","event":"request.complete","requestId":"REQ-MU018VAB-OTESHC","method":"GET","path":"/api/v1/auth/session","status":429,"durationMs":0,"fingerprint":"1049becf6f27b9b2"}
{
  "schemaVersion": "0.12.0",
  "sessionCookie": true,
  "httpOnlyBoundary": true,
  "prototypeHeadersRejected": true,
  "ownerDefaultRole": "customer",
  "databaseMigration": 3,
  "securityHeaders": true,
  "crossOriginMutationBlocked": true,
  "bodyLimit": true,
  "rateLimit": true,
  "logoutRevocation": true,
  "status": "pass"
}
(node:1007) ExperimentalWarning: SQLite is an experimental feature and might change at any time
(Use `node --trace-warnings ...` to show where the warning was created)
{"ts":"2026-09-13T16:32:53.687Z","level":"info","service":"pro4x4-rig-builder","env":"development","event":"request.complete","requestId":"REQ-MU018VCL-MAC8ZM","method":"GET","path":"/api/v1/ready","status":200,"durationMs":1,"fingerprint":"1049becf6f27b9b2"}
{"ts":"2026-09-13T16:32:53.694Z","level":"info","service":"pro4x4-rig-builder","env":"development","event":"request.complete","requestId":"REQ-MU018VCU-ED8QWH","method":"GET","path":"/metrics","status":401,"durationMs":0,"fingerprint":"1049becf6f27b9b2"}
{"ts":"2026-09-13T16:32:53.697Z","level":"info","service":"pro4x4-rig-builder","env":"development","event":"request.complete","requestId":"REQ-MU018VCW-Y6AFRB","method":"GET","path":"/metrics","status":200,"durationMs":1,"fingerprint":"1049becf6f27b9b2"}
{"ts":"2026-09-13T16:32:53.701Z","level":"info","service":"pro4x4-rig-builder","env":"development","event":"request.complete","requestId":"REQ-MU018VD0-TM02GL","method":"GET","path":"/api/v1/auth/session","status":200,"durationMs":1,"fingerprint":"1049becf6f27b9b2"}
{"ts":"2026-09-13T16:32:53.703Z","level":"error","service":"pro4x4-rig-builder","env":"development","event":"request.error","requestId":"REQ-MU018VD2-PV2EHF","method":"GET","path":"/api/v1/auth/session","status":401,"code":"invalid_gateway_signature","fingerprint":"1049becf6f27b9b2"}
{"ts":"2026-09-13T16:32:53.703Z","level":"info","service":"pro4x4-rig-builder","env":"development","event":"request.complete","requestId":"REQ-MU018VD2-PV2EHF","method":"GET","path":"/api/v1/auth/session","status":401,"durationMs":1,"fingerprint":"1049becf6f27b9b2"}
Alpha 13 hosted readiness test passed
(node:1014) ExperimentalWarning: SQLite is an experimental feature and might change at any time
(Use `node --trace-warnings ...` to show where the warning was created)
{"ts":"2026-09-13T16:32:53.816Z","level":"info","service":"pro4x4-rig-builder","env":"development","event":"request.complete","requestId":"REQ-MU018VG6-8SMGIF","method":"GET","path":"/api/v1/ready","status":200,"durationMs":2,"fingerprint":"1049becf6f27b9b2"}
{"ts":"2026-09-13T16:32:53.824Z","level":"info","service":"pro4x4-rig-builder","env":"development","event":"request.complete","requestId":"REQ-MU018VGF-1KATTE","method":"GET","path":"/api/v1/staff/render-assets?vehicleId=nissan-y62-warrior-2025","status":200,"durationMs":1,"fingerprint":"1049becf6f27b9b2"}
{"ts":"2026-09-13T16:32:53.830Z","level":"error","service":"pro4x4-rig-builder","env":"development","event":"request.error","requestId":"REQ-MU018VGL-08D39K","method":"PUT","path":"/api/v1/staff/render-assets/Y62-FRONT34-05-ELECTRICAL-FRONT","status":422,"code":"asset_gate_blocked","fingerprint":"1049becf6f27b9b2"}
{"ts":"2026-09-13T16:32:53.830Z","level":"info","service":"pro4x4-rig-builder","env":"development","event":"request.complete","requestId":"REQ-MU018VGL-08D39K","method":"PUT","path":"/api/v1/staff/render-assets/Y62-FRONT34-05-ELECTRICAL-FRONT","status":422,"durationMs":1,"fingerprint":"1049becf6f27b9b2"}
{"ts":"2026-09-13T16:32:53.833Z","level":"info","service":"pro4x4-rig-builder","env":"development","event":"request.complete","requestId":"REQ-MU018VGP-436959","method":"PUT","path":"/api/v1/staff/render-assets/Y62-FRONT34-05-ELECTRICAL-FRONT","status":200,"durationMs":1,"fingerprint":"1049becf6f27b9b2"}
{"ts":"2026-09-13T16:32:53.835Z","level":"error","service":"pro4x4-rig-builder","env":"development","event":"request.error","requestId":"REQ-MU018VGR-P1L0EN","method":"PUT","path":"/api/v1/staff/render-assets/Y62-FRONT34-05-ELECTRICAL-FRONT","status":422,"code":"asset_gate_blocked","fingerprint":"1049becf6f27b9b2"}
{"ts":"2026-09-13T16:32:53.835Z","level":"info","service":"pro4x4-rig-builder","env":"development","event":"request.complete","requestId":"REQ-MU018VGR-P1L0EN","method":"PUT","path":"/api/v1/staff/render-assets/Y62-FRONT34-05-ELECTRICAL-FRONT","status":422,"durationMs":1,"fingerprint":"1049becf6f27b9b2"}
{"ts":"2026-09-13T16:32:53.838Z","level":"info","service":"pro4x4-rig-builder","env":"development","event":"request.complete","requestId":"REQ-MU018VGT-W0IQJ5","method":"GET","path":"/api/v1/admin/backup","status":200,"durationMs":2,"fingerprint":"1049becf6f27b9b2"}
{"ts":"2026-09-13T16:32:53.841Z","level":"info","service":"pro4x4-rig-builder","env":"development","event":"request.complete","requestId":"REQ-MU018VGW-K5KMYQ","method":"GET","path":"/api/v1/staff/audit?entityType=render-asset&limit=100","status":200,"durationMs":1,"fingerprint":"1049becf6f27b9b2"}
{
  "alpha": 14,
  "assets": 22,
  "baseline": {
    "reference-only": 7,
    "asset-needed": 13,
    "blocked-fitment": 2
  },
  "productionGateReject": true,
  "candidatePromotion": true,
  "productionApprovalRequiresVault": true,
  "backupIncludesAssets": true,
  "migrationVersion": 5,
  "status": "pass"
}
(node:1021) ExperimentalWarning: SQLite is an experimental feature and might change at any time
(Use `node --trace-warnings ...` to show where the warning was created)
{"ts":"2026-09-13T16:32:53.945Z","level":"info","service":"pro4x4-rig-builder","env":"development","event":"request.complete","requestId":"REQ-MU018VJR-G07BU5","method":"GET","path":"/api/v1/staff/render-assets?vehicleId=nissan-y62-warrior-2025","status":200,"durationMs":2,"fingerprint":"1049becf6f27b9b2"}
{"ts":"2026-09-13T16:32:53.956Z","level":"error","service":"pro4x4-rig-builder","env":"development","event":"request.error","requestId":"REQ-MU018VK3-UPXDPR","method":"PUT","path":"/api/v1/staff/render-assets/Y62-FRONT34-05-ELECTRICAL-FRONT","status":422,"code":"asset_gate_blocked","fingerprint":"1049becf6f27b9b2"}
{"ts":"2026-09-13T16:32:53.956Z","level":"info","service":"pro4x4-rig-builder","env":"development","event":"request.complete","requestId":"REQ-MU018VK3-UPXDPR","method":"PUT","path":"/api/v1/staff/render-assets/Y62-FRONT34-05-ELECTRICAL-FRONT","status":422,"durationMs":1,"fingerprint":"1049becf6f27b9b2"}
{"ts":"2026-09-13T16:32:53.959Z","level":"error","service":"pro4x4-rig-builder","env":"development","event":"request.error","requestId":"REQ-MU018VK7-775VCF","method":"PUT","path":"/api/v1/staff/render-assets/Y62-FRONT34-05-ELECTRICAL-FRONT","status":422,"code":"asset_gate_blocked","fingerprint":"1049becf6f27b9b2"}
{"ts":"2026-09-13T16:32:53.959Z","level":"info","service":"pro4x4-rig-builder","env":"development","event":"request.complete","requestId":"REQ-MU018VK7-775VCF","method":"PUT","path":"/api/v1/staff/render-assets/Y62-FRONT34-05-ELECTRICAL-FRONT","status":422,"durationMs":1,"fingerprint":"1049becf6f27b9b2"}
{
  "alpha": 15,
  "inspector": {
    "format": "PNG",
    "width": 1672,
    "height": 941,
    "referenceHasAlpha": false,
    "sha256": true
  },
  "cameraProfile": "Y62-F34-V1",
  "lockedCanvas": {
    "width": 1672,
    "height": 615
  },
  "serverDimensionGate": true,
  "productionApprovalRequiresVault": true,
  "status": "pass"
}
(node:1032) ExperimentalWarning: SQLite is an experimental feature and might change at any time
(Use `node --trace-warnings ...` to show where the warning was created)
{"ts":"2026-09-13T16:32:54.073Z","level":"info","service":"pro4x4-rig-builder","env":"development","event":"request.complete","requestId":"REQ-MU018VNA-RNEGLH","method":"GET","path":"/api/v1/staff/render-assets?vehicleId=nissan-y62-warrior-2025","status":200,"durationMs":3,"fingerprint":"1049becf6f27b9b2"}
{"ts":"2026-09-13T16:32:54.091Z","level":"info","service":"pro4x4-rig-builder","env":"development","event":"request.complete","requestId":"REQ-MU018VNO-Q2B1B2","method":"PUT","path":"/api/v1/staff/render-assets/Y62-FRONT34-01-BASE/binary","status":201,"durationMs":7,"fingerprint":"1049becf6f27b9b2"}
{"ts":"2026-09-13T16:32:54.095Z","level":"info","service":"pro4x4-rig-builder","env":"development","event":"request.complete","requestId":"REQ-MU018VNY-8X0LOW","method":"PUT","path":"/api/v1/staff/render-assets/Y62-FRONT34-01-BASE","status":200,"durationMs":1,"fingerprint":"1049becf6f27b9b2"}
{"ts":"2026-09-13T16:32:54.098Z","level":"info","service":"pro4x4-rig-builder","env":"development","event":"request.complete","requestId":"REQ-MU018VO1-J0AG8W","method":"GET","path":"/api/v1/render-assets/Y62-FRONT34-01-BASE/binary","status":200,"durationMs":1,"fingerprint":"1049becf6f27b9b2"}
{
  "alpha": 16,
  "vault": "content-addressed",
  "dimensions": "1672x615",
  "serverTransparencyVerified": true,
  "productionApproval": true,
  "publicImmutableBinary": true,
  "dbMigration": 5,
  "status": "pass"
}
(node:1039) ExperimentalWarning: SQLite is an experimental feature and might change at any time
(Use `node --trace-warnings ...` to show where the warning was created)
{"ts":"2026-09-13T16:32:54.218Z","level":"info","service":"pro4x4-rig-builder","env":"development","event":"request.complete","requestId":"REQ-MU018VR7-E7086K","method":"PUT","path":"/api/v1/staff/render-assets/Y62-FRONT34-01-BASE/binary","status":201,"durationMs":7,"fingerprint":"b07a760ab58004d3"}
{"ts":"2026-09-13T16:32:54.221Z","level":"info","service":"pro4x4-rig-builder","env":"development","event":"request.complete","requestId":"REQ-MU018VRG-DERREG","method":"GET","path":"/api/v1/admin/asset-vault/status","status":200,"durationMs":1,"fingerprint":"b07a760ab58004d3"}
{"ts":"2026-09-13T16:32:54.229Z","level":"info","service":"pro4x4-rig-builder","env":"development","event":"request.complete","requestId":"REQ-MU018VRI-NDI568","method":"GET","path":"/api/v1/admin/asset-vault/status","status":200,"durationMs":7,"fingerprint":"b07a760ab58004d3"}
{"ts":"2026-09-13T16:32:54.230Z","level":"info","service":"pro4x4-rig-builder","env":"development","event":"request.complete","requestId":"REQ-MU018VRP-42ZUUH","method":"POST","path":"/api/v1/admin/asset-vault/gc","status":200,"durationMs":1,"fingerprint":"b07a760ab58004d3"}
{"ts":"2026-09-13T16:32:54.232Z","level":"info","service":"pro4x4-rig-builder","env":"development","event":"request.complete","requestId":"REQ-MU018VRR-JNTFVI","method":"POST","path":"/api/v1/admin/asset-vault/gc","status":200,"durationMs":1,"fingerprint":"b07a760ab58004d3"}
{"ts":"2026-09-13T16:32:54.234Z","level":"info","service":"pro4x4-rig-builder","env":"development","event":"request.complete","requestId":"REQ-MU018VRS-WZB47X","method":"GET","path":"/api/v1/admin/backup","status":200,"durationMs":2,"fingerprint":"b07a760ab58004d3"}
{"ts":"2026-09-13T16:32:54.236Z","level":"info","service":"pro4x4-rig-builder","env":"development","event":"request.complete","requestId":"REQ-MU018VRW-JXD3Z5","method":"GET","path":"/api/v1/admin/asset-vault/status","status":200,"durationMs":0,"fingerprint":"b07a760ab58004d3"}
Alpha 17 vault lifecycle: PASS · integrity, orphan dry-run/GC, backup manifest, corruption detection
(node:1046) ExperimentalWarning: SQLite is an experimental feature and might change at any time
(Use `node --trace-warnings ...` to show where the warning was created)
{"ts":"2026-09-13T16:32:54.348Z","level":"info","service":"pro4x4-rig-builder","env":"development","event":"request.complete","requestId":"REQ-MU018VUS-CGXRFX","method":"PUT","path":"/api/v1/staff/render-assets/Y62-FRONT34-01-BASE/binary","status":201,"durationMs":8,"fingerprint":"b07a760ab58004d3"}
{"ts":"2026-09-13T16:32:54.352Z","level":"info","service":"pro4x4-rig-builder","env":"development","event":"request.complete","requestId":"REQ-MU018VV3-K0J595","method":"PUT","path":"/api/v1/staff/render-assets/Y62-FRONT34-01-BASE","status":200,"durationMs":1,"fingerprint":"b07a760ab58004d3"}
{"ts":"2026-09-13T16:32:54.354Z","level":"info","service":"pro4x4-rig-builder","env":"development","event":"request.complete","requestId":"REQ-MU018VV5-ZGSECO","method":"GET","path":"/api/v1/render-assets/Y62-FRONT34-01-BASE/binary","status":200,"durationMs":1,"fingerprint":"b07a760ab58004d3"}
{"ts":"2026-09-13T16:32:54.361Z","level":"info","service":"pro4x4-rig-builder","env":"development","event":"request.complete","requestId":"REQ-MU018VV7-VHWI6Z","method":"POST","path":"/api/v1/staff/render-assets/Y62-FRONT34-01-BASE/versions","status":201,"durationMs":6,"fingerprint":"b07a760ab58004d3"}
{"ts":"2026-09-13T16:32:54.362Z","level":"info","service":"pro4x4-rig-builder","env":"development","event":"request.complete","requestId":"REQ-MU018VVD-HF54KW","method":"GET","path":"/api/v1/render-assets/Y62-FRONT34-01-BASE/binary","status":200,"durationMs":0,"fingerprint":"b07a760ab58004d3"}
{"ts":"2026-09-13T16:32:54.363Z","level":"info","service":"pro4x4-rig-builder","env":"development","event":"request.complete","requestId":"REQ-MU018VVF-8WHLL7","method":"GET","path":"/api/v1/staff/render-assets/Y62-FRONT34-01-BASE/versions","status":200,"durationMs":0,"fingerprint":"b07a760ab58004d3"}
{"ts":"2026-09-13T16:32:54.364Z","level":"info","service":"pro4x4-rig-builder","env":"development","event":"request.complete","requestId":"REQ-MU018VVG-44CNX4","method":"PUT","path":"/api/v1/staff/render-assets/Y62-FRONT34-01-BASE/versions/Y62-FRONT34-01-BASE-V0002","status":200,"durationMs":1,"fingerprint":"b07a760ab58004d3"}
{"ts":"2026-09-13T16:32:54.366Z","level":"info","service":"pro4x4-rig-builder","env":"development","event":"request.complete","requestId":"REQ-MU018VVH-NBXE1V","method":"POST","path":"/api/v1/staff/render-assets/Y62-FRONT34-01-BASE/versions/Y62-FRONT34-01-BASE-V0002/promote","status":200,"durationMs":1,"fingerprint":"b07a760ab58004d3"}
{"ts":"2026-09-13T16:32:54.368Z","level":"info","service":"pro4x4-rig-builder","env":"development","event":"request.complete","requestId":"REQ-MU018VVJ-8CRS5D","method":"GET","path":"/api/v1/render-assets/Y62-FRONT34-01-BASE/binary","status":200,"durationMs":1,"fingerprint":"b07a760ab58004d3"}
{"ts":"2026-09-13T16:32:54.369Z","level":"info","service":"pro4x4-rig-builder","env":"development","event":"request.complete","requestId":"REQ-MU018VVL-48VBR6","method":"GET","path":"/api/v1/staff/render-assets/Y62-FRONT34-01-BASE/versions","status":200,"durationMs":0,"fingerprint":"b07a760ab58004d3"}
{"ts":"2026-09-13T16:32:54.372Z","level":"info","service":"pro4x4-rig-builder","env":"development","event":"request.complete","requestId":"REQ-MU018VVM-M130F1","method":"POST","path":"/api/v1/staff/render-assets/Y62-FRONT34-01-BASE/versions","status":201,"durationMs":2,"fingerprint":"b07a760ab58004d3"}
{"ts":"2026-09-13T16:32:54.373Z","level":"info","service":"pro4x4-rig-builder","env":"development","event":"request.complete","requestId":"REQ-MU018VVP-WP64DV","method":"POST","path":"/api/v1/staff/render-assets/Y62-FRONT34-01-BASE/versions/Y62-FRONT34-01-BASE-V0003/reject","status":200,"durationMs":1,"fingerprint":"b07a760ab58004d3"}
{"ts":"2026-09-13T16:32:54.374Z","level":"info","service":"pro4x4-rig-builder","env":"development","event":"request.complete","requestId":"REQ-MU018VVQ-OW1Z54","method":"GET","path":"/api/v1/render-assets/Y62-FRONT34-01-BASE/binary","status":200,"durationMs":0,"fingerprint":"b07a760ab58004d3"}
{"ts":"2026-09-13T16:32:54.381Z","level":"info","service":"pro4x4-rig-builder","env":"development","event":"request.complete","requestId":"REQ-MU018VVQ-HS666P","method":"GET","path":"/api/v1/admin/asset-vault/status","status":200,"durationMs":7,"fingerprint":"b07a760ab58004d3"}
{"ts":"2026-09-13T16:32:54.382Z","level":"info","service":"pro4x4-rig-builder","env":"development","event":"request.complete","requestId":"REQ-MU018VVY-ZOH7LJ","method":"POST","path":"/api/v1/admin/asset-vault/gc","status":200,"durationMs":1,"fingerprint":"b07a760ab58004d3"}
{"ts":"2026-09-13T16:32:54.385Z","level":"info","service":"pro4x4-rig-builder","env":"development","event":"request.complete","requestId":"REQ-MU018VVY-70D916","method":"GET","path":"/api/v1/admin/backup","status":200,"durationMs":2,"fingerprint":"b07a760ab58004d3"}
{"ts":"2026-09-13T16:32:54.388Z","level":"info","service":"pro4x4-rig-builder","env":"development","event":"request.complete","requestId":"REQ-MU018VW2-8MTO4M","method":"POST","path":"/api/v1/admin/backup/restore","status":200,"durationMs":2,"fingerprint":"b07a760ab58004d3"}
{"ts":"2026-09-13T16:32:54.390Z","level":"info","service":"pro4x4-rig-builder","env":"development","event":"request.complete","requestId":"REQ-MU018VW6-7APXVI","method":"GET","path":"/api/v1/staff/render-assets/Y62-FRONT34-01-BASE/versions","status":200,"durationMs":0,"fingerprint":"b07a760ab58004d3"}
{"ts":"2026-09-13T16:32:54.391Z","level":"info","service":"pro4x4-rig-builder","env":"development","event":"request.complete","requestId":"REQ-MU018VW6-ZEUAV3","method":"GET","path":"/api/v1/render-assets/Y62-FRONT34-01-BASE/binary","status":200,"durationMs":0,"fingerprint":"b07a760ab58004d3"}
{
  "alpha": 18,
  "dbMigration": 5,
  "versionLineage": 3,
  "zeroDowntimeStaging": true,
  "atomicPromotion": true,
  "supersededBinaryRetained": true,
  "rejectedBinaryRetained": true,
  "vaultManifestHealthy": true,
  "backupRestoreLineage": true,
  "status": "pass"
}
(node:1053) ExperimentalWarning: SQLite is an experimental feature and might change at any time
(Use `node --trace-warnings ...` to show where the warning was created)
{"ts":"2026-09-13T16:32:54.488Z","level":"info","service":"pro4x4-rig-builder","env":"development","event":"request.complete","requestId":"REQ-MU018VYN-NEHHAZ","method":"PUT","path":"/api/v1/staff/render-assets/Y62-FRONT34-01-BASE/binary","status":201,"durationMs":9,"fingerprint":"b07a760ab58004d3"}
{"ts":"2026-09-13T16:32:54.491Z","level":"info","service":"pro4x4-rig-builder","env":"development","event":"request.complete","requestId":"REQ-MU018VYY-UNSR21","method":"PUT","path":"/api/v1/staff/render-assets/Y62-FRONT34-01-BASE","status":200,"durationMs":1,"fingerprint":"b07a760ab58004d3"}
{"ts":"2026-09-13T16:32:54.496Z","level":"info","service":"pro4x4-rig-builder","env":"development","event":"request.complete","requestId":"REQ-MU018VZ0-O30KIC","method":"POST","path":"/api/v1/staff/render-assets/Y62-FRONT34-01-BASE/versions","status":201,"durationMs":4,"fingerprint":"b07a760ab58004d3"}
{"ts":"2026-09-13T16:32:54.498Z","level":"info","service":"pro4x4-rig-builder","env":"development","event":"request.complete","requestId":"REQ-MU018VZ5-PCLIQ2","method":"PUT","path":"/api/v1/staff/render-assets/Y62-FRONT34-01-BASE/versions/Y62-FRONT34-01-BASE-V0002","status":200,"durationMs":1,"fingerprint":"b07a760ab58004d3"}
{"ts":"2026-09-13T16:32:54.500Z","level":"info","service":"pro4x4-rig-builder","env":"development","event":"request.complete","requestId":"REQ-MU018VZ7-DIII90","method":"POST","path":"/api/v1/staff/render-assets/Y62-FRONT34-01-BASE/versions/Y62-FRONT34-01-BASE-V0002/promote","status":200,"durationMs":1,"fingerprint":"b07a760ab58004d3"}
{"ts":"2026-09-13T16:32:54.501Z","level":"info","service":"pro4x4-rig-builder","env":"development","event":"request.complete","requestId":"REQ-MU018VZ9-5WBJR4","method":"GET","path":"/api/v1/staff/render-assets/Y62-FRONT34-01-BASE/versions/Y62-FRONT34-01-BASE-V0001/delivery","status":200,"durationMs":1,"fingerprint":"b07a760ab58004d3"}
{"ts":"2026-09-13T16:32:54.503Z","level":"info","service":"pro4x4-rig-builder","env":"development","event":"request.complete","requestId":"REQ-MU018VZA-Z6CN79","method":"GET","path":"/api/v1/render-assets/version-delivery/eyJhc3NldElkIjoiWTYyLUZST05UMzQtMDEtQkFTRSIsInZlcnNpb25JZCI6Ilk2Mi1GUk9OVDM0LTAxLUJBU0UtVjAwMDEiLCJvYmplY3RLZXkiOiJzaGEyNTYvOTUvOTUxZTE1NDFkMzgzNDBkN2Q0MmFiMjg1NTI3ODAzMTMwNGVlZmMyNWFjYzI5OWUzY2QzODhmMzQyNWY1MmYzOC5wbmciLCJjaGVja3N1bVNoYTI1NiI6Ijk1MWUxNTQxZDM4MzQwZDdkNDJhYjI4NTUyNzgwMzEzMDRlZWZjMjVhY2MyOTllM2NkMzg4ZjM0MjVmNTJmMzgiLCJleHAiOjE3ODkzMTcyOTR9.7DStzIUov8XqDBzeTX8ya6lXZIjkERX5dJ3wiy-kaMc","status":200,"durationMs":1,"fingerprint":"b07a760ab58004d3"}
{"ts":"2026-09-13T16:32:54.505Z","level":"error","service":"pro4x4-rig-builder","env":"development","event":"request.error","requestId":"REQ-MU018VZC-ZSZOZO","method":"GET","path":"/api/v1/render-assets/version-delivery/eyJhc3NldElkIjoiWTYyLUZST05UMzQtMDEtQkFTRSIsInZlcnNpb25JZCI6Ilk2Mi1GUk9OVDM0LTAxLUJBU0UtVjAwMDEiLCJvYmplY3RLZXkiOiJzaGEyNTYvOTUvOTUxZTE1NDFkMzgzNDBkN2Q0MmFiMjg1NTI3ODAzMTMwNGVlZmMyNWFjYzI5OWUzY2QzODhmMzQyNWY1MmYzOC5wbmciLCJjaGVja3N1bVNoYTI1NiI6Ijk1MWUxNTQxZDM4MzQwZDdkNDJhYjI4NTUyNzgwMzEzMDRlZWZjMjVhY2MyOTllM2NkMzg4ZjM0MjVmNTJmMzgiLCJleHAiOjE3ODkzMTcyOTR9.7DStzIUov8XqDBzeTX8ya6lXZIjkERX5dJ3wiy-kaMA","status":403,"code":"asset_delivery_invalid","fingerprint":"b07a760ab58004d3"}
{"ts":"2026-09-13T16:32:54.505Z","level":"info","service":"pro4x4-rig-builder","env":"development","event":"request.complete","requestId":"REQ-MU018VZC-ZSZOZO","method":"GET","path":"/api/v1/render-assets/version-delivery/eyJhc3NldElkIjoiWTYyLUZST05UMzQtMDEtQkFTRSIsInZlcnNpb25JZCI6Ilk2Mi1GUk9OVDM0LTAxLUJBU0UtVjAwMDEiLCJvYmplY3RLZXkiOiJzaGEyNTYvOTUvOTUxZTE1NDFkMzgzNDBkN2Q0MmFiMjg1NTI3ODAzMTMwNGVlZmMyNWFjYzI5OWUzY2QzODhmMzQyNWY1MmYzOC5wbmciLCJjaGVja3N1bVNoYTI1NiI6Ijk1MWUxNTQxZDM4MzQwZDdkNDJhYjI4NTUyNzgwMzEzMDRlZWZjMjVhY2MyOTllM2NkMzg4ZjM0MjVmNTJmMzgiLCJleHAiOjE3ODkzMTcyOTR9.7DStzIUov8XqDBzeTX8ya6lXZIjkERX5dJ3wiy-kaMA","status":403,"durationMs":1,"fingerprint":"b07a760ab58004d3"}
{"ts":"2026-09-13T16:32:54.506Z","level":"info","service":"pro4x4-rig-builder","env":"development","event":"request.complete","requestId":"REQ-MU018VZE-6KFETR","method":"GET","path":"/api/v1/render-assets/Y62-FRONT34-01-BASE/binary","status":200,"durationMs":1,"fingerprint":"b07a760ab58004d3"}
{"ts":"2026-09-13T16:32:54.567Z","level":"info","service":"pro4x4-rig-builder","env":"development","event":"request.complete","requestId":"REQ-MU018W02-BBSCRW","method":"PUT","path":"/api/v1/staff/render-assets/Y62-FRONT34-01-BASE/binary","status":201,"durationMs":37,"fingerprint":"b07a760ab58004d3"}
{"ts":"2026-09-13T16:32:54.568Z","level":"info","service":"pro4x4-rig-builder","env":"development","event":"request.complete","requestId":"REQ-MU018W14-YKJ9OJ","method":"PUT","path":"/api/v1/staff/render-assets/Y62-FRONT34-01-BASE","status":200,"durationMs":1,"fingerprint":"b07a760ab58004d3"}
{"ts":"2026-09-13T16:32:54.577Z","level":"info","service":"pro4x4-rig-builder","env":"development","event":"request.complete","requestId":"REQ-MU018W15-PF3T1S","method":"GET","path":"/api/v1/staff/render-assets/Y62-FRONT34-01-BASE/versions/Y62-FRONT34-01-BASE-V0001/delivery","status":200,"durationMs":7,"fingerprint":"b07a760ab58004d3"}
{"ts":"2026-09-13T16:32:54.581Z","level":"info","service":"pro4x4-rig-builder","env":"development","event":"request.complete","requestId":"REQ-MU018W1G-KSC4MO","method":"GET","path":"/api/v1/render-assets/Y62-FRONT34-01-BASE/binary","status":302,"durationMs":1,"fingerprint":"b07a760ab58004d3"}
{"ts":"2026-09-13T16:32:54.589Z","level":"info","service":"pro4x4-rig-builder","env":"development","event":"request.complete","requestId":"REQ-MU018W1I-8AQLWB","method":"GET","path":"/api/v1/admin/asset-vault/status","status":200,"durationMs":7,"fingerprint":"b07a760ab58004d3"}
{"ts":"2026-09-13T16:32:54.590Z","level":"info","service":"pro4x4-rig-builder","env":"development","event":"request.complete","requestId":"REQ-MU018W1P-UESBKH","method":"GET","path":"/asset-registry.html","status":200,"durationMs":1,"fingerprint":"b07a760ab58004d3"}
{
  "alpha": 19,
  "dbMigration": 5,
  "signedHistoricalDelivery": true,
  "tamperRejected": true,
  "productionPointerStable": true,
  "s3SigV4": true,
  "presignedHistoricalDelivery": true,
  "cdnProductionRedirect": true,
  "cdnCspAllowed": true,
  "remoteIntegrityScan": true,
  "noFakeProductionSeed": true,
  "status": "pass"
}
(node:1060) ExperimentalWarning: SQLite is an experimental feature and might change at any time
(Use `node --trace-warnings ...` to show where the warning was created)
{"ts":"2026-09-13T16:32:54.691Z","level":"info","service":"pro4x4-rig-builder","env":"development","event":"request.complete","requestId":"REQ-MU018W4G-9NSV4S","method":"POST","path":"/api/v1/render/resolve","status":200,"durationMs":3,"fingerprint":"b07a760ab58004d3"}
{"ts":"2026-09-13T16:32:54.694Z","level":"info","service":"pro4x4-rig-builder","env":"development","event":"request.complete","requestId":"REQ-MU018W4L-ZLZ29H","method":"POST","path":"/api/v1/render/resolve","status":200,"durationMs":1,"fingerprint":"b07a760ab58004d3"}
{"ts":"2026-09-13T16:32:54.701Z","level":"info","service":"pro4x4-rig-builder","env":"development","event":"request.complete","requestId":"REQ-MU018W4N-4BIR9D","method":"PUT","path":"/api/v1/staff/render-assets/Y62-FRONT34-01-BASE/binary","status":201,"durationMs":6,"fingerprint":"b07a760ab58004d3"}
{"ts":"2026-09-13T16:32:54.704Z","level":"info","service":"pro4x4-rig-builder","env":"development","event":"request.complete","requestId":"REQ-MU018W4V-N4MBBJ","method":"PUT","path":"/api/v1/staff/render-assets/Y62-FRONT34-01-BASE","status":200,"durationMs":1,"fingerprint":"b07a760ab58004d3"}
{"ts":"2026-09-13T16:32:54.705Z","level":"info","service":"pro4x4-rig-builder","env":"development","event":"request.complete","requestId":"REQ-MU018W4W-34OM1P","method":"POST","path":"/api/v1/render/resolve","status":200,"durationMs":1,"fingerprint":"b07a760ab58004d3"}
{"ts":"2026-09-13T16:32:54.707Z","level":"info","service":"pro4x4-rig-builder","env":"development","event":"request.complete","requestId":"REQ-MU018W4Y-1CDAND","method":"GET","path":"/api/v1/render-assets/Y62-FRONT34-01-BASE/binary?sha=ffadaa37ecaa9f6a91bc7c7df4bd78f18ab05b1be135b7de05d7784c09c65941","status":200,"durationMs":1,"fingerprint":"b07a760ab58004d3"}
{"ts":"2026-09-13T16:32:54.708Z","level":"info","service":"pro4x4-rig-builder","env":"development","event":"request.complete","requestId":"REQ-MU018W50-9O3Z43","method":"GET","path":"/api/v1/render-assets/Y62-FRONT34-01-BASE/binary?sha=0000000000000000000000000000000000000000000000000000000000000000","status":409,"durationMs":1,"fingerprint":"b07a760ab58004d3"}
{
  "alpha": 20,
  "dbMigration": 5,
  "publicResolver": true,
  "states": [
    "available",
    "missing",
    "blocked"
  ],
  "exactSkuNoSubstitution": true,
  "checksumPinnedBinary": true,
  "customerReferenceFallback": "none",
  "partialStackSupported": true,
  "noFakeProductionSeed": true,
  "status": "pass"
}
Alpha 21 render contract: PASS
(node:1074) ExperimentalWarning: SQLite is an experimental feature and might change at any time
(Use `node --trace-warnings ...` to show where the warning was created)
{"ts":"2026-09-13T16:32:54.799Z","level":"info","service":"pro4x4-rig-builder","env":"development","event":"request.complete","requestId":"REQ-MU018W7E-RF22EC","method":"POST","path":"/api/v1/render/resolve","status":200,"durationMs":6,"fingerprint":"b07a760ab58004d3"}
{"ts":"2026-09-13T16:32:54.811Z","level":"info","service":"pro4x4-rig-builder","env":"development","event":"request.complete","requestId":"REQ-MU018W7M-3KDBVD","method":"PUT","path":"/api/v1/staff/render-assets/Y62-FRONT34-01-BASE/binary","status":201,"durationMs":9,"fingerprint":"b07a760ab58004d3"}
{"ts":"2026-09-13T16:32:54.815Z","level":"info","service":"pro4x4-rig-builder","env":"development","event":"request.complete","requestId":"REQ-MU018W7X-LVEXMX","method":"PUT","path":"/api/v1/staff/render-assets/Y62-FRONT34-01-BASE","status":200,"durationMs":1,"fingerprint":"b07a760ab58004d3"}
{"ts":"2026-09-13T16:32:54.816Z","level":"info","service":"pro4x4-rig-builder","env":"development","event":"request.complete","requestId":"REQ-MU018W7Z-V8HIYT","method":"POST","path":"/api/v1/render/resolve","status":200,"durationMs":1,"fingerprint":"b07a760ab58004d3"}
{"ts":"2026-09-13T16:32:54.818Z","level":"info","service":"pro4x4-rig-builder","env":"development","event":"request.complete","requestId":"REQ-MU018W81-GSZHYP","method":"POST","path":"/api/v1/render/telemetry","status":202,"durationMs":1,"fingerprint":"b07a760ab58004d3"}
{"ts":"2026-09-13T16:32:54.819Z","level":"info","service":"pro4x4-rig-builder","env":"development","event":"request.complete","requestId":"REQ-MU018W82-JDKQAI","method":"GET","path":"/api/v1/staff/render-telemetry?vehicleId=nissan-y62-warrior-2025&viewId=front34&limit=10","status":200,"durationMs":0,"fingerprint":"b07a760ab58004d3"}
{
  "alpha": 22,
  "dbMigration": 6,
  "paintStateExactMatch": true,
  "wheelStateExactMatch": true,
  "validatedPaintsSelectable": 4,
  "loadRetryAttempts": 3,
  "telemetryPersisted": true,
  "staffTelemetry": true,
  "backupTelemetry": true,
  "noFallback": true,
  "noFakeProductionSeed": true,
  "status": "pass"
}
(node:1081) ExperimentalWarning: SQLite is an experimental feature and might change at any time
(Use `node --trace-warnings ...` to show where the warning was created)
{"ts":"2026-09-13T16:32:54.888Z","level":"info","service":"pro4x4-rig-builder","env":"development","event":"request.complete","requestId":"REQ-MU018W9Y-FAW6DW","method":"GET","path":"/api/v1/staff/render-readiness?vehicleId=nissan-y62-warrior-2025","status":200,"durationMs":2,"fingerprint":"b07a760ab58004d3"}
{"ts":"2026-09-13T16:32:54.895Z","level":"info","service":"pro4x4-rig-builder","env":"development","event":"request.complete","requestId":"REQ-MU018WA3-9FB47C","method":"POST","path":"/api/v1/staff/render-readiness/slots/sync","status":200,"durationMs":3,"fingerprint":"b07a760ab58004d3"}
{"ts":"2026-09-13T16:32:54.898Z","level":"info","service":"pro4x4-rig-builder","env":"development","event":"request.complete","requestId":"REQ-MU018WA8-8Y2NZW","method":"POST","path":"/api/v1/staff/render-readiness/slots/sync","status":200,"durationMs":1,"fingerprint":"b07a760ab58004d3"}
{
  "alpha": 23,
  "plannedCoreSlots": 15,
  "existingCoreSlots": 6,
  "createdAssetNeededSlots": 9,
  "idempotentSync": true,
  "productionReadySeed": 0,
  "readinessMatrix": true,
  "telemetryHealth": true,
  "noFakeLayerRule": true,
  "status": "pass"
}
merged-alpha23: PASS — 2 vehicles, original 20-product Ranger baseline preserved (28 current), Y62 Alpha 22 preserved
merged-project-handoff-alpha24: PASS — Ranger + Y62 use one immutable project/quote/share contract with no render fallback
multi-vehicle-pipeline-alpha24: PASS — both proof vehicles persist as immutable projects; Ranger queue handoff retains project lineage and fitment gate
(node:1102) ExperimentalWarning: SQLite is an experimental feature and might change at any time
(Use `node --trace-warnings ...` to show where the warning was created)
Alpha 25 parallel workstream governance verified.
Alpha 26 parallel visual governance: PASS
Alpha 26 parallel push 02: PASS
(node:1130) ExperimentalWarning: SQLite is an experimental feature and might change at any time
(Use `node --trace-warnings ...` to show where the warning was created)
{"ts":"2026-09-13T16:32:55.158Z","level":"info","service":"pro4x4-rig-builder","env":"development","event":"request.complete","requestId":"REQ-MU018WHG-36IKTB","method":"GET","path":"/api/v1/staff/render-assets?vehicleId=nissan-y62-warrior-2025","status":200,"durationMs":2,"fingerprint":"1049becf6f27b9b2"}
{"ts":"2026-09-13T16:32:55.172Z","level":"info","service":"pro4x4-rig-builder","env":"development","event":"request.complete","requestId":"REQ-MU018WHS-0NM8KQ","method":"POST","path":"/api/v1/staff/visual-governance/sync","status":200,"durationMs":4,"fingerprint":"1049becf6f27b9b2"}
{"ts":"2026-09-13T16:32:55.176Z","level":"info","service":"pro4x4-rig-builder","env":"development","event":"request.complete","requestId":"REQ-MU018WI0-7W6K8A","method":"GET","path":"/api/v1/staff/render-assets?vehicleId=nissan-y62-warrior-2025","status":200,"durationMs":1,"fingerprint":"1049becf6f27b9b2"}
{"ts":"2026-09-13T16:32:55.181Z","level":"info","service":"pro4x4-rig-builder","env":"development","event":"request.complete","requestId":"REQ-MU018WI3-BLXAKT","method":"GET","path":"/api/v1/staff/render-assets/OWNER-Y62-F34-01/reference-source","status":200,"durationMs":2,"fingerprint":"1049becf6f27b9b2"}
{"ts":"2026-09-13T16:32:55.188Z","level":"info","service":"pro4x4-rig-builder","env":"development","event":"request.complete","requestId":"REQ-MU018WIB-HE5H9Z","method":"GET","path":"/references/y62-owner/IMG_4030.jpeg","status":404,"durationMs":1,"fingerprint":"1049becf6f27b9b2"}
{"ts":"2026-09-13T16:32:55.193Z","level":"info","service":"pro4x4-rig-builder","env":"development","event":"request.complete","requestId":"REQ-MU018WIF-PHQESS","method":"POST","path":"/api/v1/staff/visual-governance/sync","status":200,"durationMs":2,"fingerprint":"1049becf6f27b9b2"}
{
  "alpha": "26-wf4",
  "package": "persisted-visual-governance",
  "initialAssets": 22,
  "persistedAssets": 34,
  "ownerReferences": 9,
  "canonicalMasterSlots": 3,
  "idempotentSync": true,
  "productionEligible": 0,
  "staffReferenceVisibility": true,
  "protectedReferenceDelivery": true,
  "status": "pass"
}
WF1 Alpha 26 save/share integrity: PASS
WF3 Y62 F34 candidate Alpha 26: PASS
Alpha 26 parallel push 03: PASS
(node:1151) ExperimentalWarning: SQLite is an experimental feature and might change at any time
(Use `node --trace-warnings ...` to show where the warning was created)
Alpha 26 parallel push 04: PASS
(node:1158) ExperimentalWarning: SQLite is an experimental feature and might change at any time
(Use `node --trace-warnings ...` to show where the warning was created)
Alpha 26 parallel push 05: PASS
WF1 Alpha 26 conditional fitment guidance: PASS
WF1 any-of dependency integrity Alpha 26: PASS
WF1 Alpha 26 catalogue browse path: PASS
WF1 Alpha 26 immutable handoff review: PASS
WF1 Alpha 26 immutable handoff receipt / return journey: PASS
WF1 Alpha 26 pre-selection compatibility impact preview: PASS
WF1 Alpha 26 build-summary constraint traceability: PASS
