
> pro4x4-rig-builder-merged-alpha26@0.26.17 test:render-resolver
> node tests/render-resolver-alpha20.js && node tests/render-contract-alpha21.js && node tests/render-state-telemetry-alpha22.js && node tests/render-readiness-alpha23.js

(node:3142) ExperimentalWarning: SQLite is an experimental feature and might change at any time
(Use `node --trace-warnings ...` to show where the warning was created)
{"ts":"2026-09-13T22:31:51.786Z","level":"info","service":"pro4x4-rig-builder","env":"development","event":"request.complete","requestId":"REQ-MU0E2I93-5DY5SF","method":"POST","path":"/api/v1/render/resolve","status":200,"durationMs":3,"fingerprint":"b07a760ab58004d3"}
{"ts":"2026-09-13T22:31:51.789Z","level":"info","service":"pro4x4-rig-builder","env":"development","event":"request.complete","requestId":"REQ-MU0E2I98-WEYJPN","method":"POST","path":"/api/v1/render/resolve","status":200,"durationMs":1,"fingerprint":"b07a760ab58004d3"}
{"ts":"2026-09-13T22:31:51.798Z","level":"info","service":"pro4x4-rig-builder","env":"development","event":"request.complete","requestId":"REQ-MU0E2I9A-NHUHH9","method":"PUT","path":"/api/v1/staff/render-assets/Y62-FRONT34-01-BASE/binary","status":201,"durationMs":8,"fingerprint":"b07a760ab58004d3"}
{"ts":"2026-09-13T22:31:51.801Z","level":"info","service":"pro4x4-rig-builder","env":"development","event":"request.complete","requestId":"REQ-MU0E2I9K-4GRHGS","method":"PUT","path":"/api/v1/staff/render-assets/Y62-FRONT34-01-BASE","status":200,"durationMs":1,"fingerprint":"b07a760ab58004d3"}
{"ts":"2026-09-13T22:31:51.803Z","level":"info","service":"pro4x4-rig-builder","env":"development","event":"request.complete","requestId":"REQ-MU0E2I9M-JE8UA7","method":"POST","path":"/api/v1/render/resolve","status":200,"durationMs":1,"fingerprint":"b07a760ab58004d3"}
{"ts":"2026-09-13T22:31:51.806Z","level":"info","service":"pro4x4-rig-builder","env":"development","event":"request.complete","requestId":"REQ-MU0E2I9P-Y5FF63","method":"GET","path":"/api/v1/render-assets/Y62-FRONT34-01-BASE/binary?sha=ffadaa37ecaa9f6a91bc7c7df4bd78f18ab05b1be135b7de05d7784c09c65941","status":200,"durationMs":1,"fingerprint":"b07a760ab58004d3"}
{"ts":"2026-09-13T22:31:51.808Z","level":"info","service":"pro4x4-rig-builder","env":"development","event":"request.complete","requestId":"REQ-MU0E2I9R-66VS9G","method":"GET","path":"/api/v1/render-assets/Y62-FRONT34-01-BASE/binary?sha=0000000000000000000000000000000000000000000000000000000000000000","status":409,"durationMs":0,"fingerprint":"b07a760ab58004d3"}
{
  "alpha": 20,
  "dbMigration": 5,
  "publicResolver": true,
  "states": [
    "available",
    "missing",
    "blocked"
  ],
  "exactSkuNoSubstitution": true,
  "checksumPinnedBinary": true,
  "customerReferenceFallback": "none",
  "partialStackSupported": true,
  "noFakeProductionSeed": true,
  "status": "pass"
}
Alpha 21 render contract: PASS
(node:3156) ExperimentalWarning: SQLite is an experimental feature and might change at any time
(Use `node --trace-warnings ...` to show where the warning was created)
{"ts":"2026-09-13T22:31:51.893Z","level":"info","service":"pro4x4-rig-builder","env":"development","event":"request.complete","requestId":"REQ-MU0E2IC2-AAHJRP","method":"POST","path":"/api/v1/render/resolve","status":200,"durationMs":3,"fingerprint":"b07a760ab58004d3"}
{"ts":"2026-09-13T22:31:51.901Z","level":"info","service":"pro4x4-rig-builder","env":"development","event":"request.complete","requestId":"REQ-MU0E2IC7-J1QYPI","method":"PUT","path":"/api/v1/staff/render-assets/Y62-FRONT34-01-BASE/binary","status":201,"durationMs":6,"fingerprint":"b07a760ab58004d3"}
{"ts":"2026-09-13T22:31:51.904Z","level":"info","service":"pro4x4-rig-builder","env":"development","event":"request.complete","requestId":"REQ-MU0E2ICF-TMM0BH","method":"PUT","path":"/api/v1/staff/render-assets/Y62-FRONT34-01-BASE","status":200,"durationMs":1,"fingerprint":"b07a760ab58004d3"}
{"ts":"2026-09-13T22:31:51.905Z","level":"info","service":"pro4x4-rig-builder","env":"development","event":"request.complete","requestId":"REQ-MU0E2ICG-ASDG47","method":"POST","path":"/api/v1/render/resolve","status":200,"durationMs":1,"fingerprint":"b07a760ab58004d3"}
{"ts":"2026-09-13T22:31:51.907Z","level":"info","service":"pro4x4-rig-builder","env":"development","event":"request.complete","requestId":"REQ-MU0E2ICI-9CN11Q","method":"POST","path":"/api/v1/render/telemetry","status":202,"durationMs":1,"fingerprint":"b07a760ab58004d3"}
{"ts":"2026-09-13T22:31:51.908Z","level":"info","service":"pro4x4-rig-builder","env":"development","event":"request.complete","requestId":"REQ-MU0E2ICJ-N17QF6","method":"GET","path":"/api/v1/staff/render-telemetry?vehicleId=nissan-y62-warrior-2025&viewId=front34&limit=10","status":200,"durationMs":0,"fingerprint":"b07a760ab58004d3"}
{
  "alpha": 22,
  "dbMigration": 6,
  "paintStateExactMatch": true,
  "wheelStateExactMatch": true,
  "validatedPaintsSelectable": 4,
  "loadRetryAttempts": 3,
  "telemetryPersisted": true,
  "staffTelemetry": true,
  "backupTelemetry": true,
  "noFallback": true,
  "noFakeProductionSeed": true,
  "status": "pass"
}
(node:3163) ExperimentalWarning: SQLite is an experimental feature and might change at any time
(Use `node --trace-warnings ...` to show where the warning was created)
{"ts":"2026-09-13T22:31:51.973Z","level":"info","service":"pro4x4-rig-builder","env":"development","event":"request.complete","requestId":"REQ-MU0E2IEB-P4ER6Y","method":"GET","path":"/api/v1/staff/render-readiness?vehicleId=nissan-y62-warrior-2025","status":200,"durationMs":2,"fingerprint":"b07a760ab58004d3"}
{"ts":"2026-09-13T22:31:51.979Z","level":"info","service":"pro4x4-rig-builder","env":"development","event":"request.complete","requestId":"REQ-MU0E2IEG-NV8UD8","method":"POST","path":"/api/v1/staff/render-readiness/slots/sync","status":200,"durationMs":3,"fingerprint":"b07a760ab58004d3"}
{"ts":"2026-09-13T22:31:51.982Z","level":"info","service":"pro4x4-rig-builder","env":"development","event":"request.complete","requestId":"REQ-MU0E2IEK-SVJMI0","method":"POST","path":"/api/v1/staff/render-readiness/slots/sync","status":200,"durationMs":1,"fingerprint":"b07a760ab58004d3"}
{
  "alpha": 23,
  "plannedCoreSlots": 15,
  "existingCoreSlots": 6,
  "createdAssetNeededSlots": 9,
  "idempotentSync": true,
  "productionReadySeed": 0,
  "readinessMatrix": true,
  "telemetryHealth": true,
  "noFakeLayerRule": true,
  "status": "pass"
}
