
> pro4x4-rig-builder-merged-alpha26@0.26.11 test
> node tests/smoke-alpha12.js && node tests/server-contract-alpha12.js && node tests/client-journey-alpha12.js && node tests/security-alpha12.js && node tests/hosted-alpha13.js && node tests/asset-registry-alpha14.js && node tests/asset-ingestion-alpha15.js && node tests/asset-vault-alpha16.js && node tests/asset-vault-lifecycle-alpha17.js && node tests/asset-version-lineage-alpha18.js && node tests/asset-delivery-storage-alpha19.js && node tests/render-resolver-alpha20.js && node tests/render-contract-alpha21.js && node tests/render-state-telemetry-alpha22.js && node tests/render-readiness-alpha23.js && node tests/merged-alpha23.js && node tests/merged-project-handoff-alpha24.js && node tests/multi-vehicle-pipeline-alpha24.js && node tests/parallel-workstreams-alpha25.js && node tests/alpha26-parallel-visual-governance.js && node tests/alpha26-parallel-push02.js && node tests/alpha26-wf4-persisted-visual-governance.js && node tests/wf1-save-share-integrity-alpha26.js && node tests/wf3-y62-f34-candidate-alpha26.js && node tests/alpha26-parallel-push03.js && node tests/alpha26-parallel-push04.js && node tests/alpha26-parallel-push05.js && node tests/alpha26-wf4-review-evidence-visibility.js && node tests/wf4-production-review-gate-alpha26.js && node tests/wf4-canonical-view-registry-alpha26.js && node tests/wf4-reference-intake-alpha26.js && node tests/wf4-catalogue-governance-alpha26.js && node tests/wf2-ranger-catalogue-alpha26.js && node tests/wf2-ranger-support-components-alpha26.js && node tests/wf3-y62-f34-transparent-candidate-alpha26.js && node tests/wf4-project-quote-lineage-alpha26.js && node tests/wf4-project-quote-lineage-endpoint-alpha26.js && node tests/wf4-audit-production-controls-alpha26.js && node tests/wf4-canonical-review-evidence-alpha26.js

{
  "quotes": 1,
  "catalogueAccessories": 11,
  "auditEvents": 3,
  "seedReport": {
    "catalogues": 1,
    "quotes": 0,
    "projects": 0,
    "errors": []
  },
  "projectId": "P4X4-PROJ-20260913-BXKCEGEX",
  "shareStoredAsHash": true
}
(node:1323) ExperimentalWarning: SQLite is an experimental feature and might change at any time
(Use `node --trace-warnings ...` to show where the warning was created)
{"ts":"2026-09-13T17:37:17.729Z","level":"info","service":"pro4x4-rig-builder","env":"development","event":"request.complete","requestId":"REQ-MU03JOV3-LF9FNC","method":"GET","path":"/api/v1/health","status":200,"durationMs":2,"fingerprint":"1049becf6f27b9b2"}
{"ts":"2026-09-13T17:37:17.736Z","level":"info","service":"pro4x4-rig-builder","env":"development","event":"request.complete","requestId":"REQ-MU03JOVB-OXFP74","method":"GET","path":"/api/v1/catalogue/nissan-y62-warrior-2025","status":200,"durationMs":1,"fingerprint":"1049becf6f27b9b2"}
{"ts":"2026-09-13T17:37:17.742Z","level":"info","service":"pro4x4-rig-builder","env":"development","event":"request.complete","requestId":"REQ-MU03JOVH-CDUK75","method":"POST","path":"/api/v1/builds","status":201,"durationMs":1,"fingerprint":"1049becf6f27b9b2"}
{"ts":"2026-09-13T17:37:17.744Z","level":"info","service":"pro4x4-rig-builder","env":"development","event":"request.complete","requestId":"REQ-MU03JOVJ-AQ9D4W","method":"GET","path":"/api/v1/staff/quotes","status":200,"durationMs":0,"fingerprint":"1049becf6f27b9b2"}
{"ts":"2026-09-13T17:37:17.745Z","level":"info","service":"pro4x4-rig-builder","env":"development","event":"request.complete","requestId":"REQ-MU03JOVL-9P6LVH","method":"GET","path":"/api/v1/staff/quotes/P4X4-ALPHA11-CONTRACT","status":200,"durationMs":0,"fingerprint":"1049becf6f27b9b2"}
{"ts":"2026-09-13T17:37:17.747Z","level":"info","service":"pro4x4-rig-builder","env":"development","event":"request.complete","requestId":"REQ-MU03JOVN-JJTSI9","method":"PATCH","path":"/api/v1/staff/settings/quote","status":200,"durationMs":1,"fingerprint":"1049becf6f27b9b2"}
{"ts":"2026-09-13T17:37:17.750Z","level":"info","service":"pro4x4-rig-builder","env":"development","event":"request.complete","requestId":"REQ-MU03JOVP-385GJV","method":"POST","path":"/api/v1/staff/quotes/P4X4-ALPHA11-CONTRACT/finalise","status":200,"durationMs":1,"fingerprint":"1049becf6f27b9b2"}
{"ts":"2026-09-13T17:37:17.753Z","level":"info","service":"pro4x4-rig-builder","env":"development","event":"request.complete","requestId":"REQ-MU03JOVR-R9048D","method":"PUT","path":"/api/v1/staff/catalogue/nissan-y62-warrior-2025/draft","status":200,"durationMs":1,"fingerprint":"1049becf6f27b9b2"}
{"ts":"2026-09-13T17:37:17.755Z","level":"info","service":"pro4x4-rig-builder","env":"development","event":"request.complete","requestId":"REQ-MU03JOVU-CRVVQL","method":"GET","path":"/api/v1/staff/catalogue/nissan-y62-warrior-2025/draft","status":200,"durationMs":0,"fingerprint":"1049becf6f27b9b2"}
{"ts":"2026-09-13T17:37:17.757Z","level":"info","service":"pro4x4-rig-builder","env":"development","event":"request.complete","requestId":"REQ-MU03JOVX-PJYUKV","method":"DELETE","path":"/api/v1/staff/catalogue/nissan-y62-warrior-2025/draft","status":204,"durationMs":0,"fingerprint":"1049becf6f27b9b2"}
{"ts":"2026-09-13T17:37:17.759Z","level":"info","service":"pro4x4-rig-builder","env":"development","event":"request.complete","requestId":"REQ-MU03JOVY-ANB80Y","method":"POST","path":"/api/v1/projects/P4X4-PROJ-CONTRACT/revisions","status":201,"durationMs":1,"fingerprint":"1049becf6f27b9b2"}
{"ts":"2026-09-13T17:37:17.760Z","level":"info","service":"pro4x4-rig-builder","env":"development","event":"request.complete","requestId":"REQ-MU03JOW0-FMY6ZR","method":"GET","path":"/api/v1/projects","status":200,"durationMs":0,"fingerprint":"1049becf6f27b9b2"}
{"ts":"2026-09-13T17:37:17.762Z","level":"info","service":"pro4x4-rig-builder","env":"development","event":"request.complete","requestId":"REQ-MU03JOW2-72G7R6","method":"POST","path":"/api/v1/projects/P4X4-PROJ-CONTRACT/revisions","status":201,"durationMs":1,"fingerprint":"1049becf6f27b9b2"}
{"ts":"2026-09-13T17:37:17.764Z","level":"error","service":"pro4x4-rig-builder","env":"development","event":"request.error","requestId":"REQ-MU03JOW3-2G7F6Y","method":"POST","path":"/api/v1/projects/P4X4-PROJ-CONTRACT/revisions","status":409,"code":"version_conflict","fingerprint":"1049becf6f27b9b2"}
{"ts":"2026-09-13T17:37:17.764Z","level":"info","service":"pro4x4-rig-builder","env":"development","event":"request.complete","requestId":"REQ-MU03JOW3-2G7F6Y","method":"POST","path":"/api/v1/projects/P4X4-PROJ-CONTRACT/revisions","status":409,"durationMs":0,"fingerprint":"1049becf6f27b9b2"}
{"ts":"2026-09-13T17:37:17.765Z","level":"info","service":"pro4x4-rig-builder","env":"development","event":"request.complete","requestId":"REQ-MU03JOW4-JV6UJS","method":"PUT","path":"/api/v1/projects/P4X4-PROJ-CONTRACT/current-revision","status":200,"durationMs":1,"fingerprint":"1049becf6f27b9b2"}
{"ts":"2026-09-13T17:37:17.767Z","level":"info","service":"pro4x4-rig-builder","env":"development","event":"request.complete","requestId":"REQ-MU03JOW6-2OD3YX","method":"POST","path":"/api/v1/projects/P4X4-PROJ-CONTRACT/shares","status":201,"durationMs":1,"fingerprint":"1049becf6f27b9b2"}
{"ts":"2026-09-13T17:37:17.768Z","level":"info","service":"pro4x4-rig-builder","env":"development","event":"request.complete","requestId":"REQ-MU03JOW8-JYX2VK","method":"GET","path":"/api/v1/shares/PoUIdBL_QhoCC2FGV3ztaI_FRj61_Xj7-79QSJl9hwQ","status":200,"durationMs":0,"fingerprint":"1049becf6f27b9b2"}
{"ts":"2026-09-13T17:37:17.770Z","level":"info","service":"pro4x4-rig-builder","env":"development","event":"request.complete","requestId":"REQ-MU03JOW9-12UHI5","method":"DELETE","path":"/api/v1/projects/P4X4-PROJ-CONTRACT/shares/c575b0bfbe365d64576bdff823699745cecfafddba186f27e969e4e3a813d570","status":204,"durationMs":1,"fingerprint":"1049becf6f27b9b2"}
{"ts":"2026-09-13T17:37:17.770Z","level":"info","service":"pro4x4-rig-builder","env":"development","event":"request.complete","requestId":"REQ-MU03JOWA-JL2ITM","method":"GET","path":"/api/v1/shares/PoUIdBL_QhoCC2FGV3ztaI_FRj61_Xj7-79QSJl9hwQ","status":404,"durationMs":0,"fingerprint":"1049becf6f27b9b2"}
{"ts":"2026-09-13T17:37:17.772Z","level":"error","service":"pro4x4-rig-builder","env":"development","event":"request.error","requestId":"REQ-MU03JOWB-ZZI45W","method":"GET","path":"/api/v1/projects/P4X4-PROJ-CONTRACT","status":403,"code":"forbidden","fingerprint":"1049becf6f27b9b2"}
{"ts":"2026-09-13T17:37:17.772Z","level":"info","service":"pro4x4-rig-builder","env":"development","event":"request.complete","requestId":"REQ-MU03JOWB-ZZI45W","method":"GET","path":"/api/v1/projects/P4X4-PROJ-CONTRACT","status":403,"durationMs":1,"fingerprint":"1049becf6f27b9b2"}
{"ts":"2026-09-13T17:37:17.772Z","level":"info","service":"pro4x4-rig-builder","env":"development","event":"request.complete","requestId":"REQ-MU03JOWC-NXPCY9","method":"GET","path":"/api/v1/projects","status":200,"durationMs":0,"fingerprint":"1049becf6f27b9b2"}
{"ts":"2026-09-13T17:37:17.774Z","level":"info","service":"pro4x4-rig-builder","env":"development","event":"request.complete","requestId":"REQ-MU03JOWE-NNQ8SM","method":"GET","path":"/api/v1/staff/audit?limit=500","status":200,"durationMs":1,"fingerprint":"1049becf6f27b9b2"}
{"ts":"2026-09-13T17:37:17.775Z","level":"error","service":"pro4x4-rig-builder","env":"development","event":"request.error","requestId":"REQ-MU03JOWF-BW4D2B","method":"GET","path":"/api/v1/admin/backup","status":403,"code":"forbidden","fingerprint":"1049becf6f27b9b2"}
{"ts":"2026-09-13T17:37:17.775Z","level":"info","service":"pro4x4-rig-builder","env":"development","event":"request.complete","requestId":"REQ-MU03JOWF-BW4D2B","method":"GET","path":"/api/v1/admin/backup","status":403,"durationMs":0,"fingerprint":"1049becf6f27b9b2"}
{"ts":"2026-09-13T17:37:17.778Z","level":"info","service":"pro4x4-rig-builder","env":"development","event":"request.complete","requestId":"REQ-MU03JOWG-4K32MC","method":"GET","path":"/api/v1/admin/backup","status":200,"durationMs":2,"fingerprint":"1049becf6f27b9b2"}
{"ts":"2026-09-13T17:37:17.780Z","level":"info","service":"pro4x4-rig-builder","env":"development","event":"request.complete","requestId":"REQ-MU03JOWK-CEA067","method":"PATCH","path":"/api/v1/staff/settings/quote","status":200,"durationMs":0,"fingerprint":"1049becf6f27b9b2"}
{"ts":"2026-09-13T17:37:17.784Z","level":"info","service":"pro4x4-rig-builder","env":"development","event":"request.complete","requestId":"REQ-MU03JOWM-3MNKNO","method":"POST","path":"/api/v1/admin/backup/restore","status":200,"durationMs":2,"fingerprint":"1049becf6f27b9b2"}
{"ts":"2026-09-13T17:37:17.785Z","level":"info","service":"pro4x4-rig-builder","env":"development","event":"request.complete","requestId":"REQ-MU03JOWP-FFETW9","method":"GET","path":"/api/v1/staff/settings/quote","status":200,"durationMs":0,"fingerprint":"1049becf6f27b9b2"}
{"ts":"2026-09-13T17:37:17.786Z","level":"info","service":"pro4x4-rig-builder","env":"development","event":"request.complete","requestId":"REQ-MU03JOWQ-EOMDQ1","method":"GET","path":"/sales.html","status":200,"durationMs":0,"fingerprint":"1049becf6f27b9b2"}
{"ts":"2026-09-13T17:37:17.787Z","level":"info","service":"pro4x4-rig-builder","env":"development","event":"request.complete","requestId":"REQ-MU03JOWR-757CLS","method":"GET","path":"/api/v1/staff/audit?limit=500","status":200,"durationMs":1,"fingerprint":"1049becf6f27b9b2"}
{
  "schemaVersion": "0.12.0",
  "catalogueAccessories": 11,
  "quotes": 1,
  "projectRevision": "R0001",
  "projectList": true,
  "restoreRevision": true,
  "ownerIsolation": true,
  "auditEvents": 35,
  "backupTables": [
    "quotes",
    "catalogueRevisions",
    "projects",
    "shares",
    "auditEvents"
  ],
  "httpStatic": true
}
(node:1330) ExperimentalWarning: SQLite is an experimental feature and might change at any time
(Use `node --trace-warnings ...` to show where the warning was created)
{"ts":"2026-09-13T17:37:17.871Z","level":"info","service":"pro4x4-rig-builder","env":"development","event":"request.complete","requestId":"REQ-MU03JOZ1-WLXMLO","method":"GET","path":"/api/v1/catalogue/nissan-y62-warrior-2025","status":200,"durationMs":2,"fingerprint":"1049becf6f27b9b2"}
{"ts":"2026-09-13T17:37:17.884Z","level":"info","service":"pro4x4-rig-builder","env":"development","event":"request.complete","requestId":"REQ-MU03JOZE-HCV70Q","method":"POST","path":"/api/v1/projects/P4X4-PROJ-CLIENT-1789321037877/revisions","status":201,"durationMs":1,"fingerprint":"1049becf6f27b9b2"}
{"ts":"2026-09-13T17:37:17.886Z","level":"info","service":"pro4x4-rig-builder","env":"development","event":"request.complete","requestId":"REQ-MU03JOZH-L7ZTD0","method":"GET","path":"/api/v1/projects","status":200,"durationMs":1,"fingerprint":"1049becf6f27b9b2"}
{"ts":"2026-09-13T17:37:17.889Z","level":"info","service":"pro4x4-rig-builder","env":"development","event":"request.complete","requestId":"REQ-MU03JOZK-18OZIC","method":"POST","path":"/api/v1/projects/P4X4-PROJ-CLIENT-1789321037877/shares","status":201,"durationMs":1,"fingerprint":"1049becf6f27b9b2"}
{"ts":"2026-09-13T17:37:17.891Z","level":"info","service":"pro4x4-rig-builder","env":"development","event":"request.complete","requestId":"REQ-MU03JOZM-EPOYGK","method":"GET","path":"/api/v1/shares/OioX4I5Y2OuW3r2IedseJdaL3BiKWJkJdK_4gEU-r7M","status":200,"durationMs":1,"fingerprint":"1049becf6f27b9b2"}
{"ts":"2026-09-13T17:37:17.895Z","level":"info","service":"pro4x4-rig-builder","env":"development","event":"request.complete","requestId":"REQ-MU03JOZQ-7Z9MKQ","method":"POST","path":"/api/v1/builds","status":201,"durationMs":1,"fingerprint":"1049becf6f27b9b2"}
{"ts":"2026-09-13T17:37:17.897Z","level":"info","service":"pro4x4-rig-builder","env":"development","event":"request.complete","requestId":"REQ-MU03JOZS-PC4H98","method":"PATCH","path":"/api/v1/staff/quotes/P4X4-CLIENT-1789321037877","status":200,"durationMs":1,"fingerprint":"1049becf6f27b9b2"}
{"ts":"2026-09-13T17:37:17.899Z","level":"info","service":"pro4x4-rig-builder","env":"development","event":"request.complete","requestId":"REQ-MU03JOZU-VEF618","method":"POST","path":"/api/v1/staff/quotes/P4X4-CLIENT-1789321037877/finalise","status":200,"durationMs":1,"fingerprint":"1049becf6f27b9b2"}
{"ts":"2026-09-13T17:37:17.901Z","level":"info","service":"pro4x4-rig-builder","env":"development","event":"request.complete","requestId":"REQ-MU03JOZW-G77MPS","method":"DELETE","path":"/api/v1/projects/P4X4-PROJ-CLIENT-1789321037877/shares/2d69e85fbaa2cb0dd0fcfd35114a818a06f49be78b964f2ba3db0b6d39c443c3","status":204,"durationMs":1,"fingerprint":"1049becf6f27b9b2"}
{
  "schemaVersion": "0.12.0",
  "client": "browser-adapter-vm",
  "backend": "http-server",
  "catalogueAccessories": 11,
  "projectRevision": "R0001",
  "workflow": [
    "save",
    "list",
    "share",
    "queue",
    "staff-review",
    "formal-quote"
  ],
  "quoteTotal": 500,
  "status": "pass"
}
(node:1337) ExperimentalWarning: SQLite is an experimental feature and might change at any time
(Use `node --trace-warnings ...` to show where the warning was created)
{"ts":"2026-09-13T17:37:18.002Z","level":"info","service":"pro4x4-rig-builder","env":"development","event":"request.complete","requestId":"REQ-MU03JP2O-KB1F8O","method":"GET","path":"/api/v1/health","status":200,"durationMs":2,"fingerprint":"1049becf6f27b9b2"}
{"ts":"2026-09-13T17:37:18.011Z","level":"info","service":"pro4x4-rig-builder","env":"development","event":"request.complete","requestId":"REQ-MU03JP2Y-Z2OJNV","method":"GET","path":"/api/v1/auth/session","status":200,"durationMs":1,"fingerprint":"1049becf6f27b9b2"}
{"ts":"2026-09-13T17:37:18.014Z","level":"error","service":"pro4x4-rig-builder","env":"development","event":"request.error","requestId":"REQ-MU03JP31-L1LPEN","method":"GET","path":"/api/v1/staff/quotes","status":403,"code":"forbidden","fingerprint":"1049becf6f27b9b2"}
{"ts":"2026-09-13T17:37:18.014Z","level":"info","service":"pro4x4-rig-builder","env":"development","event":"request.complete","requestId":"REQ-MU03JP31-L1LPEN","method":"GET","path":"/api/v1/staff/quotes","status":403,"durationMs":1,"fingerprint":"1049becf6f27b9b2"}
{"ts":"2026-09-13T17:37:18.015Z","level":"error","service":"pro4x4-rig-builder","env":"development","event":"request.error","requestId":"REQ-MU03JP33-2EBQOL","method":"GET","path":"/api/v1/staff/quotes","status":403,"code":"forbidden","fingerprint":"1049becf6f27b9b2"}
{"ts":"2026-09-13T17:37:18.016Z","level":"info","service":"pro4x4-rig-builder","env":"development","event":"request.complete","requestId":"REQ-MU03JP33-2EBQOL","method":"GET","path":"/api/v1/staff/quotes","status":403,"durationMs":0,"fingerprint":"1049becf6f27b9b2"}
{"ts":"2026-09-13T17:37:18.020Z","level":"info","service":"pro4x4-rig-builder","env":"development","event":"request.complete","requestId":"REQ-MU03JP37-AFL7DC","method":"POST","path":"/api/v1/auth/dev-login","status":201,"durationMs":1,"fingerprint":"1049becf6f27b9b2"}
{"ts":"2026-09-13T17:37:18.022Z","level":"info","service":"pro4x4-rig-builder","env":"development","event":"request.complete","requestId":"REQ-MU03JP39-LESU95","method":"GET","path":"/api/v1/staff/quotes","status":200,"durationMs":0,"fingerprint":"1049becf6f27b9b2"}
{"ts":"2026-09-13T17:37:18.023Z","level":"error","service":"pro4x4-rig-builder","env":"development","event":"request.error","requestId":"REQ-MU03JP3B-KQTCOX","method":"POST","path":"/api/v1/builds","status":403,"code":"origin_forbidden","fingerprint":"1049becf6f27b9b2"}
{"ts":"2026-09-13T17:37:18.023Z","level":"info","service":"pro4x4-rig-builder","env":"development","event":"request.complete","requestId":"REQ-MU03JP3B-KQTCOX","method":"POST","path":"/api/v1/builds","status":403,"durationMs":0,"fingerprint":"1049becf6f27b9b2"}
{"ts":"2026-09-13T17:37:18.026Z","level":"error","service":"pro4x4-rig-builder","env":"development","event":"request.error","requestId":"REQ-MU03JP3E-CVLPXA","method":"POST","path":"/api/v1/builds","status":413,"code":"payload_too_large","fingerprint":"1049becf6f27b9b2"}
{"ts":"2026-09-13T17:37:18.027Z","level":"info","service":"pro4x4-rig-builder","env":"development","event":"request.complete","requestId":"REQ-MU03JP3E-CVLPXA","method":"POST","path":"/api/v1/builds","status":413,"durationMs":0,"fingerprint":"1049becf6f27b9b2"}
{"ts":"2026-09-13T17:37:18.029Z","level":"info","service":"pro4x4-rig-builder","env":"development","event":"request.complete","requestId":"REQ-MU03JP3G-RNWHQY","method":"POST","path":"/api/v1/auth/logout","status":200,"durationMs":1,"fingerprint":"1049becf6f27b9b2"}
{"ts":"2026-09-13T17:37:18.031Z","level":"error","service":"pro4x4-rig-builder","env":"development","event":"request.error","requestId":"REQ-MU03JP3I-TFGA3C","method":"GET","path":"/api/v1/staff/quotes","status":403,"code":"forbidden","fingerprint":"1049becf6f27b9b2"}
{"ts":"2026-09-13T17:37:18.031Z","level":"info","service":"pro4x4-rig-builder","env":"development","event":"request.complete","requestId":"REQ-MU03JP3I-TFGA3C","method":"GET","path":"/api/v1/staff/quotes","status":403,"durationMs":0,"fingerprint":"1049becf6f27b9b2"}
{"ts":"2026-09-13T17:37:18.045Z","level":"info","service":"pro4x4-rig-builder","env":"development","event":"request.complete","requestId":"REQ-MU03JP3W-D34RIV","method":"GET","path":"/api/v1/auth/session","status":200,"durationMs":1,"fingerprint":"1049becf6f27b9b2"}
{"ts":"2026-09-13T17:37:18.046Z","level":"info","service":"pro4x4-rig-builder","env":"development","event":"request.complete","requestId":"REQ-MU03JP3Y-UEQHO7","method":"GET","path":"/api/v1/auth/session","status":200,"durationMs":0,"fingerprint":"1049becf6f27b9b2"}
{"ts":"2026-09-13T17:37:18.047Z","level":"info","service":"pro4x4-rig-builder","env":"development","event":"request.complete","requestId":"REQ-MU03JP3Z-07PAD1","method":"GET","path":"/api/v1/auth/session","status":200,"durationMs":0,"fingerprint":"1049becf6f27b9b2"}
{"ts":"2026-09-13T17:37:18.048Z","level":"error","service":"pro4x4-rig-builder","env":"development","event":"request.error","requestId":"REQ-MU03JP3Z-LKC8G5","method":"GET","path":"/api/v1/auth/session","status":429,"code":"rate_limited","fingerprint":"1049becf6f27b9b2"}
{"ts":"2026-09-13T17:37:18.048Z","level":"info","service":"pro4x4-rig-builder","env":"development","event":"request.complete","requestId":"REQ-MU03JP3Z-LKC8G5","method":"GET","path":"/api/v1/auth/session","status":429,"durationMs":0,"fingerprint":"1049becf6f27b9b2"}
{
  "schemaVersion": "0.12.0",
  "sessionCookie": true,
  "httpOnlyBoundary": true,
  "prototypeHeadersRejected": true,
  "ownerDefaultRole": "customer",
  "databaseMigration": 3,
  "securityHeaders": true,
  "crossOriginMutationBlocked": true,
  "bodyLimit": true,
  "rateLimit": true,
  "logoutRevocation": true,
  "status": "pass"
}
(node:1344) ExperimentalWarning: SQLite is an experimental feature and might change at any time
(Use `node --trace-warnings ...` to show where the warning was created)
{"ts":"2026-09-13T17:37:18.140Z","level":"info","service":"pro4x4-rig-builder","env":"development","event":"request.complete","requestId":"REQ-MU03JP6I-UX7P0F","method":"GET","path":"/api/v1/ready","status":200,"durationMs":2,"fingerprint":"1049becf6f27b9b2"}
{"ts":"2026-09-13T17:37:18.149Z","level":"info","service":"pro4x4-rig-builder","env":"development","event":"request.complete","requestId":"REQ-MU03JP6S-9MU8AV","method":"GET","path":"/metrics","status":401,"durationMs":0,"fingerprint":"1049becf6f27b9b2"}
{"ts":"2026-09-13T17:37:18.151Z","level":"info","service":"pro4x4-rig-builder","env":"development","event":"request.complete","requestId":"REQ-MU03JP6U-58RMO7","method":"GET","path":"/metrics","status":200,"durationMs":0,"fingerprint":"1049becf6f27b9b2"}
{"ts":"2026-09-13T17:37:18.154Z","level":"info","service":"pro4x4-rig-builder","env":"development","event":"request.complete","requestId":"REQ-MU03JP6X-ARO0P6","method":"GET","path":"/api/v1/auth/session","status":200,"durationMs":1,"fingerprint":"1049becf6f27b9b2"}
{"ts":"2026-09-13T17:37:18.156Z","level":"error","service":"pro4x4-rig-builder","env":"development","event":"request.error","requestId":"REQ-MU03JP70-OIQ8GR","method":"GET","path":"/api/v1/auth/session","status":401,"code":"invalid_gateway_signature","fingerprint":"1049becf6f27b9b2"}
{"ts":"2026-09-13T17:37:18.156Z","level":"info","service":"pro4x4-rig-builder","env":"development","event":"request.complete","requestId":"REQ-MU03JP70-OIQ8GR","method":"GET","path":"/api/v1/auth/session","status":401,"durationMs":0,"fingerprint":"1049becf6f27b9b2"}
Alpha 13 hosted readiness test passed
(node:1351) ExperimentalWarning: SQLite is an experimental feature and might change at any time
(Use `node --trace-warnings ...` to show where the warning was created)
{"ts":"2026-09-13T17:37:18.276Z","level":"info","service":"pro4x4-rig-builder","env":"development","event":"request.complete","requestId":"REQ-MU03JPAA-MX93R3","method":"GET","path":"/api/v1/ready","status":200,"durationMs":2,"fingerprint":"1049becf6f27b9b2"}
{"ts":"2026-09-13T17:37:18.284Z","level":"info","service":"pro4x4-rig-builder","env":"development","event":"request.complete","requestId":"REQ-MU03JPAJ-YV14R8","method":"GET","path":"/api/v1/staff/render-assets?vehicleId=nissan-y62-warrior-2025","status":200,"durationMs":1,"fingerprint":"1049becf6f27b9b2"}
{"ts":"2026-09-13T17:37:18.292Z","level":"error","service":"pro4x4-rig-builder","env":"development","event":"request.error","requestId":"REQ-MU03JPAQ-ALKC63","method":"PUT","path":"/api/v1/staff/render-assets/Y62-FRONT34-05-ELECTRICAL-FRONT","status":422,"code":"asset_gate_blocked","fingerprint":"1049becf6f27b9b2"}
{"ts":"2026-09-13T17:37:18.292Z","level":"info","service":"pro4x4-rig-builder","env":"development","event":"request.complete","requestId":"REQ-MU03JPAQ-ALKC63","method":"PUT","path":"/api/v1/staff/render-assets/Y62-FRONT34-05-ELECTRICAL-FRONT","status":422,"durationMs":2,"fingerprint":"1049becf6f27b9b2"}
{"ts":"2026-09-13T17:37:18.295Z","level":"info","service":"pro4x4-rig-builder","env":"development","event":"request.complete","requestId":"REQ-MU03JPAU-9E3QM4","method":"PUT","path":"/api/v1/staff/render-assets/Y62-FRONT34-05-ELECTRICAL-FRONT","status":200,"durationMs":1,"fingerprint":"1049becf6f27b9b2"}
{"ts":"2026-09-13T17:37:18.298Z","level":"error","service":"pro4x4-rig-builder","env":"development","event":"request.error","requestId":"REQ-MU03JPAX-2ZOI0S","method":"PUT","path":"/api/v1/staff/render-assets/Y62-FRONT34-05-ELECTRICAL-FRONT","status":422,"code":"asset_gate_blocked","fingerprint":"1049becf6f27b9b2"}
{"ts":"2026-09-13T17:37:18.299Z","level":"info","service":"pro4x4-rig-builder","env":"development","event":"request.complete","requestId":"REQ-MU03JPAX-2ZOI0S","method":"PUT","path":"/api/v1/staff/render-assets/Y62-FRONT34-05-ELECTRICAL-FRONT","status":422,"durationMs":1,"fingerprint":"1049becf6f27b9b2"}
{"ts":"2026-09-13T17:37:18.302Z","level":"info","service":"pro4x4-rig-builder","env":"development","event":"request.complete","requestId":"REQ-MU03JPB0-2VRCIR","method":"GET","path":"/api/v1/admin/backup","status":200,"durationMs":2,"fingerprint":"1049becf6f27b9b2"}
{"ts":"2026-09-13T17:37:18.305Z","level":"info","service":"pro4x4-rig-builder","env":"development","event":"request.complete","requestId":"REQ-MU03JPB4-M6SZCW","method":"GET","path":"/api/v1/staff/audit?entityType=render-asset&limit=100","status":200,"durationMs":1,"fingerprint":"1049becf6f27b9b2"}
{
  "alpha": 14,
  "assets": 22,
  "baseline": {
    "reference-only": 7,
    "asset-needed": 13,
    "blocked-fitment": 2
  },
  "productionGateReject": true,
  "candidatePromotion": true,
  "productionApprovalRequiresVault": true,
  "backupIncludesAssets": true,
  "migrationVersion": 5,
  "status": "pass"
}
(node:1358) ExperimentalWarning: SQLite is an experimental feature and might change at any time
(Use `node --trace-warnings ...` to show where the warning was created)
{"ts":"2026-09-13T17:37:18.418Z","level":"info","service":"pro4x4-rig-builder","env":"development","event":"request.complete","requestId":"REQ-MU03JPE7-3JIRFA","method":"GET","path":"/api/v1/staff/render-assets?vehicleId=nissan-y62-warrior-2025","status":200,"durationMs":3,"fingerprint":"1049becf6f27b9b2"}
{"ts":"2026-09-13T17:37:18.431Z","level":"error","service":"pro4x4-rig-builder","env":"development","event":"request.error","requestId":"REQ-MU03JPEL-BJS693","method":"PUT","path":"/api/v1/staff/render-assets/Y62-FRONT34-05-ELECTRICAL-FRONT","status":422,"code":"asset_gate_blocked","fingerprint":"1049becf6f27b9b2"}
{"ts":"2026-09-13T17:37:18.431Z","level":"info","service":"pro4x4-rig-builder","env":"development","event":"request.complete","requestId":"REQ-MU03JPEL-BJS693","method":"PUT","path":"/api/v1/staff/render-assets/Y62-FRONT34-05-ELECTRICAL-FRONT","status":422,"durationMs":2,"fingerprint":"1049becf6f27b9b2"}
{"ts":"2026-09-13T17:37:18.434Z","level":"error","service":"pro4x4-rig-builder","env":"development","event":"request.error","requestId":"REQ-MU03JPEP-I3UXST","method":"PUT","path":"/api/v1/staff/render-assets/Y62-FRONT34-05-ELECTRICAL-FRONT","status":422,"code":"asset_gate_blocked","fingerprint":"1049becf6f27b9b2"}
{"ts":"2026-09-13T17:37:18.434Z","level":"info","service":"pro4x4-rig-builder","env":"development","event":"request.complete","requestId":"REQ-MU03JPEP-I3UXST","method":"PUT","path":"/api/v1/staff/render-assets/Y62-FRONT34-05-ELECTRICAL-FRONT","status":422,"durationMs":1,"fingerprint":"1049becf6f27b9b2"}
{
  "alpha": 15,
  "inspector": {
    "format": "PNG",
    "width": 1672,
    "height": 941,
    "referenceHasAlpha": false,
    "sha256": true
  },
  "cameraProfile": "Y62-F34-V1",
  "lockedCanvas": {
    "width": 1672,
    "height": 615
  },
  "serverDimensionGate": true,
  "productionApprovalRequiresVault": true,
  "status": "pass"
}
(node:1369) ExperimentalWarning: SQLite is an experimental feature and might change at any time
(Use `node --trace-warnings ...` to show where the warning was created)
{"ts":"2026-09-13T17:37:18.557Z","level":"info","service":"pro4x4-rig-builder","env":"development","event":"request.complete","requestId":"REQ-MU03JPI3-N48RDB","method":"GET","path":"/api/v1/staff/render-assets?vehicleId=nissan-y62-warrior-2025","status":200,"durationMs":2,"fingerprint":"1049becf6f27b9b2"}
{"ts":"2026-09-13T17:37:18.575Z","level":"info","service":"pro4x4-rig-builder","env":"development","event":"request.complete","requestId":"REQ-MU03JPIG-VKS55U","method":"PUT","path":"/api/v1/staff/render-assets/Y62-FRONT34-01-BASE/binary","status":201,"durationMs":6,"fingerprint":"1049becf6f27b9b2"}
{"ts":"2026-09-13T17:37:18.579Z","level":"info","service":"pro4x4-rig-builder","env":"development","event":"request.complete","requestId":"REQ-MU03JPIP-XYAE72","method":"PUT","path":"/api/v1/staff/render-assets/Y62-FRONT34-01-BASE","status":200,"durationMs":2,"fingerprint":"1049becf6f27b9b2"}
{"ts":"2026-09-13T17:37:18.584Z","level":"info","service":"pro4x4-rig-builder","env":"development","event":"request.complete","requestId":"REQ-MU03JPIU-Z8B6WR","method":"GET","path":"/api/v1/render-assets/Y62-FRONT34-01-BASE/binary","status":200,"durationMs":1,"fingerprint":"1049becf6f27b9b2"}
{
  "alpha": 16,
  "vault": "content-addressed",
  "dimensions": "1672x615",
  "serverTransparencyVerified": true,
  "productionApproval": true,
  "publicImmutableBinary": true,
  "dbMigration": 5,
  "status": "pass"
}
(node:1376) ExperimentalWarning: SQLite is an experimental feature and might change at any time
(Use `node --trace-warnings ...` to show where the warning was created)
{"ts":"2026-09-13T17:37:18.705Z","level":"info","service":"pro4x4-rig-builder","env":"development","event":"request.complete","requestId":"REQ-MU03JPM2-SBHMNI","method":"PUT","path":"/api/v1/staff/render-assets/Y62-FRONT34-01-BASE/binary","status":201,"durationMs":7,"fingerprint":"b07a760ab58004d3"}
{"ts":"2026-09-13T17:37:18.709Z","level":"info","service":"pro4x4-rig-builder","env":"development","event":"request.complete","requestId":"REQ-MU03JPMC-Z2JYYZ","method":"GET","path":"/api/v1/admin/asset-vault/status","status":200,"durationMs":1,"fingerprint":"b07a760ab58004d3"}
{"ts":"2026-09-13T17:37:18.718Z","level":"info","service":"pro4x4-rig-builder","env":"development","event":"request.complete","requestId":"REQ-MU03JPME-48VGHU","method":"GET","path":"/api/v1/admin/asset-vault/status","status":200,"durationMs":8,"fingerprint":"b07a760ab58004d3"}
{"ts":"2026-09-13T17:37:18.720Z","level":"info","service":"pro4x4-rig-builder","env":"development","event":"request.complete","requestId":"REQ-MU03JPMN-WL1VHF","method":"POST","path":"/api/v1/admin/asset-vault/gc","status":200,"durationMs":1,"fingerprint":"b07a760ab58004d3"}
{"ts":"2026-09-13T17:37:18.721Z","level":"info","service":"pro4x4-rig-builder","env":"development","event":"request.complete","requestId":"REQ-MU03JPMO-0ZHKVF","method":"POST","path":"/api/v1/admin/asset-vault/gc","status":200,"durationMs":1,"fingerprint":"b07a760ab58004d3"}
{"ts":"2026-09-13T17:37:18.724Z","level":"info","service":"pro4x4-rig-builder","env":"development","event":"request.complete","requestId":"REQ-MU03JPMQ-U8F6F3","method":"GET","path":"/api/v1/admin/backup","status":200,"durationMs":2,"fingerprint":"b07a760ab58004d3"}
{"ts":"2026-09-13T17:37:18.727Z","level":"info","service":"pro4x4-rig-builder","env":"development","event":"request.complete","requestId":"REQ-MU03JPMU-AF512O","method":"GET","path":"/api/v1/admin/asset-vault/status","status":200,"durationMs":1,"fingerprint":"b07a760ab58004d3"}
Alpha 17 vault lifecycle: PASS · integrity, orphan dry-run/GC, backup manifest, corruption detection
(node:1383) ExperimentalWarning: SQLite is an experimental feature and might change at any time
(Use `node --trace-warnings ...` to show where the warning was created)
{"ts":"2026-09-13T17:37:18.847Z","level":"info","service":"pro4x4-rig-builder","env":"development","event":"request.complete","requestId":"REQ-MU03JPQ0-96I1OG","method":"PUT","path":"/api/v1/staff/render-assets/Y62-FRONT34-01-BASE/binary","status":201,"durationMs":7,"fingerprint":"b07a760ab58004d3"}
{"ts":"2026-09-13T17:37:18.851Z","level":"info","service":"pro4x4-rig-builder","env":"development","event":"request.complete","requestId":"REQ-MU03JPQ9-NMQ5ZB","method":"PUT","path":"/api/v1/staff/render-assets/Y62-FRONT34-01-BASE","status":200,"durationMs":2,"fingerprint":"b07a760ab58004d3"}
{"ts":"2026-09-13T17:37:18.854Z","level":"info","service":"pro4x4-rig-builder","env":"development","event":"request.complete","requestId":"REQ-MU03JPQD-DBMCMA","method":"GET","path":"/api/v1/render-assets/Y62-FRONT34-01-BASE/binary","status":200,"durationMs":1,"fingerprint":"b07a760ab58004d3"}
{"ts":"2026-09-13T17:37:18.859Z","level":"info","service":"pro4x4-rig-builder","env":"development","event":"request.complete","requestId":"REQ-MU03JPQF-YSK6WL","method":"POST","path":"/api/v1/staff/render-assets/Y62-FRONT34-01-BASE/versions","status":201,"durationMs":4,"fingerprint":"b07a760ab58004d3"}
{"ts":"2026-09-13T17:37:18.860Z","level":"info","service":"pro4x4-rig-builder","env":"development","event":"request.complete","requestId":"REQ-MU03JPQJ-4RWMSB","method":"GET","path":"/api/v1/render-assets/Y62-FRONT34-01-BASE/binary","status":200,"durationMs":0,"fingerprint":"b07a760ab58004d3"}
{"ts":"2026-09-13T17:37:18.861Z","level":"info","service":"pro4x4-rig-builder","env":"development","event":"request.complete","requestId":"REQ-MU03JPQK-7X3DIL","method":"GET","path":"/api/v1/staff/render-assets/Y62-FRONT34-01-BASE/versions","status":200,"durationMs":0,"fingerprint":"b07a760ab58004d3"}
{"ts":"2026-09-13T17:37:18.862Z","level":"info","service":"pro4x4-rig-builder","env":"development","event":"request.complete","requestId":"REQ-MU03JPQM-RCMWN4","method":"PUT","path":"/api/v1/staff/render-assets/Y62-FRONT34-01-BASE/versions/Y62-FRONT34-01-BASE-V0002","status":200,"durationMs":1,"fingerprint":"b07a760ab58004d3"}
{"ts":"2026-09-13T17:37:18.865Z","level":"info","service":"pro4x4-rig-builder","env":"development","event":"request.complete","requestId":"REQ-MU03JPQN-5KLR02","method":"POST","path":"/api/v1/staff/render-assets/Y62-FRONT34-01-BASE/versions/Y62-FRONT34-01-BASE-V0002/promote","status":200,"durationMs":2,"fingerprint":"b07a760ab58004d3"}
{"ts":"2026-09-13T17:37:18.867Z","level":"info","service":"pro4x4-rig-builder","env":"development","event":"request.complete","requestId":"REQ-MU03JPQQ-DRADVP","method":"GET","path":"/api/v1/render-assets/Y62-FRONT34-01-BASE/binary","status":200,"durationMs":0,"fingerprint":"b07a760ab58004d3"}
{"ts":"2026-09-13T17:37:18.868Z","level":"info","service":"pro4x4-rig-builder","env":"development","event":"request.complete","requestId":"REQ-MU03JPQS-02P779","method":"GET","path":"/api/v1/staff/render-assets/Y62-FRONT34-01-BASE/versions","status":200,"durationMs":0,"fingerprint":"b07a760ab58004d3"}
{"ts":"2026-09-13T17:37:18.871Z","level":"info","service":"pro4x4-rig-builder","env":"development","event":"request.complete","requestId":"REQ-MU03JPQT-EYYTTZ","method":"POST","path":"/api/v1/staff/render-assets/Y62-FRONT34-01-BASE/versions","status":201,"durationMs":2,"fingerprint":"b07a760ab58004d3"}
{"ts":"2026-09-13T17:37:18.872Z","level":"info","service":"pro4x4-rig-builder","env":"development","event":"request.complete","requestId":"REQ-MU03JPQW-22ANOG","method":"POST","path":"/api/v1/staff/render-assets/Y62-FRONT34-01-BASE/versions/Y62-FRONT34-01-BASE-V0003/reject","status":200,"durationMs":1,"fingerprint":"b07a760ab58004d3"}
{"ts":"2026-09-13T17:37:18.873Z","level":"info","service":"pro4x4-rig-builder","env":"development","event":"request.complete","requestId":"REQ-MU03JPQX-TYU4I6","method":"GET","path":"/api/v1/render-assets/Y62-FRONT34-01-BASE/binary","status":200,"durationMs":0,"fingerprint":"b07a760ab58004d3"}
{"ts":"2026-09-13T17:37:18.880Z","level":"info","service":"pro4x4-rig-builder","env":"development","event":"request.complete","requestId":"REQ-MU03JPQX-2D5L16","method":"GET","path":"/api/v1/admin/asset-vault/status","status":200,"durationMs":7,"fingerprint":"b07a760ab58004d3"}
{"ts":"2026-09-13T17:37:18.881Z","level":"info","service":"pro4x4-rig-builder","env":"development","event":"request.complete","requestId":"REQ-MU03JPR5-PNHCRQ","method":"POST","path":"/api/v1/admin/asset-vault/gc","status":200,"durationMs":1,"fingerprint":"b07a760ab58004d3"}
{"ts":"2026-09-13T17:37:18.884Z","level":"info","service":"pro4x4-rig-builder","env":"development","event":"request.complete","requestId":"REQ-MU03JPR6-YQ38R6","method":"GET","path":"/api/v1/admin/backup","status":200,"durationMs":2,"fingerprint":"b07a760ab58004d3"}
{"ts":"2026-09-13T17:37:18.890Z","level":"info","service":"pro4x4-rig-builder","env":"development","event":"request.complete","requestId":"REQ-MU03JPRB-LMBRVE","method":"POST","path":"/api/v1/admin/backup/restore","status":200,"durationMs":3,"fingerprint":"b07a760ab58004d3"}
{"ts":"2026-09-13T17:37:18.890Z","level":"info","service":"pro4x4-rig-builder","env":"development","event":"request.complete","requestId":"REQ-MU03JPRE-Z4RFGE","method":"GET","path":"/api/v1/staff/render-assets/Y62-FRONT34-01-BASE/versions","status":200,"durationMs":0,"fingerprint":"b07a760ab58004d3"}
{"ts":"2026-09-13T17:37:18.891Z","level":"info","service":"pro4x4-rig-builder","env":"development","event":"request.complete","requestId":"REQ-MU03JPRF-10HQ80","method":"GET","path":"/api/v1/render-assets/Y62-FRONT34-01-BASE/binary","status":200,"durationMs":0,"fingerprint":"b07a760ab58004d3"}
{
  "alpha": 18,
  "dbMigration": 5,
  "versionLineage": 3,
  "zeroDowntimeStaging": true,
  "atomicPromotion": true,
  "supersededBinaryRetained": true,
  "rejectedBinaryRetained": true,
  "vaultManifestHealthy": true,
  "backupRestoreLineage": true,
  "status": "pass"
}
(node:1390) ExperimentalWarning: SQLite is an experimental feature and might change at any time
(Use `node --trace-warnings ...` to show where the warning was created)
{"ts":"2026-09-13T17:37:18.994Z","level":"info","service":"pro4x4-rig-builder","env":"development","event":"request.complete","requestId":"REQ-MU03JPU2-WX79QH","method":"PUT","path":"/api/v1/staff/render-assets/Y62-FRONT34-01-BASE/binary","status":201,"durationMs":7,"fingerprint":"b07a760ab58004d3"}
{"ts":"2026-09-13T17:37:18.998Z","level":"info","service":"pro4x4-rig-builder","env":"development","event":"request.complete","requestId":"REQ-MU03JPUC-2GM7MK","method":"PUT","path":"/api/v1/staff/render-assets/Y62-FRONT34-01-BASE","status":200,"durationMs":2,"fingerprint":"b07a760ab58004d3"}
{"ts":"2026-09-13T17:37:19.005Z","level":"info","service":"pro4x4-rig-builder","env":"development","event":"request.complete","requestId":"REQ-MU03JPUF-FMVWPB","method":"POST","path":"/api/v1/staff/render-assets/Y62-FRONT34-01-BASE/versions","status":201,"durationMs":6,"fingerprint":"b07a760ab58004d3"}
{"ts":"2026-09-13T17:37:19.008Z","level":"info","service":"pro4x4-rig-builder","env":"development","event":"request.complete","requestId":"REQ-MU03JPUN-GZXAH0","method":"PUT","path":"/api/v1/staff/render-assets/Y62-FRONT34-01-BASE/versions/Y62-FRONT34-01-BASE-V0002","status":200,"durationMs":1,"fingerprint":"b07a760ab58004d3"}
{"ts":"2026-09-13T17:37:19.010Z","level":"info","service":"pro4x4-rig-builder","env":"development","event":"request.complete","requestId":"REQ-MU03JPUO-6S4GO9","method":"POST","path":"/api/v1/staff/render-assets/Y62-FRONT34-01-BASE/versions/Y62-FRONT34-01-BASE-V0002/promote","status":200,"durationMs":2,"fingerprint":"b07a760ab58004d3"}
{"ts":"2026-09-13T17:37:19.012Z","level":"info","service":"pro4x4-rig-builder","env":"development","event":"request.complete","requestId":"REQ-MU03JPUR-O02O0N","method":"GET","path":"/api/v1/staff/render-assets/Y62-FRONT34-01-BASE/versions/Y62-FRONT34-01-BASE-V0001/delivery","status":200,"durationMs":1,"fingerprint":"b07a760ab58004d3"}
{"ts":"2026-09-13T17:37:19.014Z","level":"info","service":"pro4x4-rig-builder","env":"development","event":"request.complete","requestId":"REQ-MU03JPUS-KREY4I","method":"GET","path":"/api/v1/render-assets/version-delivery/eyJhc3NldElkIjoiWTYyLUZST05UMzQtMDEtQkFTRSIsInZlcnNpb25JZCI6Ilk2Mi1GUk9OVDM0LTAxLUJBU0UtVjAwMDEiLCJvYmplY3RLZXkiOiJzaGEyNTYvOTUvOTUxZTE1NDFkMzgzNDBkN2Q0MmFiMjg1NTI3ODAzMTMwNGVlZmMyNWFjYzI5OWUzY2QzODhmMzQyNWY1MmYzOC5wbmciLCJjaGVja3N1bVNoYTI1NiI6Ijk1MWUxNTQxZDM4MzQwZDdkNDJhYjI4NTUyNzgwMzEzMDRlZWZjMjVhY2MyOTllM2NkMzg4ZjM0MjVmNTJmMzgiLCJleHAiOjE3ODkzMjExNTl9.iJKf0pe2AE24FZSNciHroUZCNVWDSmdNFnXMod-eiGI","status":200,"durationMs":1,"fingerprint":"b07a760ab58004d3"}
{"ts":"2026-09-13T17:37:19.016Z","level":"error","service":"pro4x4-rig-builder","env":"development","event":"request.error","requestId":"REQ-MU03JPUV-2Y8V50","method":"GET","path":"/api/v1/render-assets/version-delivery/eyJhc3NldElkIjoiWTYyLUZST05UMzQtMDEtQkFTRSIsInZlcnNpb25JZCI6Ilk2Mi1GUk9OVDM0LTAxLUJBU0UtVjAwMDEiLCJvYmplY3RLZXkiOiJzaGEyNTYvOTUvOTUxZTE1NDFkMzgzNDBkN2Q0MmFiMjg1NTI3ODAzMTMwNGVlZmMyNWFjYzI5OWUzY2QzODhmMzQyNWY1MmYzOC5wbmciLCJjaGVja3N1bVNoYTI1NiI6Ijk1MWUxNTQxZDM4MzQwZDdkNDJhYjI4NTUyNzgwMzEzMDRlZWZjMjVhY2MyOTllM2NkMzg4ZjM0MjVmNTJmMzgiLCJleHAiOjE3ODkzMjExNTl9.iJKf0pe2AE24FZSNciHroUZCNVWDSmdNFnXMod-eiGA","status":403,"code":"asset_delivery_invalid","fingerprint":"b07a760ab58004d3"}
{"ts":"2026-09-13T17:37:19.016Z","level":"info","service":"pro4x4-rig-builder","env":"development","event":"request.complete","requestId":"REQ-MU03JPUV-2Y8V50","method":"GET","path":"/api/v1/render-assets/version-delivery/eyJhc3NldElkIjoiWTYyLUZST05UMzQtMDEtQkFTRSIsInZlcnNpb25JZCI6Ilk2Mi1GUk9OVDM0LTAxLUJBU0UtVjAwMDEiLCJvYmplY3RLZXkiOiJzaGEyNTYvOTUvOTUxZTE1NDFkMzgzNDBkN2Q0MmFiMjg1NTI3ODAzMTMwNGVlZmMyNWFjYzI5OWUzY2QzODhmMzQyNWY1MmYzOC5wbmciLCJjaGVja3N1bVNoYTI1NiI6Ijk1MWUxNTQxZDM4MzQwZDdkNDJhYjI4NTUyNzgwMzEzMDRlZWZjMjVhY2MyOTllM2NkMzg4ZjM0MjVmNTJmMzgiLCJleHAiOjE3ODkzMjExNTl9.iJKf0pe2AE24FZSNciHroUZCNVWDSmdNFnXMod-eiGA","status":403,"durationMs":1,"fingerprint":"b07a760ab58004d3"}
{"ts":"2026-09-13T17:37:19.017Z","level":"info","service":"pro4x4-rig-builder","env":"development","event":"request.complete","requestId":"REQ-MU03JPUW-KQWBS0","method":"GET","path":"/api/v1/render-assets/Y62-FRONT34-01-BASE/binary","status":200,"durationMs":1,"fingerprint":"b07a760ab58004d3"}
{"ts":"2026-09-13T17:37:19.074Z","level":"info","service":"pro4x4-rig-builder","env":"development","event":"request.complete","requestId":"REQ-MU03JPVM-JNPTWF","method":"PUT","path":"/api/v1/staff/render-assets/Y62-FRONT34-01-BASE/binary","status":201,"durationMs":32,"fingerprint":"b07a760ab58004d3"}
{"ts":"2026-09-13T17:37:19.076Z","level":"info","service":"pro4x4-rig-builder","env":"development","event":"request.complete","requestId":"REQ-MU03JPWJ-U6J3KO","method":"PUT","path":"/api/v1/staff/render-assets/Y62-FRONT34-01-BASE","status":200,"durationMs":1,"fingerprint":"b07a760ab58004d3"}
{"ts":"2026-09-13T17:37:19.085Z","level":"info","service":"pro4x4-rig-builder","env":"development","event":"request.complete","requestId":"REQ-MU03JPWL-K7OGMU","method":"GET","path":"/api/v1/staff/render-assets/Y62-FRONT34-01-BASE/versions/Y62-FRONT34-01-BASE-V0001/delivery","status":200,"durationMs":7,"fingerprint":"b07a760ab58004d3"}
{"ts":"2026-09-13T17:37:19.090Z","level":"info","service":"pro4x4-rig-builder","env":"development","event":"request.complete","requestId":"REQ-MU03JPWX-C5YYT2","method":"GET","path":"/api/v1/render-assets/Y62-FRONT34-01-BASE/binary","status":302,"durationMs":1,"fingerprint":"b07a760ab58004d3"}
{"ts":"2026-09-13T17:37:19.095Z","level":"info","service":"pro4x4-rig-builder","env":"development","event":"request.complete","requestId":"REQ-MU03JPWY-Y4704C","method":"GET","path":"/api/v1/admin/asset-vault/status","status":200,"durationMs":4,"fingerprint":"b07a760ab58004d3"}
{"ts":"2026-09-13T17:37:19.095Z","level":"info","service":"pro4x4-rig-builder","env":"development","event":"request.complete","requestId":"REQ-MU03JPX3-Y9MXPL","method":"GET","path":"/asset-registry.html","status":200,"durationMs":0,"fingerprint":"b07a760ab58004d3"}
{
  "alpha": 19,
  "dbMigration": 5,
  "signedHistoricalDelivery": true,
  "tamperRejected": true,
  "productionPointerStable": true,
  "s3SigV4": true,
  "presignedHistoricalDelivery": true,
  "cdnProductionRedirect": true,
  "cdnCspAllowed": true,
  "remoteIntegrityScan": true,
  "noFakeProductionSeed": true,
  "status": "pass"
}
(node:1397) ExperimentalWarning: SQLite is an experimental feature and might change at any time
(Use `node --trace-warnings ...` to show where the warning was created)
{"ts":"2026-09-13T17:37:19.203Z","level":"info","service":"pro4x4-rig-builder","env":"development","event":"request.complete","requestId":"REQ-MU03JPZZ-FZ3IUO","method":"POST","path":"/api/v1/render/resolve","status":200,"durationMs":3,"fingerprint":"b07a760ab58004d3"}
{"ts":"2026-09-13T17:37:19.205Z","level":"info","service":"pro4x4-rig-builder","env":"development","event":"request.complete","requestId":"REQ-MU03JQ05-HLWF05","method":"POST","path":"/api/v1/render/resolve","status":200,"durationMs":1,"fingerprint":"b07a760ab58004d3"}
{"ts":"2026-09-13T17:37:19.212Z","level":"info","service":"pro4x4-rig-builder","env":"development","event":"request.complete","requestId":"REQ-MU03JQ06-GCXKJX","method":"PUT","path":"/api/v1/staff/render-assets/Y62-FRONT34-01-BASE/binary","status":201,"durationMs":6,"fingerprint":"b07a760ab58004d3"}
{"ts":"2026-09-13T17:37:19.215Z","level":"info","service":"pro4x4-rig-builder","env":"development","event":"request.complete","requestId":"REQ-MU03JQ0D-GSEAYO","method":"PUT","path":"/api/v1/staff/render-assets/Y62-FRONT34-01-BASE","status":200,"durationMs":2,"fingerprint":"b07a760ab58004d3"}
{"ts":"2026-09-13T17:37:19.217Z","level":"info","service":"pro4x4-rig-builder","env":"development","event":"request.complete","requestId":"REQ-MU03JQ0G-2TW8YM","method":"POST","path":"/api/v1/render/resolve","status":200,"durationMs":1,"fingerprint":"b07a760ab58004d3"}
{"ts":"2026-09-13T17:37:19.219Z","level":"info","service":"pro4x4-rig-builder","env":"development","event":"request.complete","requestId":"REQ-MU03JQ0I-31L62W","method":"GET","path":"/api/v1/render-assets/Y62-FRONT34-01-BASE/binary?sha=ffadaa37ecaa9f6a91bc7c7df4bd78f18ab05b1be135b7de05d7784c09c65941","status":200,"durationMs":1,"fingerprint":"b07a760ab58004d3"}
{"ts":"2026-09-13T17:37:19.221Z","level":"info","service":"pro4x4-rig-builder","env":"development","event":"request.complete","requestId":"REQ-MU03JQ0K-PAQAKV","method":"GET","path":"/api/v1/render-assets/Y62-FRONT34-01-BASE/binary?sha=0000000000000000000000000000000000000000000000000000000000000000","status":409,"durationMs":1,"fingerprint":"b07a760ab58004d3"}
{
  "alpha": 20,
  "dbMigration": 5,
  "publicResolver": true,
  "states": [
    "available",
    "missing",
    "blocked"
  ],
  "exactSkuNoSubstitution": true,
  "checksumPinnedBinary": true,
  "customerReferenceFallback": "none",
  "partialStackSupported": true,
  "noFakeProductionSeed": true,
  "status": "pass"
}
Alpha 21 render contract: PASS
(node:1411) ExperimentalWarning: SQLite is an experimental feature and might change at any time
(Use `node --trace-warnings ...` to show where the warning was created)
{"ts":"2026-09-13T17:37:19.315Z","level":"info","service":"pro4x4-rig-builder","env":"development","event":"request.complete","requestId":"REQ-MU03JQ34-CIC58A","method":"POST","path":"/api/v1/render/resolve","status":200,"durationMs":3,"fingerprint":"b07a760ab58004d3"}
{"ts":"2026-09-13T17:37:19.323Z","level":"info","service":"pro4x4-rig-builder","env":"development","event":"request.complete","requestId":"REQ-MU03JQ39-3ENHH2","method":"PUT","path":"/api/v1/staff/render-assets/Y62-FRONT34-01-BASE/binary","status":201,"durationMs":6,"fingerprint":"b07a760ab58004d3"}
{"ts":"2026-09-13T17:37:19.326Z","level":"info","service":"pro4x4-rig-builder","env":"development","event":"request.complete","requestId":"REQ-MU03JQ3G-AAYF1L","method":"PUT","path":"/api/v1/staff/render-assets/Y62-FRONT34-01-BASE","status":200,"durationMs":2,"fingerprint":"b07a760ab58004d3"}
{"ts":"2026-09-13T17:37:19.328Z","level":"info","service":"pro4x4-rig-builder","env":"development","event":"request.complete","requestId":"REQ-MU03JQ3J-RWRB02","method":"POST","path":"/api/v1/render/resolve","status":200,"durationMs":1,"fingerprint":"b07a760ab58004d3"}
{"ts":"2026-09-13T17:37:19.329Z","level":"info","service":"pro4x4-rig-builder","env":"development","event":"request.complete","requestId":"REQ-MU03JQ3K-Y455IC","method":"POST","path":"/api/v1/render/telemetry","status":202,"durationMs":1,"fingerprint":"b07a760ab58004d3"}
{"ts":"2026-09-13T17:37:19.331Z","level":"info","service":"pro4x4-rig-builder","env":"development","event":"request.complete","requestId":"REQ-MU03JQ3N-5AP65W","method":"GET","path":"/api/v1/staff/render-telemetry?vehicleId=nissan-y62-warrior-2025&viewId=front34&limit=10","status":200,"durationMs":0,"fingerprint":"b07a760ab58004d3"}
{
  "alpha": 22,
  "dbMigration": 6,
  "paintStateExactMatch": true,
  "wheelStateExactMatch": true,
  "validatedPaintsSelectable": 4,
  "loadRetryAttempts": 3,
  "telemetryPersisted": true,
  "staffTelemetry": true,
  "backupTelemetry": true,
  "noFallback": true,
  "noFakeProductionSeed": true,
  "status": "pass"
}
(node:1418) ExperimentalWarning: SQLite is an experimental feature and might change at any time
(Use `node --trace-warnings ...` to show where the warning was created)
{"ts":"2026-09-13T17:37:19.408Z","level":"info","service":"pro4x4-rig-builder","env":"development","event":"request.complete","requestId":"REQ-MU03JQ5P-M15C5E","method":"GET","path":"/api/v1/staff/render-readiness?vehicleId=nissan-y62-warrior-2025","status":200,"durationMs":2,"fingerprint":"b07a760ab58004d3"}
{"ts":"2026-09-13T17:37:19.415Z","level":"info","service":"pro4x4-rig-builder","env":"development","event":"request.complete","requestId":"REQ-MU03JQ5V-9C3WM8","method":"POST","path":"/api/v1/staff/render-readiness/slots/sync","status":200,"durationMs":4,"fingerprint":"b07a760ab58004d3"}
{"ts":"2026-09-13T17:37:19.419Z","level":"info","service":"pro4x4-rig-builder","env":"development","event":"request.complete","requestId":"REQ-MU03JQ61-PB5YK8","method":"POST","path":"/api/v1/staff/render-readiness/slots/sync","status":200,"durationMs":2,"fingerprint":"b07a760ab58004d3"}
{
  "alpha": 23,
  "plannedCoreSlots": 15,
  "existingCoreSlots": 6,
  "createdAssetNeededSlots": 9,
  "idempotentSync": true,
  "productionReadySeed": 0,
  "readinessMatrix": true,
  "telemetryHealth": true,
  "noFakeLayerRule": true,
  "status": "pass"
}
merged-alpha23: PASS — 2 vehicles, original 20-product Ranger baseline preserved (39 current), Y62 Alpha 22 preserved
merged-project-handoff-alpha24: PASS — Ranger + Y62 use one immutable project/quote/share contract with no render fallback
multi-vehicle-pipeline-alpha24: PASS — both proof vehicles persist as immutable projects; Ranger queue handoff retains project lineage and fitment gate
(node:1439) ExperimentalWarning: SQLite is an experimental feature and might change at any time
(Use `node --trace-warnings ...` to show where the warning was created)
Alpha 25 parallel workstream governance verified.
Alpha 26 parallel visual governance: PASS
Alpha 26 parallel push 02: PASS
(node:1467) ExperimentalWarning: SQLite is an experimental feature and might change at any time
(Use `node --trace-warnings ...` to show where the warning was created)
{"ts":"2026-09-13T17:37:19.667Z","level":"info","service":"pro4x4-rig-builder","env":"development","event":"request.complete","requestId":"REQ-MU03JQCX-88U9AZ","method":"GET","path":"/api/v1/staff/render-assets?vehicleId=nissan-y62-warrior-2025","status":200,"durationMs":2,"fingerprint":"1049becf6f27b9b2"}
{"ts":"2026-09-13T17:37:19.683Z","level":"info","service":"pro4x4-rig-builder","env":"development","event":"request.complete","requestId":"REQ-MU03JQD9-UMCPM6","method":"POST","path":"/api/v1/staff/visual-governance/sync","status":200,"durationMs":6,"fingerprint":"1049becf6f27b9b2"}
{"ts":"2026-09-13T17:37:19.686Z","level":"info","service":"pro4x4-rig-builder","env":"development","event":"request.complete","requestId":"REQ-MU03JQDH-W9BC4R","method":"GET","path":"/api/v1/staff/render-assets?vehicleId=nissan-y62-warrior-2025","status":200,"durationMs":1,"fingerprint":"1049becf6f27b9b2"}
{"ts":"2026-09-13T17:37:19.689Z","level":"info","service":"pro4x4-rig-builder","env":"development","event":"request.complete","requestId":"REQ-MU03JQDK-K4GYX5","method":"GET","path":"/api/v1/staff/render-assets/OWNER-Y62-F34-01/reference-source","status":200,"durationMs":1,"fingerprint":"1049becf6f27b9b2"}
{"ts":"2026-09-13T17:37:19.699Z","level":"info","service":"pro4x4-rig-builder","env":"development","event":"request.complete","requestId":"REQ-MU03JQDP-1FUZVQ","method":"GET","path":"/references/y62-owner/IMG_4030.jpeg","status":404,"durationMs":5,"fingerprint":"1049becf6f27b9b2"}
{"ts":"2026-09-13T17:37:19.708Z","level":"info","service":"pro4x4-rig-builder","env":"development","event":"request.complete","requestId":"REQ-MU03JQE2-9KR2VV","method":"POST","path":"/api/v1/staff/visual-governance/sync","status":200,"durationMs":2,"fingerprint":"1049becf6f27b9b2"}
{
  "alpha": "26-wf4",
  "package": "persisted-visual-governance",
  "initialAssets": 22,
  "persistedAssets": 34,
  "ownerReferences": 9,
  "canonicalMasterSlots": 3,
  "idempotentSync": true,
  "productionEligible": 0,
  "staffReferenceVisibility": true,
  "protectedReferenceDelivery": true,
  "status": "pass"
}
WF1 Alpha 26 save/share integrity: PASS
WF3 Y62 F34 candidate Alpha 26: PASS
Alpha 26 parallel push 03: PASS
(node:1488) ExperimentalWarning: SQLite is an experimental feature and might change at any time
(Use `node --trace-warnings ...` to show where the warning was created)
Alpha 26 parallel push 04: PASS
(node:1495) ExperimentalWarning: SQLite is an experimental feature and might change at any time
(Use `node --trace-warnings ...` to show where the warning was created)
Alpha 26 parallel push 05: PASS
{
  "alpha": "26-wf4",
  "package": "review-evidence-visibility",
  "immutablePromotionEvidence": true,
  "versionLifecycleVisible": true,
  "canonicalReferencePackVisible": true,
  "recordHistoryVisible": true,
  "auditEvidenceVisible": true,
  "status": "pass"
}
(node:1509) ExperimentalWarning: SQLite is an experimental feature and might change at any time
(Use `node --trace-warnings ...` to show where the warning was created)
{
  "gate": "wf4-production-review-gate-alpha26",
  "directUnreviewedRejected": true,
  "reviewEvidencePersisted": true,
  "auditEvidencePersisted": true,
  "reviewEvidenceImmutable": true,
  "status": "pass"
}
(node:1516) ExperimentalWarning: SQLite is an experimental feature and might change at any time
(Use `node --trace-warnings ...` to show where the warning was created)
{
  "alpha": "26-wf4",
  "package": "canonical-view-registry",
  "canonicalMasters": 3,
  "ownerReferences": 9,
  "front34ReviewContract": "Y62-F34-V1-OVERLAY-01",
  "sideSourceGapVisible": true,
  "metadataBackfillPreservesReviewWork": true,
  "idempotent": true,
  "customerVisualPromotion": false,
  "status": "pass"
}
(node:1523) ExperimentalWarning: SQLite is an experimental feature and might change at any time
(Use `node --trace-warnings ...` to show where the warning was created)
{
  "alpha": "26-wf4",
  "package": "reference-provenance-intake",
  "ownerReferences": 9,
  "externalReferencePersisted": true,
  "canonicalBindingPersisted": true,
  "serverReferenceGate": true,
  "approvedReferenceStillNonProduction": true,
  "staffIntakeVisible": true,
  "status": "pass"
}
(node:1530) ExperimentalWarning: SQLite is an experimental feature and might change at any time
(Use `node --trace-warnings ...` to show where the warning was created)
{
  "alpha": "26-wf4",
  "package": "catalogue-fitment-governance",
  "baselineErrors": 0,
  "baselineWarnings": 12,
  "draftBlockersPersisted": true,
  "serverPublishGate": true,
  "anyOfDependenciesGoverned": true,
  "engineeringUncertaintyPreserved": true,
  "immutableCatalogueRevisions": [
    "Y62-CAT-001",
    "Y62-CAT-002"
  ],
  "auditGovernancePersisted": true,
  "staffGovernanceVisibility": true,
  "status": "pass"
}
(node:1537) ExperimentalWarning: SQLite is an experimental feature and might change at any time
(Use `node --trace-warnings ...` to show where the warning was created)
{
  "schemaVersion": "0.26.6",
  "accessories": 39,
  "previousManufacturerBackedSlice": 6,
  "evidenceRows": 20,
  "duplicateIds": 0,
  "duplicateSkus": 0,
  "unknownInstallPreserved": [
    "oa-toro-indicator-harness-ranger"
  ],
  "staffReviewPreserved": [
    "oa-egr-flare-endcaps-ranger",
    "oa-rear-protection-ranger"
  ],
  "status": "pass"
}
{
  "schemaVersion": "0.26.6",
  "accessories": 39,
  "newConfirmedRecords": 5,
  "evidenceRows": 20,
  "deferredForMissingExactFitment": [
    "TB-COM-RAL-STE-2XEVO-ASM0"
  ],
  "unknownInstallPreserved": [
    "oa-rally-hoop-stedi-pro-ranger",
    "oa-rally-hoop-9in-ranger",
    "oa-rally-hoop-7in-ranger",
    "oa-22in-slim-lightbar-ranger",
    "oa-deep-dish-floor-mats-ranger"
  ],
  "status": "pass"
}
WF3 Y62 F34 transparent candidate Alpha 26: PASS
{
  "gate": "wf4-project-quote-lineage-alpha26",
  "immutableProjectRevision": true,
  "persistedLineageSeal": true,
  "historicalShareBinding": true,
  "frozenMissingStateNoFallback": true,
  "approvedVersionEvidence": true,
  "referenceOutputRejected": true,
  "status": "pass"
}
(node:1565) ExperimentalWarning: SQLite is an experimental feature and might change at any time
(Use `node --trace-warnings ...` to show where the warning was created)
(node:1572) ExperimentalWarning: SQLite is an experimental feature and might change at any time
(Use `node --trace-warnings ...` to show where the warning was created)
{"ts":"2026-09-13T17:37:20.336Z","level":"info","service":"pro4x4-rig-builder","env":"development","event":"request.complete","requestId":"REQ-MU03JQVH-THVULD","method":"GET","path":"/api/v1/staff/quotes/P4X4-WF4-LINEAGE-HTTP/lineage","status":200,"durationMs":2,"fingerprint":"1049becf6f27b9b2"}
{"ts":"2026-09-13T17:37:20.344Z","level":"error","service":"pro4x4-rig-builder","env":"development","event":"request.error","requestId":"REQ-MU03JQVS-AAEM9L","method":"GET","path":"/api/v1/staff/quotes/P4X4-WF4-LINEAGE-HTTP/lineage","status":403,"code":"forbidden","fingerprint":"1049becf6f27b9b2"}
{"ts":"2026-09-13T17:37:20.345Z","level":"info","service":"pro4x4-rig-builder","env":"development","event":"request.complete","requestId":"REQ-MU03JQVS-AAEM9L","method":"GET","path":"/api/v1/staff/quotes/P4X4-WF4-LINEAGE-HTTP/lineage","status":403,"durationMs":0,"fingerprint":"1049becf6f27b9b2"}
{
  "gate": "wf4-project-quote-lineage-endpoint-alpha26",
  "staffEndpoint": true,
  "roleGuard": true,
  "persistedSeal": true,
  "frozenRenderState": true,
  "status": "pass"
}
(node:1579) ExperimentalWarning: SQLite is an experimental feature and might change at any time
(Use `node --trace-warnings ...` to show where the warning was created)
{"ts":"2026-09-13T17:37:20.467Z","level":"info","service":"pro4x4-rig-builder","env":"development","event":"request.complete","requestId":"REQ-MU03JQZ4-LIFPBH","method":"GET","path":"/api/v1/staff/audit/integrity","status":200,"durationMs":3,"fingerprint":"1049becf6f27b9b2"}
{"ts":"2026-09-13T17:37:20.475Z","level":"error","service":"pro4x4-rig-builder","env":"development","event":"request.error","requestId":"REQ-MU03JQZE-Z9CJR1","method":"GET","path":"/api/v1/staff/audit/integrity","status":403,"code":"forbidden","fingerprint":"1049becf6f27b9b2"}
{"ts":"2026-09-13T17:37:20.475Z","level":"info","service":"pro4x4-rig-builder","env":"development","event":"request.complete","requestId":"REQ-MU03JQZE-Z9CJR1","method":"GET","path":"/api/v1/staff/audit/integrity","status":403,"durationMs":0,"fingerprint":"1049becf6f27b9b2"}
{"ts":"2026-09-13T17:37:20.480Z","level":"info","service":"pro4x4-rig-builder","env":"development","event":"request.complete","requestId":"REQ-MU03JQZJ-RDW6FN","method":"GET","path":"/api/v1/staff/audit/integrity","status":200,"durationMs":1,"fingerprint":"1049becf6f27b9b2"}
{
  "gate": "wf4-audit-production-controls-alpha26",
  "sha256StandardVector": true,
  "fullySealedLedger": true,
  "visualGovernanceEvidenceSealed": true,
  "staffIntegrityEndpoint": true,
  "roleGuard": true,
  "tamperDetected": true,
  "productionBlockedOnBrokenAudit": true,
  "customerProductionPolicy": "REFERENCE_BACKED_APPROVED_VISUALS_ONLY unchanged",
  "status": "pass"
}
{
  "gate": "wf4-canonical-review-evidence-alpha26",
  "canonicalMaster": "Y62-F34-V1-MASTER",
  "reviewContract": "Y62-F34-V1-OVERLAY-01",
  "requiredChecks": 8,
  "referenceSnapshots": 3,
  "directBypassBlocked": true,
  "incompleteReviewBlocked": true,
  "referenceMutationInvalidatesPromotion": true,
  "immutableEvidencePersisted": true,
  "referenceOnlyPreserved": true,
  "customerVisualPromotion": "synthetic test database only",
  "status": "pass"
}
(node:1586) ExperimentalWarning: SQLite is an experimental feature and might change at any time
(Use `node --trace-warnings ...` to show where the warning was created)
